Archive member included to satisfy reference by file (symbol)

c:/program files (x86)/gnu tools arm embedded/5.3 2016q1/bin/../lib/gcc/arm-none-eabi/5.3.1/../../../../arm-none-eabi/lib/armv7-m\libc.a(lib_a-exit.o)
                              c:/program files (x86)/gnu tools arm embedded/5.3 2016q1/bin/../lib/gcc/arm-none-eabi/5.3.1/../../../../arm-none-eabi/lib/armv7-m/crt0.o (exit)
c:/program files (x86)/gnu tools arm embedded/5.3 2016q1/bin/../lib/gcc/arm-none-eabi/5.3.1/../../../../arm-none-eabi/lib/armv7-m\libc.a(lib_a-impure.o)
                              c:/program files (x86)/gnu tools arm embedded/5.3 2016q1/bin/../lib/gcc/arm-none-eabi/5.3.1/../../../../arm-none-eabi/lib/armv7-m\libc.a(lib_a-exit.o) (_global_impure_ptr)
c:/program files (x86)/gnu tools arm embedded/5.3 2016q1/bin/../lib/gcc/arm-none-eabi/5.3.1/../../../../arm-none-eabi/lib/armv7-m\libc.a(lib_a-init.o)
                              c:/program files (x86)/gnu tools arm embedded/5.3 2016q1/bin/../lib/gcc/arm-none-eabi/5.3.1/../../../../arm-none-eabi/lib/armv7-m/crt0.o (__libc_init_array)
c:/program files (x86)/gnu tools arm embedded/5.3 2016q1/bin/../lib/gcc/arm-none-eabi/5.3.1/../../../../arm-none-eabi/lib/armv7-m\libc.a(lib_a-memset.o)
                              c:/program files (x86)/gnu tools arm embedded/5.3 2016q1/bin/../lib/gcc/arm-none-eabi/5.3.1/../../../../arm-none-eabi/lib/armv7-m/crt0.o (memset)
c:/program files (x86)/gnu tools arm embedded/5.3 2016q1/bin/../lib/gcc/arm-none-eabi/5.3.1/../../../../arm-none-eabi/lib/armv7-m\libc.a(lib_a-__call_atexit.o)
                              c:/program files (x86)/gnu tools arm embedded/5.3 2016q1/bin/../lib/gcc/arm-none-eabi/5.3.1/../../../../arm-none-eabi/lib/armv7-m\libc.a(lib_a-exit.o) (__call_exitprocs)
c:/program files (x86)/gnu tools arm embedded/5.3 2016q1/bin/../lib/gcc/arm-none-eabi/5.3.1/../../../../arm-none-eabi/lib/armv7-m\libc.a(lib_a-atexit.o)
                              c:/program files (x86)/gnu tools arm embedded/5.3 2016q1/bin/../lib/gcc/arm-none-eabi/5.3.1/../../../../arm-none-eabi/lib/armv7-m\libc.a(lib_a-__call_atexit.o) (atexit)
c:/program files (x86)/gnu tools arm embedded/5.3 2016q1/bin/../lib/gcc/arm-none-eabi/5.3.1/../../../../arm-none-eabi/lib/armv7-m\libc.a(lib_a-fini.o)
                              c:/program files (x86)/gnu tools arm embedded/5.3 2016q1/bin/../lib/gcc/arm-none-eabi/5.3.1/../../../../arm-none-eabi/lib/armv7-m\libc.a(lib_a-__call_atexit.o) (__libc_fini_array)
c:/program files (x86)/gnu tools arm embedded/5.3 2016q1/bin/../lib/gcc/arm-none-eabi/5.3.1/../../../../arm-none-eabi/lib/armv7-m\libc.a(lib_a-__atexit.o)
                              c:/program files (x86)/gnu tools arm embedded/5.3 2016q1/bin/../lib/gcc/arm-none-eabi/5.3.1/../../../../arm-none-eabi/lib/armv7-m\libc.a(lib_a-atexit.o) (__register_exitproc)
c:/program files (x86)/gnu tools arm embedded/5.3 2016q1/bin/../lib/gcc/arm-none-eabi/5.3.1/../../../../arm-none-eabi/lib/armv7-m\libg.a(lib_a-errno.o)
                              ..\obj\syscalls.o (__errno)
c:/program files (x86)/gnu tools arm embedded/5.3 2016q1/bin/../lib/gcc/arm-none-eabi/5.3.1/../../../../arm-none-eabi/lib/armv7-m\libg.a(lib_a-malloc.o)
                              ..\obj\stepperMotor.o (malloc)
c:/program files (x86)/gnu tools arm embedded/5.3 2016q1/bin/../lib/gcc/arm-none-eabi/5.3.1/../../../../arm-none-eabi/lib/armv7-m\libg.a(lib_a-mallocr.o)
                              c:/program files (x86)/gnu tools arm embedded/5.3 2016q1/bin/../lib/gcc/arm-none-eabi/5.3.1/../../../../arm-none-eabi/lib/armv7-m\libg.a(lib_a-malloc.o) (_malloc_r)
c:/program files (x86)/gnu tools arm embedded/5.3 2016q1/bin/../lib/gcc/arm-none-eabi/5.3.1/../../../../arm-none-eabi/lib/armv7-m\libg.a(lib_a-mlock.o)
                              c:/program files (x86)/gnu tools arm embedded/5.3 2016q1/bin/../lib/gcc/arm-none-eabi/5.3.1/../../../../arm-none-eabi/lib/armv7-m\libg.a(lib_a-mallocr.o) (__malloc_lock)
c:/program files (x86)/gnu tools arm embedded/5.3 2016q1/bin/../lib/gcc/arm-none-eabi/5.3.1/../../../../arm-none-eabi/lib/armv7-m\libg.a(lib_a-sbrkr.o)
                              c:/program files (x86)/gnu tools arm embedded/5.3 2016q1/bin/../lib/gcc/arm-none-eabi/5.3.1/../../../../arm-none-eabi/lib/armv7-m\libg.a(lib_a-mallocr.o) (_sbrk_r)
c:/program files (x86)/gnu tools arm embedded/5.3 2016q1/bin/../lib/gcc/arm-none-eabi/5.3.1/../../../../arm-none-eabi/lib/armv7-m\libg.a(lib_a-freer.o)
                              c:/program files (x86)/gnu tools arm embedded/5.3 2016q1/bin/../lib/gcc/arm-none-eabi/5.3.1/../../../../arm-none-eabi/lib/armv7-m\libg.a(lib_a-malloc.o) (_free_r)
c:/program files (x86)/gnu tools arm embedded/5.3 2016q1/bin/../lib/gcc/arm-none-eabi/5.3.1/../../../../arm-none-eabi/lib/armv7-m\libg.a(lib_a-reent.o)
                              c:/program files (x86)/gnu tools arm embedded/5.3 2016q1/bin/../lib/gcc/arm-none-eabi/5.3.1/../../../../arm-none-eabi/lib/armv7-m\libg.a(lib_a-sbrkr.o) (errno)

Allocating common symbols
Common symbol       size              file

errno               0x4               c:/program files (x86)/gnu tools arm embedded/5.3 2016q1/bin/../lib/gcc/arm-none-eabi/5.3.1/../../../../arm-none-eabi/lib/armv7-m\libg.a(lib_a-reent.o)
root                0x4               ..\obj\RelativeTimeLinkList.o
txBuffer            0x1               ..\obj\main.o

Discarded input sections

 .text          0x00000000        0x0 c:/program files (x86)/gnu tools arm embedded/5.3 2016q1/bin/../lib/gcc/arm-none-eabi/5.3.1/armv7-m/crti.o
 .data          0x00000000        0x0 c:/program files (x86)/gnu tools arm embedded/5.3 2016q1/bin/../lib/gcc/arm-none-eabi/5.3.1/armv7-m/crti.o
 .bss           0x00000000        0x0 c:/program files (x86)/gnu tools arm embedded/5.3 2016q1/bin/../lib/gcc/arm-none-eabi/5.3.1/armv7-m/crti.o
 .data          0x00000000        0x4 c:/program files (x86)/gnu tools arm embedded/5.3 2016q1/bin/../lib/gcc/arm-none-eabi/5.3.1/armv7-m/crtbegin.o
 .text          0x00000000       0x74 c:/program files (x86)/gnu tools arm embedded/5.3 2016q1/bin/../lib/gcc/arm-none-eabi/5.3.1/../../../../arm-none-eabi/lib/armv7-m/crt0.o
 .data          0x00000000        0x0 c:/program files (x86)/gnu tools arm embedded/5.3 2016q1/bin/../lib/gcc/arm-none-eabi/5.3.1/../../../../arm-none-eabi/lib/armv7-m/crt0.o
 .bss           0x00000000        0x0 c:/program files (x86)/gnu tools arm embedded/5.3 2016q1/bin/../lib/gcc/arm-none-eabi/5.3.1/../../../../arm-none-eabi/lib/armv7-m/crt0.o
 .ARM.extab     0x00000000        0x0 c:/program files (x86)/gnu tools arm embedded/5.3 2016q1/bin/../lib/gcc/arm-none-eabi/5.3.1/../../../../arm-none-eabi/lib/armv7-m/crt0.o
 .ARM.exidx     0x00000000        0x8 c:/program files (x86)/gnu tools arm embedded/5.3 2016q1/bin/../lib/gcc/arm-none-eabi/5.3.1/../../../../arm-none-eabi/lib/armv7-m/crt0.o
 .ARM.attributes
                0x00000000       0x1b c:/program files (x86)/gnu tools arm embedded/5.3 2016q1/bin/../lib/gcc/arm-none-eabi/5.3.1/../../../../arm-none-eabi/lib/armv7-m/crt0.o
 .text          0x00000000        0x0 c:/program files (x86)/gnu tools arm embedded/5.3 2016q1/bin/../lib/gcc/arm-none-eabi/5.3.1/../../../../arm-none-eabi/lib/armv7-m\libc.a(lib_a-exit.o)
 .data          0x00000000        0x0 c:/program files (x86)/gnu tools arm embedded/5.3 2016q1/bin/../lib/gcc/arm-none-eabi/5.3.1/../../../../arm-none-eabi/lib/armv7-m\libc.a(lib_a-exit.o)
 .bss           0x00000000        0x0 c:/program files (x86)/gnu tools arm embedded/5.3 2016q1/bin/../lib/gcc/arm-none-eabi/5.3.1/../../../../arm-none-eabi/lib/armv7-m\libc.a(lib_a-exit.o)
 .text.exit     0x00000000       0x20 c:/program files (x86)/gnu tools arm embedded/5.3 2016q1/bin/../lib/gcc/arm-none-eabi/5.3.1/../../../../arm-none-eabi/lib/armv7-m\libc.a(lib_a-exit.o)
 .debug_frame   0x00000000       0x28 c:/program files (x86)/gnu tools arm embedded/5.3 2016q1/bin/../lib/gcc/arm-none-eabi/5.3.1/../../../../arm-none-eabi/lib/armv7-m\libc.a(lib_a-exit.o)
 .ARM.attributes
                0x00000000       0x2d c:/program files (x86)/gnu tools arm embedded/5.3 2016q1/bin/../lib/gcc/arm-none-eabi/5.3.1/../../../../arm-none-eabi/lib/armv7-m\libc.a(lib_a-exit.o)
 .text          0x00000000        0x0 c:/program files (x86)/gnu tools arm embedded/5.3 2016q1/bin/../lib/gcc/arm-none-eabi/5.3.1/../../../../arm-none-eabi/lib/armv7-m\libc.a(lib_a-impure.o)
 .data          0x00000000        0x0 c:/program files (x86)/gnu tools arm embedded/5.3 2016q1/bin/../lib/gcc/arm-none-eabi/5.3.1/../../../../arm-none-eabi/lib/armv7-m\libc.a(lib_a-impure.o)
 .bss           0x00000000        0x0 c:/program files (x86)/gnu tools arm embedded/5.3 2016q1/bin/../lib/gcc/arm-none-eabi/5.3.1/../../../../arm-none-eabi/lib/armv7-m\libc.a(lib_a-impure.o)
 .ARM.attributes
                0x00000000       0x2d c:/program files (x86)/gnu tools arm embedded/5.3 2016q1/bin/../lib/gcc/arm-none-eabi/5.3.1/../../../../arm-none-eabi/lib/armv7-m\libc.a(lib_a-impure.o)
 .text          0x00000000        0x0 c:/program files (x86)/gnu tools arm embedded/5.3 2016q1/bin/../lib/gcc/arm-none-eabi/5.3.1/../../../../arm-none-eabi/lib/armv7-m\libc.a(lib_a-init.o)
 .data          0x00000000        0x0 c:/program files (x86)/gnu tools arm embedded/5.3 2016q1/bin/../lib/gcc/arm-none-eabi/5.3.1/../../../../arm-none-eabi/lib/armv7-m\libc.a(lib_a-init.o)
 .bss           0x00000000        0x0 c:/program files (x86)/gnu tools arm embedded/5.3 2016q1/bin/../lib/gcc/arm-none-eabi/5.3.1/../../../../arm-none-eabi/lib/armv7-m\libc.a(lib_a-init.o)
 .debug_frame   0x00000000       0x2c c:/program files (x86)/gnu tools arm embedded/5.3 2016q1/bin/../lib/gcc/arm-none-eabi/5.3.1/../../../../arm-none-eabi/lib/armv7-m\libc.a(lib_a-init.o)
 .ARM.attributes
                0x00000000       0x2d c:/program files (x86)/gnu tools arm embedded/5.3 2016q1/bin/../lib/gcc/arm-none-eabi/5.3.1/../../../../arm-none-eabi/lib/armv7-m\libc.a(lib_a-init.o)
 .text          0x00000000        0x0 c:/program files (x86)/gnu tools arm embedded/5.3 2016q1/bin/../lib/gcc/arm-none-eabi/5.3.1/../../../../arm-none-eabi/lib/armv7-m\libc.a(lib_a-memset.o)
 .data          0x00000000        0x0 c:/program files (x86)/gnu tools arm embedded/5.3 2016q1/bin/../lib/gcc/arm-none-eabi/5.3.1/../../../../arm-none-eabi/lib/armv7-m\libc.a(lib_a-memset.o)
 .bss           0x00000000        0x0 c:/program files (x86)/gnu tools arm embedded/5.3 2016q1/bin/../lib/gcc/arm-none-eabi/5.3.1/../../../../arm-none-eabi/lib/armv7-m\libc.a(lib_a-memset.o)
 .text.memset   0x00000000       0x9c c:/program files (x86)/gnu tools arm embedded/5.3 2016q1/bin/../lib/gcc/arm-none-eabi/5.3.1/../../../../arm-none-eabi/lib/armv7-m\libc.a(lib_a-memset.o)
 .debug_frame   0x00000000       0x34 c:/program files (x86)/gnu tools arm embedded/5.3 2016q1/bin/../lib/gcc/arm-none-eabi/5.3.1/../../../../arm-none-eabi/lib/armv7-m\libc.a(lib_a-memset.o)
 .ARM.attributes
                0x00000000       0x2d c:/program files (x86)/gnu tools arm embedded/5.3 2016q1/bin/../lib/gcc/arm-none-eabi/5.3.1/../../../../arm-none-eabi/lib/armv7-m\libc.a(lib_a-memset.o)
 .text          0x00000000        0x0 c:/program files (x86)/gnu tools arm embedded/5.3 2016q1/bin/../lib/gcc/arm-none-eabi/5.3.1/../../../../arm-none-eabi/lib/armv7-m\libc.a(lib_a-__call_atexit.o)
 .data          0x00000000        0x0 c:/program files (x86)/gnu tools arm embedded/5.3 2016q1/bin/../lib/gcc/arm-none-eabi/5.3.1/../../../../arm-none-eabi/lib/armv7-m\libc.a(lib_a-__call_atexit.o)
 .bss           0x00000000        0x0 c:/program files (x86)/gnu tools arm embedded/5.3 2016q1/bin/../lib/gcc/arm-none-eabi/5.3.1/../../../../arm-none-eabi/lib/armv7-m\libc.a(lib_a-__call_atexit.o)
 .text.__call_exitprocs
                0x00000000       0xd8 c:/program files (x86)/gnu tools arm embedded/5.3 2016q1/bin/../lib/gcc/arm-none-eabi/5.3.1/../../../../arm-none-eabi/lib/armv7-m\libc.a(lib_a-__call_atexit.o)
 .debug_frame   0x00000000       0x50 c:/program files (x86)/gnu tools arm embedded/5.3 2016q1/bin/../lib/gcc/arm-none-eabi/5.3.1/../../../../arm-none-eabi/lib/armv7-m\libc.a(lib_a-__call_atexit.o)
 .ARM.attributes
                0x00000000       0x2d c:/program files (x86)/gnu tools arm embedded/5.3 2016q1/bin/../lib/gcc/arm-none-eabi/5.3.1/../../../../arm-none-eabi/lib/armv7-m\libc.a(lib_a-__call_atexit.o)
 .text          0x00000000        0x0 c:/program files (x86)/gnu tools arm embedded/5.3 2016q1/bin/../lib/gcc/arm-none-eabi/5.3.1/../../../../arm-none-eabi/lib/armv7-m\libc.a(lib_a-atexit.o)
 .data          0x00000000        0x0 c:/program files (x86)/gnu tools arm embedded/5.3 2016q1/bin/../lib/gcc/arm-none-eabi/5.3.1/../../../../arm-none-eabi/lib/armv7-m\libc.a(lib_a-atexit.o)
 .bss           0x00000000        0x0 c:/program files (x86)/gnu tools arm embedded/5.3 2016q1/bin/../lib/gcc/arm-none-eabi/5.3.1/../../../../arm-none-eabi/lib/armv7-m\libc.a(lib_a-atexit.o)
 .debug_frame   0x00000000       0x20 c:/program files (x86)/gnu tools arm embedded/5.3 2016q1/bin/../lib/gcc/arm-none-eabi/5.3.1/../../../../arm-none-eabi/lib/armv7-m\libc.a(lib_a-atexit.o)
 .ARM.attributes
                0x00000000       0x2d c:/program files (x86)/gnu tools arm embedded/5.3 2016q1/bin/../lib/gcc/arm-none-eabi/5.3.1/../../../../arm-none-eabi/lib/armv7-m\libc.a(lib_a-atexit.o)
 .text          0x00000000        0x0 c:/program files (x86)/gnu tools arm embedded/5.3 2016q1/bin/../lib/gcc/arm-none-eabi/5.3.1/../../../../arm-none-eabi/lib/armv7-m\libc.a(lib_a-fini.o)
 .data          0x00000000        0x0 c:/program files (x86)/gnu tools arm embedded/5.3 2016q1/bin/../lib/gcc/arm-none-eabi/5.3.1/../../../../arm-none-eabi/lib/armv7-m\libc.a(lib_a-fini.o)
 .bss           0x00000000        0x0 c:/program files (x86)/gnu tools arm embedded/5.3 2016q1/bin/../lib/gcc/arm-none-eabi/5.3.1/../../../../arm-none-eabi/lib/armv7-m\libc.a(lib_a-fini.o)
 .debug_frame   0x00000000       0x34 c:/program files (x86)/gnu tools arm embedded/5.3 2016q1/bin/../lib/gcc/arm-none-eabi/5.3.1/../../../../arm-none-eabi/lib/armv7-m\libc.a(lib_a-fini.o)
 .ARM.attributes
                0x00000000       0x2d c:/program files (x86)/gnu tools arm embedded/5.3 2016q1/bin/../lib/gcc/arm-none-eabi/5.3.1/../../../../arm-none-eabi/lib/armv7-m\libc.a(lib_a-fini.o)
 .text          0x00000000        0x0 c:/program files (x86)/gnu tools arm embedded/5.3 2016q1/bin/../lib/gcc/arm-none-eabi/5.3.1/../../../../arm-none-eabi/lib/armv7-m\libc.a(lib_a-__atexit.o)
 .data          0x00000000        0x0 c:/program files (x86)/gnu tools arm embedded/5.3 2016q1/bin/../lib/gcc/arm-none-eabi/5.3.1/../../../../arm-none-eabi/lib/armv7-m\libc.a(lib_a-__atexit.o)
 .bss           0x00000000        0x0 c:/program files (x86)/gnu tools arm embedded/5.3 2016q1/bin/../lib/gcc/arm-none-eabi/5.3.1/../../../../arm-none-eabi/lib/armv7-m\libc.a(lib_a-__atexit.o)
 .debug_frame   0x00000000       0x34 c:/program files (x86)/gnu tools arm embedded/5.3 2016q1/bin/../lib/gcc/arm-none-eabi/5.3.1/../../../../arm-none-eabi/lib/armv7-m\libc.a(lib_a-__atexit.o)
 .ARM.attributes
                0x00000000       0x2d c:/program files (x86)/gnu tools arm embedded/5.3 2016q1/bin/../lib/gcc/arm-none-eabi/5.3.1/../../../../arm-none-eabi/lib/armv7-m\libc.a(lib_a-__atexit.o)
 .data          0x00000000        0x0 ..\obj\stm32f10x_dma.o
 .bss           0x00000000        0x0 ..\obj\stm32f10x_dma.o
 .data          0x00000000        0x0 ..\obj\GPIO_setting.o
 .bss           0x00000000        0x0 ..\obj\GPIO_setting.o
 .data          0x00000000        0x0 ..\obj\Timer_setting.o
 .bss           0x00000000        0x0 ..\obj\Timer_setting.o
 .data          0x00000000        0x4 ..\obj\syscalls.o
 .data          0x00000000        0x0 ..\obj\stepperMotor.o
 .bss           0x00000000        0x0 ..\obj\stepperMotor.o
 .bss           0x00000000        0x0 ..\obj\system_stm32f10x.o
 .data          0x00000000        0x0 ..\obj\RelativeTimeLinkList.o
 .bss           0x00000000        0x0 ..\obj\RelativeTimeLinkList.o
 .data          0x00000000        0x0 ..\obj\DMA_setting.o
 .bss           0x00000000        0x0 ..\obj\DMA_setting.o
 .text          0x00000000       0x14 ..\obj\startup_stm32f103xb.o
 .data          0x00000000        0x0 ..\obj\startup_stm32f103xb.o
 .bss           0x00000000        0x0 ..\obj\startup_stm32f103xb.o
 .data          0x00000000        0x0 ..\obj\Coroutine.o
 .bss           0x00000000        0x0 ..\obj\Coroutine.o
 .data          0x00000000        0x0 ..\obj\stm32f10x_tim.o
 .bss           0x00000000        0x0 ..\obj\stm32f10x_tim.o
 .data          0x00000000        0x0 ..\obj\stm32f10x_gpio.o
 .bss           0x00000000        0x0 ..\obj\stm32f10x_gpio.o
 .data          0x00000000        0x0 ..\obj\SPI_setting.o
 .bss           0x00000000        0x0 ..\obj\SPI_setting.o
 .text          0x00000000        0x0 ..\obj\projectStruct.o
 .data          0x00000000        0x0 ..\obj\projectStruct.o
 .bss           0x00000000        0x0 ..\obj\projectStruct.o
 .debug_info    0x00000000       0x60 ..\obj\projectStruct.o
 .debug_abbrev  0x00000000       0x24 ..\obj\projectStruct.o
 .debug_aranges
                0x00000000       0x18 ..\obj\projectStruct.o
 .debug_line    0x00000000       0x1d ..\obj\projectStruct.o
 .debug_str     0x00000000      0x134 ..\obj\projectStruct.o
 .comment       0x00000000       0x6f ..\obj\projectStruct.o
 .ARM.attributes
                0x00000000       0x33 ..\obj\projectStruct.o
 .bss           0x00000000        0x0 ..\obj\stm32f10x_rcc.o
 .data          0x00000000        0x0 ..\obj\Linklist.o
 .bss           0x00000000        0x0 ..\obj\Linklist.o
 .data          0x00000000        0x0 ..\obj\stm32f10x_spi.o
 .bss           0x00000000        0x0 ..\obj\stm32f10x_spi.o
 .data          0x00000000        0x0 ..\obj\main.o
 .bss           0x00000000        0x0 ..\obj\main.o
 .text          0x00000000        0x0 c:/program files (x86)/gnu tools arm embedded/5.3 2016q1/bin/../lib/gcc/arm-none-eabi/5.3.1/../../../../arm-none-eabi/lib/armv7-m\libg.a(lib_a-errno.o)
 .data          0x00000000        0x0 c:/program files (x86)/gnu tools arm embedded/5.3 2016q1/bin/../lib/gcc/arm-none-eabi/5.3.1/../../../../arm-none-eabi/lib/armv7-m\libg.a(lib_a-errno.o)
 .bss           0x00000000        0x0 c:/program files (x86)/gnu tools arm embedded/5.3 2016q1/bin/../lib/gcc/arm-none-eabi/5.3.1/../../../../arm-none-eabi/lib/armv7-m\libg.a(lib_a-errno.o)
 .text          0x00000000        0x0 c:/program files (x86)/gnu tools arm embedded/5.3 2016q1/bin/../lib/gcc/arm-none-eabi/5.3.1/../../../../arm-none-eabi/lib/armv7-m\libg.a(lib_a-malloc.o)
 .data          0x00000000        0x0 c:/program files (x86)/gnu tools arm embedded/5.3 2016q1/bin/../lib/gcc/arm-none-eabi/5.3.1/../../../../arm-none-eabi/lib/armv7-m\libg.a(lib_a-malloc.o)
 .bss           0x00000000        0x0 c:/program files (x86)/gnu tools arm embedded/5.3 2016q1/bin/../lib/gcc/arm-none-eabi/5.3.1/../../../../arm-none-eabi/lib/armv7-m\libg.a(lib_a-malloc.o)
 .text.free     0x00000000       0x10 c:/program files (x86)/gnu tools arm embedded/5.3 2016q1/bin/../lib/gcc/arm-none-eabi/5.3.1/../../../../arm-none-eabi/lib/armv7-m\libg.a(lib_a-malloc.o)
 .text          0x00000000        0x0 c:/program files (x86)/gnu tools arm embedded/5.3 2016q1/bin/../lib/gcc/arm-none-eabi/5.3.1/../../../../arm-none-eabi/lib/armv7-m\libg.a(lib_a-mallocr.o)
 .data          0x00000000        0x0 c:/program files (x86)/gnu tools arm embedded/5.3 2016q1/bin/../lib/gcc/arm-none-eabi/5.3.1/../../../../arm-none-eabi/lib/armv7-m\libg.a(lib_a-mallocr.o)
 .bss           0x00000000        0x0 c:/program files (x86)/gnu tools arm embedded/5.3 2016q1/bin/../lib/gcc/arm-none-eabi/5.3.1/../../../../arm-none-eabi/lib/armv7-m\libg.a(lib_a-mallocr.o)
 .text          0x00000000        0x0 c:/program files (x86)/gnu tools arm embedded/5.3 2016q1/bin/../lib/gcc/arm-none-eabi/5.3.1/../../../../arm-none-eabi/lib/armv7-m\libg.a(lib_a-mlock.o)
 .data          0x00000000        0x0 c:/program files (x86)/gnu tools arm embedded/5.3 2016q1/bin/../lib/gcc/arm-none-eabi/5.3.1/../../../../arm-none-eabi/lib/armv7-m\libg.a(lib_a-mlock.o)
 .bss           0x00000000        0x0 c:/program files (x86)/gnu tools arm embedded/5.3 2016q1/bin/../lib/gcc/arm-none-eabi/5.3.1/../../../../arm-none-eabi/lib/armv7-m\libg.a(lib_a-mlock.o)
 .text          0x00000000        0x0 c:/program files (x86)/gnu tools arm embedded/5.3 2016q1/bin/../lib/gcc/arm-none-eabi/5.3.1/../../../../arm-none-eabi/lib/armv7-m\libg.a(lib_a-sbrkr.o)
 .data          0x00000000        0x0 c:/program files (x86)/gnu tools arm embedded/5.3 2016q1/bin/../lib/gcc/arm-none-eabi/5.3.1/../../../../arm-none-eabi/lib/armv7-m\libg.a(lib_a-sbrkr.o)
 .bss           0x00000000        0x0 c:/program files (x86)/gnu tools arm embedded/5.3 2016q1/bin/../lib/gcc/arm-none-eabi/5.3.1/../../../../arm-none-eabi/lib/armv7-m\libg.a(lib_a-sbrkr.o)
 .text          0x00000000        0x0 c:/program files (x86)/gnu tools arm embedded/5.3 2016q1/bin/../lib/gcc/arm-none-eabi/5.3.1/../../../../arm-none-eabi/lib/armv7-m\libg.a(lib_a-freer.o)
 .data          0x00000000        0x0 c:/program files (x86)/gnu tools arm embedded/5.3 2016q1/bin/../lib/gcc/arm-none-eabi/5.3.1/../../../../arm-none-eabi/lib/armv7-m\libg.a(lib_a-freer.o)
 .bss           0x00000000        0x0 c:/program files (x86)/gnu tools arm embedded/5.3 2016q1/bin/../lib/gcc/arm-none-eabi/5.3.1/../../../../arm-none-eabi/lib/armv7-m\libg.a(lib_a-freer.o)
 .text          0x00000000        0x0 c:/program files (x86)/gnu tools arm embedded/5.3 2016q1/bin/../lib/gcc/arm-none-eabi/5.3.1/../../../../arm-none-eabi/lib/armv7-m\libg.a(lib_a-reent.o)
 .data          0x00000000        0x0 c:/program files (x86)/gnu tools arm embedded/5.3 2016q1/bin/../lib/gcc/arm-none-eabi/5.3.1/../../../../arm-none-eabi/lib/armv7-m\libg.a(lib_a-reent.o)
 .bss           0x00000000        0x0 c:/program files (x86)/gnu tools arm embedded/5.3 2016q1/bin/../lib/gcc/arm-none-eabi/5.3.1/../../../../arm-none-eabi/lib/armv7-m\libg.a(lib_a-reent.o)
 .text.cleanup_glue
                0x00000000       0x1c c:/program files (x86)/gnu tools arm embedded/5.3 2016q1/bin/../lib/gcc/arm-none-eabi/5.3.1/../../../../arm-none-eabi/lib/armv7-m\libg.a(lib_a-reent.o)
 .text._reclaim_reent
                0x00000000       0x88 c:/program files (x86)/gnu tools arm embedded/5.3 2016q1/bin/../lib/gcc/arm-none-eabi/5.3.1/../../../../arm-none-eabi/lib/armv7-m\libg.a(lib_a-reent.o)
 .text          0x00000000        0x0 c:/program files (x86)/gnu tools arm embedded/5.3 2016q1/bin/../lib/gcc/arm-none-eabi/5.3.1/armv7-m/crtend.o
 .data          0x00000000        0x0 c:/program files (x86)/gnu tools arm embedded/5.3 2016q1/bin/../lib/gcc/arm-none-eabi/5.3.1/armv7-m/crtend.o
 .bss           0x00000000        0x0 c:/program files (x86)/gnu tools arm embedded/5.3 2016q1/bin/../lib/gcc/arm-none-eabi/5.3.1/armv7-m/crtend.o
 .eh_frame      0x00000000        0x4 c:/program files (x86)/gnu tools arm embedded/5.3 2016q1/bin/../lib/gcc/arm-none-eabi/5.3.1/armv7-m/crtend.o
 .jcr           0x00000000        0x4 c:/program files (x86)/gnu tools arm embedded/5.3 2016q1/bin/../lib/gcc/arm-none-eabi/5.3.1/armv7-m/crtend.o
 .ARM.attributes
                0x00000000       0x2d c:/program files (x86)/gnu tools arm embedded/5.3 2016q1/bin/../lib/gcc/arm-none-eabi/5.3.1/armv7-m/crtend.o
 .text          0x00000000        0x0 c:/program files (x86)/gnu tools arm embedded/5.3 2016q1/bin/../lib/gcc/arm-none-eabi/5.3.1/armv7-m/crtn.o
 .data          0x00000000        0x0 c:/program files (x86)/gnu tools arm embedded/5.3 2016q1/bin/../lib/gcc/arm-none-eabi/5.3.1/armv7-m/crtn.o
 .bss           0x00000000        0x0 c:/program files (x86)/gnu tools arm embedded/5.3 2016q1/bin/../lib/gcc/arm-none-eabi/5.3.1/armv7-m/crtn.o

Memory Configuration

Name             Origin             Length             Attributes
FLASH            0x08000000         0x00010000         xr
RAM              0x20000000         0x00005000         xrw
*default*        0x00000000         0xffffffff

Linker script and memory map

LOAD c:/program files (x86)/gnu tools arm embedded/5.3 2016q1/bin/../lib/gcc/arm-none-eabi/5.3.1/armv7-m/crti.o
LOAD c:/program files (x86)/gnu tools arm embedded/5.3 2016q1/bin/../lib/gcc/arm-none-eabi/5.3.1/armv7-m/crtbegin.o
LOAD c:/program files (x86)/gnu tools arm embedded/5.3 2016q1/bin/../lib/gcc/arm-none-eabi/5.3.1/../../../../arm-none-eabi/lib/armv7-m/crt0.o
                0x20004fff                _estack = 0x20004fff
                0x00000200                _Min_Heap_Size = 0x200
                0x00000400                _Min_Stack_Size = 0x400

.isr_vector     0x08000000      0x10c
                0x08000000                . = ALIGN (0x4)
 *(.isr_vector)
 .isr_vector    0x08000000      0x10c ..\obj\startup_stm32f103xb.o
                0x08000000                g_pfnVectors
                0x0800010c                . = ALIGN (0x4)

.text           0x0800010c     0x5170
                0x0800010c                . = ALIGN (0x4)
 *(.text)
 .text          0x0800010c       0x5c c:/program files (x86)/gnu tools arm embedded/5.3 2016q1/bin/../lib/gcc/arm-none-eabi/5.3.1/armv7-m/crtbegin.o
 .text          0x08000168      0x3f8 ..\obj\stm32f10x_dma.o
                0x08000168                DMA_DeInit
                0x080002e0                DMA_Init
                0x0800035c                DMA_StructInit
                0x080003b0                DMA_Cmd
                0x080003e8                DMA_ITConfig
                0x08000424                DMA_SetCurrDataCounter
                0x08000440                DMA_GetCurrDataCounter
                0x08000458                DMA_GetFlagStatus
                0x080004a8                DMA_ClearFlag
                0x080004dc                DMA_GetITStatus
                0x0800052c                DMA_ClearITPendingBit
 .text          0x08000560       0x34 ..\obj\GPIO_setting.o
                0x08000560                GPIO_conf
 .text          0x08000594       0xb4 ..\obj\Timer_setting.o
                0x08000594                Timer_conf
                0x080005d4                enableTimer
                0x08000614                updatePeriod
                0x08000630                getTime
 .text          0x08000648      0x270 ..\obj\syscalls.o
                0x08000648                initialise_monitor_handles
                0x08000654                _getpid
                0x08000664                _kill
                0x08000684                _exit
                0x08000698                _read
                0x080006d4                _write
                0x0800070c                _sbrk
                0x08000764                _close
                0x0800077c                _fstat
                0x0800079c                _isatty
                0x080007b0                _lseek
                0x080007c8                _open
                0x080007e4                _wait
                0x08000804                _unlink
                0x08000824                _times
                0x0800083c                _stat
                0x0800085c                _link
                0x0800087c                _fork
                0x08000894                _execve
 .text          0x080008b8      0x128 ..\obj\stepperMotor.o
                0x080008b8                motorInit
                0x08000918                setMotorID
                0x08000930                setCallBack
                0x0800094c                setPeriod
                0x08000968                stdMtr_drive_conf
                0x08000998                sendConfToShiftReg
                0x080009c4                outputData
 .text          0x080009e0      0x24c ..\obj\system_stm32f10x.o
                0x080009e0                SystemInit
                0x08000a48                SystemCoreClockUpdate
 .text          0x08000c2c      0x3b8 ..\obj\RelativeTimeLinkList.o
                0x08000c2c                updateCurTime
                0x08000c48                updateBaseTime
                0x08000c64                findTheNodeNearPeriodForBase
                0x08000cc4                getWholeActionTime
                0x08000cfc                updateActionTime
                0x08000d18                insertTimeElement
                0x08000d3c                timerListAdd
                0x08000e80                newTimerListAdd
                0x08000fb0                timerListDelete
 .text          0x08000fe4       0x50 ..\obj\DMA_setting.o
                0x08000fe4                DMA_conf
 .text          0x08001034      0x1d8 ..\obj\Coroutine.o
                0x08001034                TIM2_IRQHandler
                0x080010d8                coroutine
                0x0800110c                timerDelay
                0x08001188                headPointToNext
                0x080011e0                getMotorSetting
 .text          0x0800120c     0x1e0c ..\obj\stm32f10x_tim.o
                0x0800120c                TIM_DeInit
                0x08001438                TIM_TimeBaseInit
                0x08001530                TIM_OC1Init
                0x08001648                TIM_OC2Init
                0x08001758                TIM_OC3Init
                0x08001864                TIM_OC4Init
                0x08001934                TIM_ICInit
                0x080019dc                TIM_PWMIConfig
                0x08001a94                TIM_BDTRConfig
                0x08001ae4                TIM_TimeBaseStructInit
                0x08001b18                TIM_OCStructInit
                0x08001b5c                TIM_ICStructInit
                0x08001b8c                TIM_BDTRStructInit
                0x08001bc8                TIM_Cmd
                0x08001c08                TIM_CtrlPWMOutputs
                0x08001c54                TIM_ITConfig
                0x08001c9c                TIM_GenerateEvent
                0x08001cb8                TIM_DMAConfig
                0x08001ce0                TIM_DMACmd
                0x08001d28                TIM_InternalClockConfig
                0x08001d4c                TIM_ITRxExternalClockConfig
                0x08001d7c                TIM_TIxExternalClockConfig
                0x08001dd8                TIM_ETRClockMode1Config
                0x08001e38                TIM_ETRClockMode2Config
                0x08001e78                TIM_ETRConfig
                0x08001ecc                TIM_PrescalerConfig
                0x08001ef4                TIM_CounterModeConfig
                0x08001f2c                TIM_SelectInputTrigger
                0x08001f64                TIM_EncoderInterfaceConfig
                0x08001ffc                TIM_ForcedOC1Config
                0x08002034                TIM_ForcedOC2Config
                0x08002070                TIM_ForcedOC3Config
                0x080020a8                TIM_ForcedOC4Config
                0x080020e4                TIM_ARRPreloadConfig
                0x08002124                TIM_SelectCOM
                0x08002164                TIM_SelectCCDMA
                0x080021a4                TIM_CCPreloadControl
                0x080021e4                TIM_OC1PreloadConfig
                0x0800221c                TIM_OC2PreloadConfig
                0x08002258                TIM_OC3PreloadConfig
                0x08002290                TIM_OC4PreloadConfig
                0x080022cc                TIM_OC1FastConfig
                0x08002304                TIM_OC2FastConfig
                0x08002340                TIM_OC3FastConfig
                0x08002378                TIM_OC4FastConfig
                0x080023b4                TIM_ClearOC1Ref
                0x080023ec                TIM_ClearOC2Ref
                0x08002428                TIM_ClearOC3Ref
                0x08002460                TIM_ClearOC4Ref
                0x0800249c                TIM_OC1PolarityConfig
                0x080024d4                TIM_OC1NPolarityConfig
                0x0800250c                TIM_OC2PolarityConfig
                0x08002548                TIM_OC2NPolarityConfig
                0x08002584                TIM_OC3PolarityConfig
                0x080025c0                TIM_OC3NPolarityConfig
                0x080025fc                TIM_OC4PolarityConfig
                0x08002638                TIM_CCxCmd
                0x08002690                TIM_CCxNCmd
                0x080026e8                TIM_SelectOCxM
                0x08002794                TIM_UpdateDisableConfig
                0x080027d4                TIM_UpdateRequestConfig
                0x08002814                TIM_SelectHallSensor
                0x08002854                TIM_SelectOnePulseMode
                0x0800288c                TIM_SelectOutputTrigger
                0x080028c4                TIM_SelectSlaveMode
                0x080028fc                TIM_SelectMasterSlaveMode
                0x08002934                TIM_SetCounter
                0x08002950                TIM_SetAutoreload
                0x0800296c                TIM_SetCompare1
                0x08002988                TIM_SetCompare2
                0x080029a4                TIM_SetCompare3
                0x080029c0                TIM_SetCompare4
                0x080029e0                TIM_SetIC1Prescaler
                0x08002a18                TIM_SetIC2Prescaler
                0x08002a54                TIM_SetIC3Prescaler
                0x08002a8c                TIM_SetIC4Prescaler
                0x08002ac8                TIM_SetClockDivision
                0x08002b00                TIM_GetCapture1
                0x08002b18                TIM_GetCapture2
                0x08002b30                TIM_GetCapture3
                0x08002b48                TIM_GetCapture4
                0x08002b64                TIM_GetCounter
                0x08002b7c                TIM_GetPrescaler
                0x08002b94                TIM_GetFlagStatus
                0x08002bcc                TIM_ClearFlag
                0x08002bec                TIM_GetITStatus
                0x08002c40                TIM_ClearITPendingBit
 .text          0x08003018      0x5e8 ..\obj\stm32f10x_gpio.o
                0x08003018                GPIO_DeInit
                0x080030fc                GPIO_AFIODeInit
                0x08003114                GPIO_Init
                0x0800328c                GPIO_StructInit
                0x080032b4                GPIO_ReadInputDataBit
                0x080032e8                GPIO_ReadInputData
                0x08003300                GPIO_ReadOutputDataBit
                0x08003334                GPIO_ReadOutputData
                0x0800334c                GPIO_SetBits
                0x08003368                GPIO_ResetBits
                0x08003384                GPIO_WriteBit
                0x080033b4                GPIO_Write
                0x080033d0                GPIO_PinLockConfig
                0x08003414                GPIO_EventOutputConfig
                0x08003460                GPIO_EventOutputCmd
                0x08003480                GPIO_PinRemapConfig
                0x08003560                GPIO_EXTILineConfig
                0x080035e4                GPIO_ETH_MediaInterfaceConfig
 .text          0x08003600       0xd4 ..\obj\SPI_setting.o
                0x08003600                enableSPI
                0x08003640                SPI_conf
 .text          0x080036d4      0x7d0 ..\obj\stm32f10x_rcc.o
                0x080036d4                RCC_DeInit
                0x08003730                RCC_HSEConfig
                0x0800378c                RCC_WaitForHSEStartUp
                0x080037dc                RCC_AdjustHSICalibrationValue
                0x08003818                RCC_HSICmd
                0x08003838                RCC_PLLConfig
                0x08003874                RCC_PLLCmd
                0x08003894                RCC_SYSCLKConfig
                0x080038cc                RCC_GetSYSCLKSource
                0x080038e8                RCC_HCLKConfig
                0x08003920                RCC_PCLK1Config
                0x08003958                RCC_PCLK2Config
                0x08003990                RCC_ITConfig
                0x080039dc                RCC_USBCLKConfig
                0x080039f8                RCC_ADCCLKConfig
                0x08003a30                RCC_LSEConfig
                0x08003a70                RCC_LSICmd
                0x08003a90                RCC_RTCCLKConfig
                0x08003ab4                RCC_RTCCLKCmd
                0x08003ad4                RCC_GetClocksFreq
                0x08003c34                RCC_AHBPeriphClockCmd
                0x08003c70                RCC_APB2PeriphClockCmd
                0x08003cac                RCC_APB1PeriphClockCmd
                0x08003ce8                RCC_APB2PeriphResetCmd
                0x08003d24                RCC_APB1PeriphResetCmd
                0x08003d60                RCC_BackupResetCmd
                0x08003d80                RCC_ClockSecuritySystemCmd
                0x08003da0                RCC_MCOConfig
                0x08003dc0                RCC_GetFlagStatus
                0x08003e34                RCC_ClearFlag
                0x08003e50                RCC_GetITStatus
                0x08003e84                RCC_ClearITPendingBit
 .text          0x08003ea4      0x124 ..\obj\Linklist.o
                0x08003ea4                createLinkedList
                0x08003edc                createLinkedElement
                0x08003f0c                addList
                0x08003f68                addListInCycle
 .text          0x08003fc8      0x6e8 ..\obj\stm32f10x_spi.o
                0x08003fc8                SPI_I2S_DeInit
                0x0800403c                SPI_Init
                0x080040c4                I2S_Init
                0x0800422c                SPI_StructInit
                0x08004274                I2S_StructInit
                0x080042ac                SPI_Cmd
                0x080042ec                I2S_Cmd
                0x0800432c                SPI_I2S_ITConfig
                0x0800438c                SPI_I2S_DMACmd
                0x080043d4                SPI_I2S_SendData
                0x080043f0                SPI_I2S_ReceiveData
                0x08004408                SPI_NSSInternalSoftwareConfig
                0x0800444c                SPI_SSOutputCmd
                0x0800448c                SPI_DataSizeConfig
                0x080044c4                SPI_TransmitCRC
                0x080044e8                SPI_CalculateCRC
                0x08004528                SPI_GetCRC
                0x08004558                SPI_GetCRCPolynomial
                0x08004570                SPI_BiDirectionalLineConfig
                0x080045b0                SPI_I2S_GetFlagStatus
                0x080045e8                SPI_I2S_ClearFlag
                0x08004608                SPI_I2S_GetITStatus
                0x0800467c                SPI_I2S_ClearITPendingBit
 .text          0x080046b0      0x220 ..\obj\main.o
                0x080046e0                main
                0x08004768                SPI1_DMA1_Channel_init
                0x080047b0                Tim2_init
                0x08004814                SPI1_init
                0x080048a4                delay
 *(.text*)
 .text.__libc_init_array
                0x080048d0       0x50 c:/program files (x86)/gnu tools arm embedded/5.3 2016q1/bin/../lib/gcc/arm-none-eabi/5.3.1/../../../../arm-none-eabi/lib/armv7-m\libc.a(lib_a-init.o)
                0x080048d0                __libc_init_array
 .text.startup.register_fini
                0x08004920       0x14 c:/program files (x86)/gnu tools arm embedded/5.3 2016q1/bin/../lib/gcc/arm-none-eabi/5.3.1/../../../../arm-none-eabi/lib/armv7-m\libc.a(lib_a-__call_atexit.o)
 .text.atexit   0x08004934        0xc c:/program files (x86)/gnu tools arm embedded/5.3 2016q1/bin/../lib/gcc/arm-none-eabi/5.3.1/../../../../arm-none-eabi/lib/armv7-m\libc.a(lib_a-atexit.o)
                0x08004934                atexit
 .text.__libc_fini_array
                0x08004940       0x28 c:/program files (x86)/gnu tools arm embedded/5.3 2016q1/bin/../lib/gcc/arm-none-eabi/5.3.1/../../../../arm-none-eabi/lib/armv7-m\libc.a(lib_a-fini.o)
                0x08004940                __libc_fini_array
 .text.__register_exitproc
                0x08004968       0xa4 c:/program files (x86)/gnu tools arm embedded/5.3 2016q1/bin/../lib/gcc/arm-none-eabi/5.3.1/../../../../arm-none-eabi/lib/armv7-m\libc.a(lib_a-__atexit.o)
                0x08004968                __register_exitproc
 .text.Reset_Handler
                0x08004a0c       0x48 ..\obj\startup_stm32f103xb.o
                0x08004a0c                Reset_Handler
 .text.Default_Handler
                0x08004a54        0x2 ..\obj\startup_stm32f103xb.o
                0x08004a54                RTC_Alarm_IRQHandler
                0x08004a54                EXTI2_IRQHandler
                0x08004a54                DebugMon_Handler
                0x08004a54                TIM1_CC_IRQHandler
                0x08004a54                HardFault_Handler
                0x08004a54                SysTick_Handler
                0x08004a54                PVD_IRQHandler
                0x08004a54                PendSV_Handler
                0x08004a54                NMI_Handler
                0x08004a54                EXTI3_IRQHandler
                0x08004a54                EXTI0_IRQHandler
                0x08004a54                I2C2_EV_IRQHandler
                0x08004a54                UsageFault_Handler
                0x08004a54                ADC1_2_IRQHandler
                0x08004a54                SPI1_IRQHandler
                0x08004a54                TAMPER_IRQHandler
                0x08004a54                DMA1_Channel4_IRQHandler
                0x08004a54                USART3_IRQHandler
                0x08004a54                RTC_IRQHandler
                0x08004a54                DMA1_Channel7_IRQHandler
                0x08004a54                CAN1_RX1_IRQHandler
                0x08004a54                TIM4_IRQHandler
                0x08004a54                I2C1_EV_IRQHandler
                0x08004a54                DMA1_Channel6_IRQHandler
                0x08004a54                TIM3_IRQHandler
                0x08004a54                RCC_IRQHandler
                0x08004a54                TIM1_TRG_COM_IRQHandler
                0x08004a54                DMA1_Channel1_IRQHandler
                0x08004a54                Default_Handler
                0x08004a54                EXTI15_10_IRQHandler
                0x08004a54                EXTI9_5_IRQHandler
                0x08004a54                SPI2_IRQHandler
                0x08004a54                MemManage_Handler
                0x08004a54                SVC_Handler
                0x08004a54                DMA1_Channel5_IRQHandler
                0x08004a54                EXTI4_IRQHandler
                0x08004a54                USB_LP_CAN1_RX0_IRQHandler
                0x08004a54                USB_HP_CAN1_TX_IRQHandler
                0x08004a54                DMA1_Channel3_IRQHandler
                0x08004a54                TIM1_UP_IRQHandler
                0x08004a54                WWDG_IRQHandler
                0x08004a54                TIM1_BRK_IRQHandler
                0x08004a54                EXTI1_IRQHandler
                0x08004a54                USART2_IRQHandler
                0x08004a54                I2C2_ER_IRQHandler
                0x08004a54                DMA1_Channel2_IRQHandler
                0x08004a54                CAN1_SCE_IRQHandler
                0x08004a54                FLASH_IRQHandler
                0x08004a54                BusFault_Handler
                0x08004a54                USART1_IRQHandler
                0x08004a54                I2C1_ER_IRQHandler
                0x08004a54                USBWakeUp_IRQHandler
 *fill*         0x08004a56        0x2 
 .text.__errno  0x08004a58        0xc c:/program files (x86)/gnu tools arm embedded/5.3 2016q1/bin/../lib/gcc/arm-none-eabi/5.3.1/../../../../arm-none-eabi/lib/armv7-m\libg.a(lib_a-errno.o)
                0x08004a58                __errno
 .text.malloc   0x08004a64       0x10 c:/program files (x86)/gnu tools arm embedded/5.3 2016q1/bin/../lib/gcc/arm-none-eabi/5.3.1/../../../../arm-none-eabi/lib/armv7-m\libg.a(lib_a-malloc.o)
                0x08004a64                malloc
 .text._malloc_r
                0x08004a74      0x558 c:/program files (x86)/gnu tools arm embedded/5.3 2016q1/bin/../lib/gcc/arm-none-eabi/5.3.1/../../../../arm-none-eabi/lib/armv7-m\libg.a(lib_a-mallocr.o)
                0x08004a74                _malloc_r
 .text.__malloc_lock
                0x08004fcc        0x4 c:/program files (x86)/gnu tools arm embedded/5.3 2016q1/bin/../lib/gcc/arm-none-eabi/5.3.1/../../../../arm-none-eabi/lib/armv7-m\libg.a(lib_a-mlock.o)
                0x08004fcc                __malloc_lock
 .text.__malloc_unlock
                0x08004fd0        0x4 c:/program files (x86)/gnu tools arm embedded/5.3 2016q1/bin/../lib/gcc/arm-none-eabi/5.3.1/../../../../arm-none-eabi/lib/armv7-m\libg.a(lib_a-mlock.o)
                0x08004fd0                __malloc_unlock
 .text._sbrk_r  0x08004fd4       0x24 c:/program files (x86)/gnu tools arm embedded/5.3 2016q1/bin/../lib/gcc/arm-none-eabi/5.3.1/../../../../arm-none-eabi/lib/armv7-m\libg.a(lib_a-sbrkr.o)
                0x08004fd4                _sbrk_r
 .text._malloc_trim_r
                0x08004ff8       0x9c c:/program files (x86)/gnu tools arm embedded/5.3 2016q1/bin/../lib/gcc/arm-none-eabi/5.3.1/../../../../arm-none-eabi/lib/armv7-m\libg.a(lib_a-freer.o)
                0x08004ff8                _malloc_trim_r
 .text._free_r  0x08005094      0x1d0 c:/program files (x86)/gnu tools arm embedded/5.3 2016q1/bin/../lib/gcc/arm-none-eabi/5.3.1/../../../../arm-none-eabi/lib/armv7-m\libg.a(lib_a-freer.o)
                0x08005094                _free_r
 *(.glue_7)
 .glue_7        0x08005264        0x0 linker stubs
 *(.glue_7t)
 .glue_7t       0x08005264        0x0 linker stubs
 *(.eh_frame)
 .eh_frame      0x08005264        0x0 c:/program files (x86)/gnu tools arm embedded/5.3 2016q1/bin/../lib/gcc/arm-none-eabi/5.3.1/armv7-m/crtbegin.o
 *(.init)
 .init          0x08005264        0x4 c:/program files (x86)/gnu tools arm embedded/5.3 2016q1/bin/../lib/gcc/arm-none-eabi/5.3.1/armv7-m/crti.o
                0x08005264                _init
 .init          0x08005268        0x8 c:/program files (x86)/gnu tools arm embedded/5.3 2016q1/bin/../lib/gcc/arm-none-eabi/5.3.1/armv7-m/crtn.o
 *(.fini)
 .fini          0x08005270        0x4 c:/program files (x86)/gnu tools arm embedded/5.3 2016q1/bin/../lib/gcc/arm-none-eabi/5.3.1/armv7-m/crti.o
                0x08005270                _fini
 .fini          0x08005274        0x8 c:/program files (x86)/gnu tools arm embedded/5.3 2016q1/bin/../lib/gcc/arm-none-eabi/5.3.1/armv7-m/crtn.o
                0x0800527c                . = ALIGN (0x4)
                0x0800527c                _etext = .

.vfp11_veneer   0x0800527c        0x0
 .vfp11_veneer  0x0800527c        0x0 linker stubs

.v4_bx          0x0800527c        0x0
 .v4_bx         0x0800527c        0x0 linker stubs

.iplt           0x0800527c        0x0
 .iplt          0x0800527c        0x0 c:/program files (x86)/gnu tools arm embedded/5.3 2016q1/bin/../lib/gcc/arm-none-eabi/5.3.1/armv7-m/crtbegin.o

.rodata         0x0800527c        0x8
                0x0800527c                . = ALIGN (0x4)
 *(.rodata)
 *(.rodata*)
 .rodata.str1.4
                0x0800527c        0x4 c:/program files (x86)/gnu tools arm embedded/5.3 2016q1/bin/../lib/gcc/arm-none-eabi/5.3.1/../../../../arm-none-eabi/lib/armv7-m\libc.a(lib_a-impure.o)
                                  0x2 (size before relaxing)
 .rodata._global_impure_ptr
                0x08005280        0x4 c:/program files (x86)/gnu tools arm embedded/5.3 2016q1/bin/../lib/gcc/arm-none-eabi/5.3.1/../../../../arm-none-eabi/lib/armv7-m\libc.a(lib_a-impure.o)
                0x08005280                _global_impure_ptr
                0x08005284                . = ALIGN (0x4)

.rel.dyn        0x08005284        0x0
 .rel.iplt      0x08005284        0x0 c:/program files (x86)/gnu tools arm embedded/5.3 2016q1/bin/../lib/gcc/arm-none-eabi/5.3.1/armv7-m/crtbegin.o

.ARM.extab
 *(.ARM.extab* .gnu.linkonce.armextab.*)

.ARM            0x08005284        0x0
                0x08005284                __exidx_start = .
 *(.ARM.exidx*)
                0x08005284                __exidx_end = .

.preinit_array  0x08005284        0x0
                0x08005284                PROVIDE (__preinit_array_start, .)
 *(.preinit_array*)
                0x08005284                PROVIDE (__preinit_array_end, .)

.init_array     0x08005284        0x8
                0x08005284                PROVIDE (__init_array_start, .)
 *(SORT(.init_array.*))
 .init_array.00000
                0x08005284        0x4 c:/program files (x86)/gnu tools arm embedded/5.3 2016q1/bin/../lib/gcc/arm-none-eabi/5.3.1/../../../../arm-none-eabi/lib/armv7-m\libc.a(lib_a-__call_atexit.o)
 *(.init_array*)
 .init_array    0x08005288        0x4 c:/program files (x86)/gnu tools arm embedded/5.3 2016q1/bin/../lib/gcc/arm-none-eabi/5.3.1/armv7-m/crtbegin.o
                0x0800528c                PROVIDE (__init_array_end, .)

.fini_array     0x0800528c        0x4
                0x0800528c                PROVIDE (__fini_array_start, .)
 *(SORT(.fini_array.*))
 *(.fini_array*)
 .fini_array    0x0800528c        0x4 c:/program files (x86)/gnu tools arm embedded/5.3 2016q1/bin/../lib/gcc/arm-none-eabi/5.3.1/armv7-m/crtbegin.o
                0x08005290                PROVIDE (__fini_array_end, .)
                0x08005290                _sidata = LOADADDR (.data)

.data           0x20000000      0x864 load address 0x08005290
                0x20000000                . = ALIGN (0x4)
                0x20000000                _sdata = .
 *(.data)
 .data          0x20000000       0x14 ..\obj\system_stm32f10x.o
                0x20000000                SystemCoreClock
                0x20000004                AHBPrescTable
 .data          0x20000014       0x14 ..\obj\stm32f10x_rcc.o
 *(.data*)
 .data.impure_data
                0x20000028      0x428 c:/program files (x86)/gnu tools arm embedded/5.3 2016q1/bin/../lib/gcc/arm-none-eabi/5.3.1/../../../../arm-none-eabi/lib/armv7-m\libc.a(lib_a-impure.o)
 .data._impure_ptr
                0x20000450        0x4 c:/program files (x86)/gnu tools arm embedded/5.3 2016q1/bin/../lib/gcc/arm-none-eabi/5.3.1/../../../../arm-none-eabi/lib/armv7-m\libc.a(lib_a-impure.o)
                0x20000450                _impure_ptr
 .data.__malloc_av_
                0x20000454      0x408 c:/program files (x86)/gnu tools arm embedded/5.3 2016q1/bin/../lib/gcc/arm-none-eabi/5.3.1/../../../../arm-none-eabi/lib/armv7-m\libg.a(lib_a-mallocr.o)
                0x20000454                __malloc_av_
 .data.__malloc_trim_threshold
                0x2000085c        0x4 c:/program files (x86)/gnu tools arm embedded/5.3 2016q1/bin/../lib/gcc/arm-none-eabi/5.3.1/../../../../arm-none-eabi/lib/armv7-m\libg.a(lib_a-mallocr.o)
                0x2000085c                __malloc_trim_threshold
 .data.__malloc_sbrk_base
                0x20000860        0x4 c:/program files (x86)/gnu tools arm embedded/5.3 2016q1/bin/../lib/gcc/arm-none-eabi/5.3.1/../../../../arm-none-eabi/lib/armv7-m\libg.a(lib_a-mallocr.o)
                0x20000860                __malloc_sbrk_base
                0x20000864                . = ALIGN (0x4)
                0x20000864                _edata = .

.jcr            0x20000864        0x0 load address 0x08005af4
 .jcr           0x20000864        0x0 c:/program files (x86)/gnu tools arm embedded/5.3 2016q1/bin/../lib/gcc/arm-none-eabi/5.3.1/armv7-m/crtbegin.o

.igot.plt       0x20000864        0x0 load address 0x08005af4
 .igot.plt      0x20000864        0x0 c:/program files (x86)/gnu tools arm embedded/5.3 2016q1/bin/../lib/gcc/arm-none-eabi/5.3.1/armv7-m/crtbegin.o
                0x20000864                . = ALIGN (0x4)

.bss            0x20000864       0x64 load address 0x08005af4
                0x20000864                _sbss = .
                0x20000864                __bss_start__ = _sbss
 *(.bss)
 .bss           0x20000864       0x1c c:/program files (x86)/gnu tools arm embedded/5.3 2016q1/bin/../lib/gcc/arm-none-eabi/5.3.1/armv7-m/crtbegin.o
 .bss           0x20000880        0x8 ..\obj\syscalls.o
                0x20000880                __env
 *(.bss*)
 .bss.__malloc_max_total_mem
                0x20000888        0x4 c:/program files (x86)/gnu tools arm embedded/5.3 2016q1/bin/../lib/gcc/arm-none-eabi/5.3.1/../../../../arm-none-eabi/lib/armv7-m\libg.a(lib_a-mallocr.o)
                0x20000888                __malloc_max_total_mem
 .bss.__malloc_max_sbrked_mem
                0x2000088c        0x4 c:/program files (x86)/gnu tools arm embedded/5.3 2016q1/bin/../lib/gcc/arm-none-eabi/5.3.1/../../../../arm-none-eabi/lib/armv7-m\libg.a(lib_a-mallocr.o)
                0x2000088c                __malloc_max_sbrked_mem
 .bss.__malloc_top_pad
                0x20000890        0x4 c:/program files (x86)/gnu tools arm embedded/5.3 2016q1/bin/../lib/gcc/arm-none-eabi/5.3.1/../../../../arm-none-eabi/lib/armv7-m\libg.a(lib_a-mallocr.o)
                0x20000890                __malloc_top_pad
 .bss.__malloc_current_mallinfo
                0x20000894       0x28 c:/program files (x86)/gnu tools arm embedded/5.3 2016q1/bin/../lib/gcc/arm-none-eabi/5.3.1/../../../../arm-none-eabi/lib/armv7-m\libg.a(lib_a-mallocr.o)
                0x20000894                __malloc_current_mallinfo
 *(COMMON)
 COMMON         0x200008bc        0x4 ..\obj\RelativeTimeLinkList.o
                0x200008bc                root
 COMMON         0x200008c0        0x1 ..\obj\main.o
                0x200008c0                txBuffer
 *fill*         0x200008c1        0x3 
 COMMON         0x200008c4        0x4 c:/program files (x86)/gnu tools arm embedded/5.3 2016q1/bin/../lib/gcc/arm-none-eabi/5.3.1/../../../../arm-none-eabi/lib/armv7-m\libg.a(lib_a-reent.o)
                0x200008c4                errno
                0x200008c8                . = ALIGN (0x4)
                0x200008c8                _ebss = .
                0x200008c8                __bss_end__ = _ebss

._user_heap_stack
                0x200008c8      0x600 load address 0x08005af4
                0x200008c8                . = ALIGN (0x4)
                0x200008c8                PROVIDE (end, .)
                [!provide]                PROVIDE (_end, .)
                0x20000ac8                . = (. + _Min_Heap_Size)
 *fill*         0x200008c8      0x200 
                0x20000ec8                . = (. + _Min_Stack_Size)
 *fill*         0x20000ac8      0x400 
                0x20000ec8                . = ALIGN (0x4)

/DISCARD/
 libc.a(*)
 libm.a(*)
 libgcc.a(*)

.ARM.attributes
                0x00000000       0x29
 *(.ARM.attributes)
 .ARM.attributes
                0x00000000       0x1d c:/program files (x86)/gnu tools arm embedded/5.3 2016q1/bin/../lib/gcc/arm-none-eabi/5.3.1/armv7-m/crti.o
 .ARM.attributes
                0x0000001d       0x2d c:/program files (x86)/gnu tools arm embedded/5.3 2016q1/bin/../lib/gcc/arm-none-eabi/5.3.1/armv7-m/crtbegin.o
 .ARM.attributes
                0x0000004a       0x33 ..\obj\stm32f10x_dma.o
 .ARM.attributes
                0x0000007d       0x33 ..\obj\GPIO_setting.o
 .ARM.attributes
                0x000000b0       0x33 ..\obj\Timer_setting.o
 .ARM.attributes
                0x000000e3       0x33 ..\obj\syscalls.o
 .ARM.attributes
                0x00000116       0x33 ..\obj\stepperMotor.o
 .ARM.attributes
                0x00000149       0x33 ..\obj\system_stm32f10x.o
 .ARM.attributes
                0x0000017c       0x33 ..\obj\RelativeTimeLinkList.o
 .ARM.attributes
                0x000001af       0x33 ..\obj\DMA_setting.o
 .ARM.attributes
                0x000001e2       0x21 ..\obj\startup_stm32f103xb.o
 .ARM.attributes
                0x00000203       0x33 ..\obj\Coroutine.o
 .ARM.attributes
                0x00000236       0x33 ..\obj\stm32f10x_tim.o
 .ARM.attributes
                0x00000269       0x33 ..\obj\stm32f10x_gpio.o
 .ARM.attributes
                0x0000029c       0x33 ..\obj\SPI_setting.o
 .ARM.attributes
                0x000002cf       0x33 ..\obj\stm32f10x_rcc.o
 .ARM.attributes
                0x00000302       0x33 ..\obj\Linklist.o
 .ARM.attributes
                0x00000335       0x33 ..\obj\stm32f10x_spi.o
 .ARM.attributes
                0x00000368       0x33 ..\obj\main.o
 .ARM.attributes
                0x0000039b       0x2d c:/program files (x86)/gnu tools arm embedded/5.3 2016q1/bin/../lib/gcc/arm-none-eabi/5.3.1/../../../../arm-none-eabi/lib/armv7-m\libg.a(lib_a-errno.o)
 .ARM.attributes
                0x000003c8       0x2d c:/program files (x86)/gnu tools arm embedded/5.3 2016q1/bin/../lib/gcc/arm-none-eabi/5.3.1/../../../../arm-none-eabi/lib/armv7-m\libg.a(lib_a-malloc.o)
 .ARM.attributes
                0x000003f5       0x2d c:/program files (x86)/gnu tools arm embedded/5.3 2016q1/bin/../lib/gcc/arm-none-eabi/5.3.1/../../../../arm-none-eabi/lib/armv7-m\libg.a(lib_a-mallocr.o)
 .ARM.attributes
                0x00000422       0x2d c:/program files (x86)/gnu tools arm embedded/5.3 2016q1/bin/../lib/gcc/arm-none-eabi/5.3.1/../../../../arm-none-eabi/lib/armv7-m\libg.a(lib_a-mlock.o)
 .ARM.attributes
                0x0000044f       0x2d c:/program files (x86)/gnu tools arm embedded/5.3 2016q1/bin/../lib/gcc/arm-none-eabi/5.3.1/../../../../arm-none-eabi/lib/armv7-m\libg.a(lib_a-sbrkr.o)
 .ARM.attributes
                0x0000047c       0x2d c:/program files (x86)/gnu tools arm embedded/5.3 2016q1/bin/../lib/gcc/arm-none-eabi/5.3.1/../../../../arm-none-eabi/lib/armv7-m\libg.a(lib_a-freer.o)
 .ARM.attributes
                0x000004a9       0x2d c:/program files (x86)/gnu tools arm embedded/5.3 2016q1/bin/../lib/gcc/arm-none-eabi/5.3.1/../../../../arm-none-eabi/lib/armv7-m\libg.a(lib_a-reent.o)
 .ARM.attributes
                0x000004d6       0x1d c:/program files (x86)/gnu tools arm embedded/5.3 2016q1/bin/../lib/gcc/arm-none-eabi/5.3.1/armv7-m/crtn.o
LOAD ..\obj\stm32f10x_dma.o
LOAD ..\obj\GPIO_setting.o
LOAD ..\obj\Timer_setting.o
LOAD ..\obj\syscalls.o
LOAD ..\obj\stepperMotor.o
LOAD ..\obj\system_stm32f10x.o
LOAD ..\obj\RelativeTimeLinkList.o
LOAD ..\obj\DMA_setting.o
LOAD ..\obj\startup_stm32f103xb.o
LOAD ..\obj\Coroutine.o
LOAD ..\obj\stm32f10x_tim.o
LOAD ..\obj\stm32f10x_gpio.o
LOAD ..\obj\SPI_setting.o
LOAD ..\obj\projectStruct.o
LOAD ..\obj\stm32f10x_rcc.o
LOAD ..\obj\Linklist.o
LOAD ..\obj\stm32f10x_spi.o
LOAD ..\obj\main.o
START GROUP
LOAD c:/program files (x86)/gnu tools arm embedded/5.3 2016q1/bin/../lib/gcc/arm-none-eabi/5.3.1/armv7-m\libgcc.a
LOAD c:/program files (x86)/gnu tools arm embedded/5.3 2016q1/bin/../lib/gcc/arm-none-eabi/5.3.1/../../../../arm-none-eabi/lib/armv7-m\libg.a
LOAD c:/program files (x86)/gnu tools arm embedded/5.3 2016q1/bin/../lib/gcc/arm-none-eabi/5.3.1/../../../../arm-none-eabi/lib/armv7-m\libc.a
END GROUP
LOAD c:/program files (x86)/gnu tools arm embedded/5.3 2016q1/bin/../lib/gcc/arm-none-eabi/5.3.1/armv7-m/crtend.o
LOAD c:/program files (x86)/gnu tools arm embedded/5.3 2016q1/bin/../lib/gcc/arm-none-eabi/5.3.1/armv7-m/crtn.o
OUTPUT(PCB Laser Etcher.elf elf32-littlearm)

.debug_info     0x00000000     0x6bf7
 .debug_info    0x00000000      0x47b ..\obj\stm32f10x_dma.o
 .debug_info    0x0000047b      0x244 ..\obj\GPIO_setting.o
 .debug_info    0x000006bf      0x448 ..\obj\Timer_setting.o
 .debug_info    0x00000b07      0x663 ..\obj\syscalls.o
 .debug_info    0x0000116a      0x47a ..\obj\stepperMotor.o
 .debug_info    0x000015e4      0x49c ..\obj\system_stm32f10x.o
 .debug_info    0x00001a80      0x4e5 ..\obj\RelativeTimeLinkList.o
 .debug_info    0x00001f65      0x221 ..\obj\DMA_setting.o
 .debug_info    0x00002186       0xca ..\obj\startup_stm32f103xb.o
 .debug_info    0x00002250      0x537 ..\obj\Coroutine.o
 .debug_info    0x00002787     0x1c60 ..\obj\stm32f10x_tim.o
 .debug_info    0x000043e7      0x6f6 ..\obj\stm32f10x_gpio.o
 .debug_info    0x00004add      0x305 ..\obj\SPI_setting.o
 .debug_info    0x00004de2      0x8a3 ..\obj\stm32f10x_rcc.o
 .debug_info    0x00005685      0x200 ..\obj\Linklist.o
 .debug_info    0x00005885      0x8fb ..\obj\stm32f10x_spi.o
 .debug_info    0x00006180      0xa77 ..\obj\main.o

.debug_abbrev   0x00000000     0x1676
 .debug_abbrev  0x00000000      0x157 ..\obj\stm32f10x_dma.o
 .debug_abbrev  0x00000157      0x109 ..\obj\GPIO_setting.o
 .debug_abbrev  0x00000260      0x130 ..\obj\Timer_setting.o
 .debug_abbrev  0x00000390      0x174 ..\obj\syscalls.o
 .debug_abbrev  0x00000504      0x17d ..\obj\stepperMotor.o
 .debug_abbrev  0x00000681      0x14e ..\obj\system_stm32f10x.o
 .debug_abbrev  0x000007cf      0x115 ..\obj\RelativeTimeLinkList.o
 .debug_abbrev  0x000008e4       0xe2 ..\obj\DMA_setting.o
 .debug_abbrev  0x000009c6       0x12 ..\obj\startup_stm32f103xb.o
 .debug_abbrev  0x000009d8      0x197 ..\obj\Coroutine.o
 .debug_abbrev  0x00000b6f      0x1b2 ..\obj\stm32f10x_tim.o
 .debug_abbrev  0x00000d21      0x1cc ..\obj\stm32f10x_gpio.o
 .debug_abbrev  0x00000eed      0x114 ..\obj\SPI_setting.o
 .debug_abbrev  0x00001001      0x1bc ..\obj\stm32f10x_rcc.o
 .debug_abbrev  0x000011bd      0x106 ..\obj\Linklist.o
 .debug_abbrev  0x000012c3      0x180 ..\obj\stm32f10x_spi.o
 .debug_abbrev  0x00001443      0x233 ..\obj\main.o

.debug_aranges  0x00000000      0x228
 .debug_aranges
                0x00000000       0x20 ..\obj\stm32f10x_dma.o
 .debug_aranges
                0x00000020       0x20 ..\obj\GPIO_setting.o
 .debug_aranges
                0x00000040       0x20 ..\obj\Timer_setting.o
 .debug_aranges
                0x00000060       0x20 ..\obj\syscalls.o
 .debug_aranges
                0x00000080       0x20 ..\obj\stepperMotor.o
 .debug_aranges
                0x000000a0       0x20 ..\obj\system_stm32f10x.o
 .debug_aranges
                0x000000c0       0x20 ..\obj\RelativeTimeLinkList.o
 .debug_aranges
                0x000000e0       0x20 ..\obj\DMA_setting.o
 .debug_aranges
                0x00000100       0x28 ..\obj\startup_stm32f103xb.o
 .debug_aranges
                0x00000128       0x20 ..\obj\Coroutine.o
 .debug_aranges
                0x00000148       0x20 ..\obj\stm32f10x_tim.o
 .debug_aranges
                0x00000168       0x20 ..\obj\stm32f10x_gpio.o
 .debug_aranges
                0x00000188       0x20 ..\obj\SPI_setting.o
 .debug_aranges
                0x000001a8       0x20 ..\obj\stm32f10x_rcc.o
 .debug_aranges
                0x000001c8       0x20 ..\obj\Linklist.o
 .debug_aranges
                0x000001e8       0x20 ..\obj\stm32f10x_spi.o
 .debug_aranges
                0x00000208       0x20 ..\obj\main.o

.debug_line     0x00000000     0x2ce0
 .debug_line    0x00000000      0x31f ..\obj\stm32f10x_dma.o
 .debug_line    0x0000031f      0x245 ..\obj\GPIO_setting.o
 .debug_line    0x00000564      0x252 ..\obj\Timer_setting.o
 .debug_line    0x000007b6      0x178 ..\obj\syscalls.o
 .debug_line    0x0000092e      0x214 ..\obj\stepperMotor.o
 .debug_line    0x00000b42      0x223 ..\obj\system_stm32f10x.o
 .debug_line    0x00000d65      0x1f8 ..\obj\RelativeTimeLinkList.o
 .debug_line    0x00000f5d      0x24d ..\obj\DMA_setting.o
 .debug_line    0x000011aa       0xb4 ..\obj\startup_stm32f103xb.o
 .debug_line    0x0000125e      0x251 ..\obj\Coroutine.o
 .debug_line    0x000014af      0x71c ..\obj\stm32f10x_tim.o
 .debug_line    0x00001bcb      0x357 ..\obj\stm32f10x_gpio.o
 .debug_line    0x00001f22      0x25d ..\obj\SPI_setting.o
 .debug_line    0x0000217f      0x3a0 ..\obj\stm32f10x_rcc.o
 .debug_line    0x0000251f      0x17f ..\obj\Linklist.o
 .debug_line    0x0000269e      0x36e ..\obj\stm32f10x_spi.o
 .debug_line    0x00002a0c      0x2d4 ..\obj\main.o

.debug_str      0x00000000     0x2931
 .debug_str     0x00000000      0x362 ..\obj\stm32f10x_dma.o
                                0x3ca (size before relaxing)
 .debug_str     0x00000362      0x178 ..\obj\GPIO_setting.o
                                0x2c0 (size before relaxing)
 .debug_str     0x000004da      0x20f ..\obj\Timer_setting.o
                                0x385 (size before relaxing)
 .debug_str     0x000006e9      0x292 ..\obj\syscalls.o
                                0x3ba (size before relaxing)
 .debug_str     0x0000097b      0x17b ..\obj\stepperMotor.o
                                0x3a6 (size before relaxing)
 .debug_str     0x00000af6      0x17f ..\obj\system_stm32f10x.o
                                0x2f6 (size before relaxing)
 .debug_str     0x00000c75      0x1ba ..\obj\RelativeTimeLinkList.o
                                0x369 (size before relaxing)
 .debug_str     0x00000e2f       0x9d ..\obj\DMA_setting.o
                                0x2b1 (size before relaxing)
 .debug_str     0x00000ecc       0x88 ..\obj\Coroutine.o
                                0x41a (size before relaxing)
 .debug_str     0x00000f54      0xa7d ..\obj\stm32f10x_tim.o
                                0xdf0 (size before relaxing)
 .debug_str     0x000019d1      0x272 ..\obj\stm32f10x_gpio.o
                                0x52c (size before relaxing)
 .debug_str     0x00001c43       0xe5 ..\obj\SPI_setting.o
                                0x2ec (size before relaxing)
 .debug_str     0x00001d28      0x406 ..\obj\stm32f10x_rcc.o
                                0x62d (size before relaxing)
 .debug_str     0x0000212e       0x8b ..\obj\Linklist.o
                                0x271 (size before relaxing)
 .debug_str     0x000021b9      0x2eb ..\obj\stm32f10x_spi.o
                                0x610 (size before relaxing)
 .debug_str     0x000024a4      0x48d ..\obj\main.o
                                0x93f (size before relaxing)

.comment        0x00000000       0x6e
 .comment       0x00000000       0x6e ..\obj\stm32f10x_dma.o
                                 0x6f (size before relaxing)
 .comment       0x0000006e       0x6f ..\obj\GPIO_setting.o
 .comment       0x0000006e       0x6f ..\obj\Timer_setting.o
 .comment       0x0000006e       0x6f ..\obj\syscalls.o
 .comment       0x0000006e       0x6f ..\obj\stepperMotor.o
 .comment       0x0000006e       0x6f ..\obj\system_stm32f10x.o
 .comment       0x0000006e       0x6f ..\obj\RelativeTimeLinkList.o
 .comment       0x0000006e       0x6f ..\obj\DMA_setting.o
 .comment       0x0000006e       0x6f ..\obj\Coroutine.o
 .comment       0x0000006e       0x6f ..\obj\stm32f10x_tim.o
 .comment       0x0000006e       0x6f ..\obj\stm32f10x_gpio.o
 .comment       0x0000006e       0x6f ..\obj\SPI_setting.o
 .comment       0x0000006e       0x6f ..\obj\stm32f10x_rcc.o
 .comment       0x0000006e       0x6f ..\obj\Linklist.o
 .comment       0x0000006e       0x6f ..\obj\stm32f10x_spi.o
 .comment       0x0000006e       0x6f ..\obj\main.o

.debug_frame    0x00000000     0x26e0
 .debug_frame   0x00000000      0x1c8 ..\obj\stm32f10x_dma.o
 .debug_frame   0x000001c8       0x34 ..\obj\GPIO_setting.o
 .debug_frame   0x000001fc       0xac ..\obj\Timer_setting.o
 .debug_frame   0x000002a8      0x2d4 ..\obj\syscalls.o
 .debug_frame   0x0000057c      0x114 ..\obj\stepperMotor.o
 .debug_frame   0x00000690       0x98 ..\obj\system_stm32f10x.o
 .debug_frame   0x00000728      0x170 ..\obj\RelativeTimeLinkList.o
 .debug_frame   0x00000898       0x34 ..\obj\DMA_setting.o
 .debug_frame   0x000008cc       0xd0 ..\obj\Coroutine.o
 .debug_frame   0x0000099c      0xe2c ..\obj\stm32f10x_tim.o
 .debug_frame   0x000017c8      0x2d0 ..\obj\stm32f10x_gpio.o
 .debug_frame   0x00001a98       0x5c ..\obj\SPI_setting.o
 .debug_frame   0x00001af4      0x4f4 ..\obj\stm32f10x_rcc.o
 .debug_frame   0x00001fe8       0xa8 ..\obj\Linklist.o
 .debug_frame   0x00002090      0x3a0 ..\obj\stm32f10x_spi.o
 .debug_frame   0x00002430       0xe4 ..\obj\main.o
 .debug_frame   0x00002514       0x20 c:/program files (x86)/gnu tools arm embedded/5.3 2016q1/bin/../lib/gcc/arm-none-eabi/5.3.1/../../../../arm-none-eabi/lib/armv7-m\libg.a(lib_a-errno.o)
 .debug_frame   0x00002534       0x30 c:/program files (x86)/gnu tools arm embedded/5.3 2016q1/bin/../lib/gcc/arm-none-eabi/5.3.1/../../../../arm-none-eabi/lib/armv7-m\libg.a(lib_a-malloc.o)
 .debug_frame   0x00002564       0x54 c:/program files (x86)/gnu tools arm embedded/5.3 2016q1/bin/../lib/gcc/arm-none-eabi/5.3.1/../../../../arm-none-eabi/lib/armv7-m\libg.a(lib_a-mallocr.o)
 .debug_frame   0x000025b8       0x30 c:/program files (x86)/gnu tools arm embedded/5.3 2016q1/bin/../lib/gcc/arm-none-eabi/5.3.1/../../../../arm-none-eabi/lib/armv7-m\libg.a(lib_a-mlock.o)
 .debug_frame   0x000025e8       0x2c c:/program files (x86)/gnu tools arm embedded/5.3 2016q1/bin/../lib/gcc/arm-none-eabi/5.3.1/../../../../arm-none-eabi/lib/armv7-m\libg.a(lib_a-sbrkr.o)
 .debug_frame   0x00002614       0x74 c:/program files (x86)/gnu tools arm embedded/5.3 2016q1/bin/../lib/gcc/arm-none-eabi/5.3.1/../../../../arm-none-eabi/lib/armv7-m\libg.a(lib_a-freer.o)
 .debug_frame   0x00002688       0x58 c:/program files (x86)/gnu tools arm embedded/5.3 2016q1/bin/../lib/gcc/arm-none-eabi/5.3.1/../../../../arm-none-eabi/lib/armv7-m\libg.a(lib_a-reent.o)

.debug_ranges   0x00000000       0x20
 .debug_ranges  0x00000000       0x20 ..\obj\startup_stm32f103xb.o
