Archive member included to satisfy reference by file (symbol)

c:/program files (x86)/gnu tools arm embedded/5.3 2016q1/bin/../lib/gcc/arm-none-eabi/5.3.1/../../../../arm-none-eabi/lib/armv7-m\libc.a(lib_a-exit.o)
                              c:/program files (x86)/gnu tools arm embedded/5.3 2016q1/bin/../lib/gcc/arm-none-eabi/5.3.1/../../../../arm-none-eabi/lib/armv7-m/crt0.o (exit)
c:/program files (x86)/gnu tools arm embedded/5.3 2016q1/bin/../lib/gcc/arm-none-eabi/5.3.1/../../../../arm-none-eabi/lib/armv7-m\libc.a(lib_a-impure.o)
                              c:/program files (x86)/gnu tools arm embedded/5.3 2016q1/bin/../lib/gcc/arm-none-eabi/5.3.1/../../../../arm-none-eabi/lib/armv7-m\libc.a(lib_a-exit.o) (_global_impure_ptr)
c:/program files (x86)/gnu tools arm embedded/5.3 2016q1/bin/../lib/gcc/arm-none-eabi/5.3.1/../../../../arm-none-eabi/lib/armv7-m\libc.a(lib_a-init.o)
                              c:/program files (x86)/gnu tools arm embedded/5.3 2016q1/bin/../lib/gcc/arm-none-eabi/5.3.1/../../../../arm-none-eabi/lib/armv7-m/crt0.o (__libc_init_array)
c:/program files (x86)/gnu tools arm embedded/5.3 2016q1/bin/../lib/gcc/arm-none-eabi/5.3.1/../../../../arm-none-eabi/lib/armv7-m\libc.a(lib_a-memset.o)
                              c:/program files (x86)/gnu tools arm embedded/5.3 2016q1/bin/../lib/gcc/arm-none-eabi/5.3.1/../../../../arm-none-eabi/lib/armv7-m/crt0.o (memset)
c:/program files (x86)/gnu tools arm embedded/5.3 2016q1/bin/../lib/gcc/arm-none-eabi/5.3.1/../../../../arm-none-eabi/lib/armv7-m\libc.a(lib_a-__call_atexit.o)
                              c:/program files (x86)/gnu tools arm embedded/5.3 2016q1/bin/../lib/gcc/arm-none-eabi/5.3.1/../../../../arm-none-eabi/lib/armv7-m\libc.a(lib_a-exit.o) (__call_exitprocs)
c:/program files (x86)/gnu tools arm embedded/5.3 2016q1/bin/../lib/gcc/arm-none-eabi/5.3.1/../../../../arm-none-eabi/lib/armv7-m\libc.a(lib_a-atexit.o)
                              c:/program files (x86)/gnu tools arm embedded/5.3 2016q1/bin/../lib/gcc/arm-none-eabi/5.3.1/../../../../arm-none-eabi/lib/armv7-m\libc.a(lib_a-__call_atexit.o) (atexit)
c:/program files (x86)/gnu tools arm embedded/5.3 2016q1/bin/../lib/gcc/arm-none-eabi/5.3.1/../../../../arm-none-eabi/lib/armv7-m\libc.a(lib_a-fini.o)
                              c:/program files (x86)/gnu tools arm embedded/5.3 2016q1/bin/../lib/gcc/arm-none-eabi/5.3.1/../../../../arm-none-eabi/lib/armv7-m\libc.a(lib_a-__call_atexit.o) (__libc_fini_array)
c:/program files (x86)/gnu tools arm embedded/5.3 2016q1/bin/../lib/gcc/arm-none-eabi/5.3.1/../../../../arm-none-eabi/lib/armv7-m\libc.a(lib_a-__atexit.o)
                              c:/program files (x86)/gnu tools arm embedded/5.3 2016q1/bin/../lib/gcc/arm-none-eabi/5.3.1/../../../../arm-none-eabi/lib/armv7-m\libc.a(lib_a-atexit.o) (__register_exitproc)
c:/program files (x86)/gnu tools arm embedded/5.3 2016q1/bin/../lib/gcc/arm-none-eabi/5.3.1/../../../../arm-none-eabi/lib/armv7-m\libg.a(lib_a-errno.o)
                              ..\obj\syscalls.o (__errno)
c:/program files (x86)/gnu tools arm embedded/5.3 2016q1/bin/../lib/gcc/arm-none-eabi/5.3.1/../../../../arm-none-eabi/lib/armv7-m\libg.a(lib_a-malloc.o)
                              ..\obj\stepperMotor.o (malloc)
c:/program files (x86)/gnu tools arm embedded/5.3 2016q1/bin/../lib/gcc/arm-none-eabi/5.3.1/../../../../arm-none-eabi/lib/armv7-m\libg.a(lib_a-mallocr.o)
                              c:/program files (x86)/gnu tools arm embedded/5.3 2016q1/bin/../lib/gcc/arm-none-eabi/5.3.1/../../../../arm-none-eabi/lib/armv7-m\libg.a(lib_a-malloc.o) (_malloc_r)
c:/program files (x86)/gnu tools arm embedded/5.3 2016q1/bin/../lib/gcc/arm-none-eabi/5.3.1/../../../../arm-none-eabi/lib/armv7-m\libg.a(lib_a-mlock.o)
                              c:/program files (x86)/gnu tools arm embedded/5.3 2016q1/bin/../lib/gcc/arm-none-eabi/5.3.1/../../../../arm-none-eabi/lib/armv7-m\libg.a(lib_a-mallocr.o) (__malloc_lock)
c:/program files (x86)/gnu tools arm embedded/5.3 2016q1/bin/../lib/gcc/arm-none-eabi/5.3.1/../../../../arm-none-eabi/lib/armv7-m\libg.a(lib_a-sbrkr.o)
                              c:/program files (x86)/gnu tools arm embedded/5.3 2016q1/bin/../lib/gcc/arm-none-eabi/5.3.1/../../../../arm-none-eabi/lib/armv7-m\libg.a(lib_a-mallocr.o) (_sbrk_r)
c:/program files (x86)/gnu tools arm embedded/5.3 2016q1/bin/../lib/gcc/arm-none-eabi/5.3.1/../../../../arm-none-eabi/lib/armv7-m\libg.a(lib_a-freer.o)
                              c:/program files (x86)/gnu tools arm embedded/5.3 2016q1/bin/../lib/gcc/arm-none-eabi/5.3.1/../../../../arm-none-eabi/lib/armv7-m\libg.a(lib_a-malloc.o) (_free_r)
c:/program files (x86)/gnu tools arm embedded/5.3 2016q1/bin/../lib/gcc/arm-none-eabi/5.3.1/../../../../arm-none-eabi/lib/armv7-m\libg.a(lib_a-reent.o)
                              c:/program files (x86)/gnu tools arm embedded/5.3 2016q1/bin/../lib/gcc/arm-none-eabi/5.3.1/../../../../arm-none-eabi/lib/armv7-m\libg.a(lib_a-sbrkr.o) (errno)

Allocating common symbols
Common symbol       size              file

errno               0x4               c:/program files (x86)/gnu tools arm embedded/5.3 2016q1/bin/../lib/gcc/arm-none-eabi/5.3.1/../../../../arm-none-eabi/lib/armv7-m\libg.a(lib_a-reent.o)
root                0x4               ..\obj\RelativeTimeLinkList.o
txBuffer            0x1               ..\obj\main.o

Discarded input sections

 .text          0x00000000        0x0 c:/program files (x86)/gnu tools arm embedded/5.3 2016q1/bin/../lib/gcc/arm-none-eabi/5.3.1/armv7-m/crti.o
 .data          0x00000000        0x0 c:/program files (x86)/gnu tools arm embedded/5.3 2016q1/bin/../lib/gcc/arm-none-eabi/5.3.1/armv7-m/crti.o
 .bss           0x00000000        0x0 c:/program files (x86)/gnu tools arm embedded/5.3 2016q1/bin/../lib/gcc/arm-none-eabi/5.3.1/armv7-m/crti.o
 .data          0x00000000        0x4 c:/program files (x86)/gnu tools arm embedded/5.3 2016q1/bin/../lib/gcc/arm-none-eabi/5.3.1/armv7-m/crtbegin.o
 .text          0x00000000       0x74 c:/program files (x86)/gnu tools arm embedded/5.3 2016q1/bin/../lib/gcc/arm-none-eabi/5.3.1/../../../../arm-none-eabi/lib/armv7-m/crt0.o
 .data          0x00000000        0x0 c:/program files (x86)/gnu tools arm embedded/5.3 2016q1/bin/../lib/gcc/arm-none-eabi/5.3.1/../../../../arm-none-eabi/lib/armv7-m/crt0.o
 .bss           0x00000000        0x0 c:/program files (x86)/gnu tools arm embedded/5.3 2016q1/bin/../lib/gcc/arm-none-eabi/5.3.1/../../../../arm-none-eabi/lib/armv7-m/crt0.o
 .ARM.extab     0x00000000        0x0 c:/program files (x86)/gnu tools arm embedded/5.3 2016q1/bin/../lib/gcc/arm-none-eabi/5.3.1/../../../../arm-none-eabi/lib/armv7-m/crt0.o
 .ARM.exidx     0x00000000        0x8 c:/program files (x86)/gnu tools arm embedded/5.3 2016q1/bin/../lib/gcc/arm-none-eabi/5.3.1/../../../../arm-none-eabi/lib/armv7-m/crt0.o
 .ARM.attributes
                0x00000000       0x1b c:/program files (x86)/gnu tools arm embedded/5.3 2016q1/bin/../lib/gcc/arm-none-eabi/5.3.1/../../../../arm-none-eabi/lib/armv7-m/crt0.o
 .text          0x00000000        0x0 c:/program files (x86)/gnu tools arm embedded/5.3 2016q1/bin/../lib/gcc/arm-none-eabi/5.3.1/../../../../arm-none-eabi/lib/armv7-m\libc.a(lib_a-exit.o)
 .data          0x00000000        0x0 c:/program files (x86)/gnu tools arm embedded/5.3 2016q1/bin/../lib/gcc/arm-none-eabi/5.3.1/../../../../arm-none-eabi/lib/armv7-m\libc.a(lib_a-exit.o)
 .bss           0x00000000        0x0 c:/program files (x86)/gnu tools arm embedded/5.3 2016q1/bin/../lib/gcc/arm-none-eabi/5.3.1/../../../../arm-none-eabi/lib/armv7-m\libc.a(lib_a-exit.o)
 .text.exit     0x00000000       0x20 c:/program files (x86)/gnu tools arm embedded/5.3 2016q1/bin/../lib/gcc/arm-none-eabi/5.3.1/../../../../arm-none-eabi/lib/armv7-m\libc.a(lib_a-exit.o)
 .debug_frame   0x00000000       0x28 c:/program files (x86)/gnu tools arm embedded/5.3 2016q1/bin/../lib/gcc/arm-none-eabi/5.3.1/../../../../arm-none-eabi/lib/armv7-m\libc.a(lib_a-exit.o)
 .ARM.attributes
                0x00000000       0x2d c:/program files (x86)/gnu tools arm embedded/5.3 2016q1/bin/../lib/gcc/arm-none-eabi/5.3.1/../../../../arm-none-eabi/lib/armv7-m\libc.a(lib_a-exit.o)
 .text          0x00000000        0x0 c:/program files (x86)/gnu tools arm embedded/5.3 2016q1/bin/../lib/gcc/arm-none-eabi/5.3.1/../../../../arm-none-eabi/lib/armv7-m\libc.a(lib_a-impure.o)
 .data          0x00000000        0x0 c:/program files (x86)/gnu tools arm embedded/5.3 2016q1/bin/../lib/gcc/arm-none-eabi/5.3.1/../../../../arm-none-eabi/lib/armv7-m\libc.a(lib_a-impure.o)
 .bss           0x00000000        0x0 c:/program files (x86)/gnu tools arm embedded/5.3 2016q1/bin/../lib/gcc/arm-none-eabi/5.3.1/../../../../arm-none-eabi/lib/armv7-m\libc.a(lib_a-impure.o)
 .ARM.attributes
                0x00000000       0x2d c:/program files (x86)/gnu tools arm embedded/5.3 2016q1/bin/../lib/gcc/arm-none-eabi/5.3.1/../../../../arm-none-eabi/lib/armv7-m\libc.a(lib_a-impure.o)
 .text          0x00000000        0x0 c:/program files (x86)/gnu tools arm embedded/5.3 2016q1/bin/../lib/gcc/arm-none-eabi/5.3.1/../../../../arm-none-eabi/lib/armv7-m\libc.a(lib_a-init.o)
 .data          0x00000000        0x0 c:/program files (x86)/gnu tools arm embedded/5.3 2016q1/bin/../lib/gcc/arm-none-eabi/5.3.1/../../../../arm-none-eabi/lib/armv7-m\libc.a(lib_a-init.o)
 .bss           0x00000000        0x0 c:/program files (x86)/gnu tools arm embedded/5.3 2016q1/bin/../lib/gcc/arm-none-eabi/5.3.1/../../../../arm-none-eabi/lib/armv7-m\libc.a(lib_a-init.o)
 .debug_frame   0x00000000       0x2c c:/program files (x86)/gnu tools arm embedded/5.3 2016q1/bin/../lib/gcc/arm-none-eabi/5.3.1/../../../../arm-none-eabi/lib/armv7-m\libc.a(lib_a-init.o)
 .ARM.attributes
                0x00000000       0x2d c:/program files (x86)/gnu tools arm embedded/5.3 2016q1/bin/../lib/gcc/arm-none-eabi/5.3.1/../../../../arm-none-eabi/lib/armv7-m\libc.a(lib_a-init.o)
 .text          0x00000000        0x0 c:/program files (x86)/gnu tools arm embedded/5.3 2016q1/bin/../lib/gcc/arm-none-eabi/5.3.1/../../../../arm-none-eabi/lib/armv7-m\libc.a(lib_a-memset.o)
 .data          0x00000000        0x0 c:/program files (x86)/gnu tools arm embedded/5.3 2016q1/bin/../lib/gcc/arm-none-eabi/5.3.1/../../../../arm-none-eabi/lib/armv7-m\libc.a(lib_a-memset.o)
 .bss           0x00000000        0x0 c:/program files (x86)/gnu tools arm embedded/5.3 2016q1/bin/../lib/gcc/arm-none-eabi/5.3.1/../../../../arm-none-eabi/lib/armv7-m\libc.a(lib_a-memset.o)
 .text.memset   0x00000000       0x9c c:/program files (x86)/gnu tools arm embedded/5.3 2016q1/bin/../lib/gcc/arm-none-eabi/5.3.1/../../../../arm-none-eabi/lib/armv7-m\libc.a(lib_a-memset.o)
 .debug_frame   0x00000000       0x34 c:/program files (x86)/gnu tools arm embedded/5.3 2016q1/bin/../lib/gcc/arm-none-eabi/5.3.1/../../../../arm-none-eabi/lib/armv7-m\libc.a(lib_a-memset.o)
 .ARM.attributes
                0x00000000       0x2d c:/program files (x86)/gnu tools arm embedded/5.3 2016q1/bin/../lib/gcc/arm-none-eabi/5.3.1/../../../../arm-none-eabi/lib/armv7-m\libc.a(lib_a-memset.o)
 .text          0x00000000        0x0 c:/program files (x86)/gnu tools arm embedded/5.3 2016q1/bin/../lib/gcc/arm-none-eabi/5.3.1/../../../../arm-none-eabi/lib/armv7-m\libc.a(lib_a-__call_atexit.o)
 .data          0x00000000        0x0 c:/program files (x86)/gnu tools arm embedded/5.3 2016q1/bin/../lib/gcc/arm-none-eabi/5.3.1/../../../../arm-none-eabi/lib/armv7-m\libc.a(lib_a-__call_atexit.o)
 .bss           0x00000000        0x0 c:/program files (x86)/gnu tools arm embedded/5.3 2016q1/bin/../lib/gcc/arm-none-eabi/5.3.1/../../../../arm-none-eabi/lib/armv7-m\libc.a(lib_a-__call_atexit.o)
 .text.__call_exitprocs
                0x00000000       0xd8 c:/program files (x86)/gnu tools arm embedded/5.3 2016q1/bin/../lib/gcc/arm-none-eabi/5.3.1/../../../../arm-none-eabi/lib/armv7-m\libc.a(lib_a-__call_atexit.o)
 .debug_frame   0x00000000       0x50 c:/program files (x86)/gnu tools arm embedded/5.3 2016q1/bin/../lib/gcc/arm-none-eabi/5.3.1/../../../../arm-none-eabi/lib/armv7-m\libc.a(lib_a-__call_atexit.o)
 .ARM.attributes
                0x00000000       0x2d c:/program files (x86)/gnu tools arm embedded/5.3 2016q1/bin/../lib/gcc/arm-none-eabi/5.3.1/../../../../arm-none-eabi/lib/armv7-m\libc.a(lib_a-__call_atexit.o)
 .text          0x00000000        0x0 c:/program files (x86)/gnu tools arm embedded/5.3 2016q1/bin/../lib/gcc/arm-none-eabi/5.3.1/../../../../arm-none-eabi/lib/armv7-m\libc.a(lib_a-atexit.o)
 .data          0x00000000        0x0 c:/program files (x86)/gnu tools arm embedded/5.3 2016q1/bin/../lib/gcc/arm-none-eabi/5.3.1/../../../../arm-none-eabi/lib/armv7-m\libc.a(lib_a-atexit.o)
 .bss           0x00000000        0x0 c:/program files (x86)/gnu tools arm embedded/5.3 2016q1/bin/../lib/gcc/arm-none-eabi/5.3.1/../../../../arm-none-eabi/lib/armv7-m\libc.a(lib_a-atexit.o)
 .debug_frame   0x00000000       0x20 c:/program files (x86)/gnu tools arm embedded/5.3 2016q1/bin/../lib/gcc/arm-none-eabi/5.3.1/../../../../arm-none-eabi/lib/armv7-m\libc.a(lib_a-atexit.o)
 .ARM.attributes
                0x00000000       0x2d c:/program files (x86)/gnu tools arm embedded/5.3 2016q1/bin/../lib/gcc/arm-none-eabi/5.3.1/../../../../arm-none-eabi/lib/armv7-m\libc.a(lib_a-atexit.o)
 .text          0x00000000        0x0 c:/program files (x86)/gnu tools arm embedded/5.3 2016q1/bin/../lib/gcc/arm-none-eabi/5.3.1/../../../../arm-none-eabi/lib/armv7-m\libc.a(lib_a-fini.o)
 .data          0x00000000        0x0 c:/program files (x86)/gnu tools arm embedded/5.3 2016q1/bin/../lib/gcc/arm-none-eabi/5.3.1/../../../../arm-none-eabi/lib/armv7-m\libc.a(lib_a-fini.o)
 .bss           0x00000000        0x0 c:/program files (x86)/gnu tools arm embedded/5.3 2016q1/bin/../lib/gcc/arm-none-eabi/5.3.1/../../../../arm-none-eabi/lib/armv7-m\libc.a(lib_a-fini.o)
 .debug_frame   0x00000000       0x34 c:/program files (x86)/gnu tools arm embedded/5.3 2016q1/bin/../lib/gcc/arm-none-eabi/5.3.1/../../../../arm-none-eabi/lib/armv7-m\libc.a(lib_a-fini.o)
 .ARM.attributes
                0x00000000       0x2d c:/program files (x86)/gnu tools arm embedded/5.3 2016q1/bin/../lib/gcc/arm-none-eabi/5.3.1/../../../../arm-none-eabi/lib/armv7-m\libc.a(lib_a-fini.o)
 .text          0x00000000        0x0 c:/program files (x86)/gnu tools arm embedded/5.3 2016q1/bin/../lib/gcc/arm-none-eabi/5.3.1/../../../../arm-none-eabi/lib/armv7-m\libc.a(lib_a-__atexit.o)
 .data          0x00000000        0x0 c:/program files (x86)/gnu tools arm embedded/5.3 2016q1/bin/../lib/gcc/arm-none-eabi/5.3.1/../../../../arm-none-eabi/lib/armv7-m\libc.a(lib_a-__atexit.o)
 .bss           0x00000000        0x0 c:/program files (x86)/gnu tools arm embedded/5.3 2016q1/bin/../lib/gcc/arm-none-eabi/5.3.1/../../../../arm-none-eabi/lib/armv7-m\libc.a(lib_a-__atexit.o)
 .debug_frame   0x00000000       0x34 c:/program files (x86)/gnu tools arm embedded/5.3 2016q1/bin/../lib/gcc/arm-none-eabi/5.3.1/../../../../arm-none-eabi/lib/armv7-m\libc.a(lib_a-__atexit.o)
 .ARM.attributes
                0x00000000       0x2d c:/program files (x86)/gnu tools arm embedded/5.3 2016q1/bin/../lib/gcc/arm-none-eabi/5.3.1/../../../../arm-none-eabi/lib/armv7-m\libc.a(lib_a-__atexit.o)
 .data          0x00000000        0x0 ..\obj\stm32f10x_dma.o
 .bss           0x00000000        0x0 ..\obj\stm32f10x_dma.o
 .data          0x00000000        0x0 ..\obj\GPIO_setting.o
 .bss           0x00000000        0x0 ..\obj\GPIO_setting.o
 .data          0x00000000        0x0 ..\obj\Timer_setting.o
 .bss           0x00000000        0x0 ..\obj\Timer_setting.o
 .data          0x00000000        0x4 ..\obj\syscalls.o
 .bss           0x00000000        0x0 ..\obj\system_stm32f10x.o
 .data          0x00000000        0x0 ..\obj\stepperMotor.o
 .bss           0x00000000        0x0 ..\obj\stepperMotor.o
 .data          0x00000000        0x0 ..\obj\RelativeTimeLinkList.o
 .bss           0x00000000        0x0 ..\obj\RelativeTimeLinkList.o
 .data          0x00000000        0x0 ..\obj\DMA_setting.o
 .bss           0x00000000        0x0 ..\obj\DMA_setting.o
 .text          0x00000000       0x14 ..\obj\startup_stm32f103xb.o
 .data          0x00000000        0x0 ..\obj\startup_stm32f103xb.o
 .bss           0x00000000        0x0 ..\obj\startup_stm32f103xb.o
 .data          0x00000000        0x0 ..\obj\Coroutine.o
 .bss           0x00000000        0x0 ..\obj\Coroutine.o
 .data          0x00000000        0x0 ..\obj\stm32f10x_tim.o
 .bss           0x00000000        0x0 ..\obj\stm32f10x_tim.o
 .data          0x00000000        0x0 ..\obj\stm32f10x_gpio.o
 .bss           0x00000000        0x0 ..\obj\stm32f10x_gpio.o
 .data          0x00000000        0x0 ..\obj\SPI_setting.o
 .bss           0x00000000        0x0 ..\obj\SPI_setting.o
 .text          0x00000000        0x0 ..\obj\projectStruct.o
 .data          0x00000000        0x0 ..\obj\projectStruct.o
 .bss           0x00000000        0x0 ..\obj\projectStruct.o
 .debug_info    0x00000000       0x60 ..\obj\projectStruct.o
 .debug_abbrev  0x00000000       0x24 ..\obj\projectStruct.o
 .debug_aranges
                0x00000000       0x18 ..\obj\projectStruct.o
 .debug_line    0x00000000       0x1d ..\obj\projectStruct.o
 .debug_str     0x00000000      0x134 ..\obj\projectStruct.o
 .comment       0x00000000       0x6f ..\obj\projectStruct.o
 .ARM.attributes
                0x00000000       0x33 ..\obj\projectStruct.o
 .bss           0x00000000        0x0 ..\obj\stm32f10x_rcc.o
 .data          0x00000000        0x0 ..\obj\Linklist.o
 .bss           0x00000000        0x0 ..\obj\Linklist.o
 .data          0x00000000        0x0 ..\obj\stm32f10x_spi.o
 .bss           0x00000000        0x0 ..\obj\stm32f10x_spi.o
 .data          0x00000000        0x0 ..\obj\main.o
 .bss           0x00000000        0x0 ..\obj\main.o
 .text          0x00000000        0x0 c:/program files (x86)/gnu tools arm embedded/5.3 2016q1/bin/../lib/gcc/arm-none-eabi/5.3.1/../../../../arm-none-eabi/lib/armv7-m\libg.a(lib_a-errno.o)
 .data          0x00000000        0x0 c:/program files (x86)/gnu tools arm embedded/5.3 2016q1/bin/../lib/gcc/arm-none-eabi/5.3.1/../../../../arm-none-eabi/lib/armv7-m\libg.a(lib_a-errno.o)
 .bss           0x00000000        0x0 c:/program files (x86)/gnu tools arm embedded/5.3 2016q1/bin/../lib/gcc/arm-none-eabi/5.3.1/../../../../arm-none-eabi/lib/armv7-m\libg.a(lib_a-errno.o)
 .text          0x00000000        0x0 c:/program files (x86)/gnu tools arm embedded/5.3 2016q1/bin/../lib/gcc/arm-none-eabi/5.3.1/../../../../arm-none-eabi/lib/armv7-m\libg.a(lib_a-malloc.o)
 .data          0x00000000        0x0 c:/program files (x86)/gnu tools arm embedded/5.3 2016q1/bin/../lib/gcc/arm-none-eabi/5.3.1/../../../../arm-none-eabi/lib/armv7-m\libg.a(lib_a-malloc.o)
 .bss           0x00000000        0x0 c:/program files (x86)/gnu tools arm embedded/5.3 2016q1/bin/../lib/gcc/arm-none-eabi/5.3.1/../../../../arm-none-eabi/lib/armv7-m\libg.a(lib_a-malloc.o)
 .text.free     0x00000000       0x10 c:/program files (x86)/gnu tools arm embedded/5.3 2016q1/bin/../lib/gcc/arm-none-eabi/5.3.1/../../../../arm-none-eabi/lib/armv7-m\libg.a(lib_a-malloc.o)
 .text          0x00000000        0x0 c:/program files (x86)/gnu tools arm embedded/5.3 2016q1/bin/../lib/gcc/arm-none-eabi/5.3.1/../../../../arm-none-eabi/lib/armv7-m\libg.a(lib_a-mallocr.o)
 .data          0x00000000        0x0 c:/program files (x86)/gnu tools arm embedded/5.3 2016q1/bin/../lib/gcc/arm-none-eabi/5.3.1/../../../../arm-none-eabi/lib/armv7-m\libg.a(lib_a-mallocr.o)
 .bss           0x00000000        0x0 c:/program files (x86)/gnu tools arm embedded/5.3 2016q1/bin/../lib/gcc/arm-none-eabi/5.3.1/../../../../arm-none-eabi/lib/armv7-m\libg.a(lib_a-mallocr.o)
 .text          0x00000000        0x0 c:/program files (x86)/gnu tools arm embedded/5.3 2016q1/bin/../lib/gcc/arm-none-eabi/5.3.1/../../../../arm-none-eabi/lib/armv7-m\libg.a(lib_a-mlock.o)
 .data          0x00000000        0x0 c:/program files (x86)/gnu tools arm embedded/5.3 2016q1/bin/../lib/gcc/arm-none-eabi/5.3.1/../../../../arm-none-eabi/lib/armv7-m\libg.a(lib_a-mlock.o)
 .bss           0x00000000        0x0 c:/program files (x86)/gnu tools arm embedded/5.3 2016q1/bin/../lib/gcc/arm-none-eabi/5.3.1/../../../../arm-none-eabi/lib/armv7-m\libg.a(lib_a-mlock.o)
 .text          0x00000000        0x0 c:/program files (x86)/gnu tools arm embedded/5.3 2016q1/bin/../lib/gcc/arm-none-eabi/5.3.1/../../../../arm-none-eabi/lib/armv7-m\libg.a(lib_a-sbrkr.o)
 .data          0x00000000        0x0 c:/program files (x86)/gnu tools arm embedded/5.3 2016q1/bin/../lib/gcc/arm-none-eabi/5.3.1/../../../../arm-none-eabi/lib/armv7-m\libg.a(lib_a-sbrkr.o)
 .bss           0x00000000        0x0 c:/program files (x86)/gnu tools arm embedded/5.3 2016q1/bin/../lib/gcc/arm-none-eabi/5.3.1/../../../../arm-none-eabi/lib/armv7-m\libg.a(lib_a-sbrkr.o)
 .text          0x00000000        0x0 c:/program files (x86)/gnu tools arm embedded/5.3 2016q1/bin/../lib/gcc/arm-none-eabi/5.3.1/../../../../arm-none-eabi/lib/armv7-m\libg.a(lib_a-freer.o)
 .data          0x00000000        0x0 c:/program files (x86)/gnu tools arm embedded/5.3 2016q1/bin/../lib/gcc/arm-none-eabi/5.3.1/../../../../arm-none-eabi/lib/armv7-m\libg.a(lib_a-freer.o)
 .bss           0x00000000        0x0 c:/program files (x86)/gnu tools arm embedded/5.3 2016q1/bin/../lib/gcc/arm-none-eabi/5.3.1/../../../../arm-none-eabi/lib/armv7-m\libg.a(lib_a-freer.o)
 .text          0x00000000        0x0 c:/program files (x86)/gnu tools arm embedded/5.3 2016q1/bin/../lib/gcc/arm-none-eabi/5.3.1/../../../../arm-none-eabi/lib/armv7-m\libg.a(lib_a-reent.o)
 .data          0x00000000        0x0 c:/program files (x86)/gnu tools arm embedded/5.3 2016q1/bin/../lib/gcc/arm-none-eabi/5.3.1/../../../../arm-none-eabi/lib/armv7-m\libg.a(lib_a-reent.o)
 .bss           0x00000000        0x0 c:/program files (x86)/gnu tools arm embedded/5.3 2016q1/bin/../lib/gcc/arm-none-eabi/5.3.1/../../../../arm-none-eabi/lib/armv7-m\libg.a(lib_a-reent.o)
 .text.cleanup_glue
                0x00000000       0x1c c:/program files (x86)/gnu tools arm embedded/5.3 2016q1/bin/../lib/gcc/arm-none-eabi/5.3.1/../../../../arm-none-eabi/lib/armv7-m\libg.a(lib_a-reent.o)
 .text._reclaim_reent
                0x00000000       0x88 c:/program files (x86)/gnu tools arm embedded/5.3 2016q1/bin/../lib/gcc/arm-none-eabi/5.3.1/../../../../arm-none-eabi/lib/armv7-m\libg.a(lib_a-reent.o)
 .text          0x00000000        0x0 c:/program files (x86)/gnu tools arm embedded/5.3 2016q1/bin/../lib/gcc/arm-none-eabi/5.3.1/armv7-m/crtend.o
 .data          0x00000000        0x0 c:/program files (x86)/gnu tools arm embedded/5.3 2016q1/bin/../lib/gcc/arm-none-eabi/5.3.1/armv7-m/crtend.o
 .bss           0x00000000        0x0 c:/program files (x86)/gnu tools arm embedded/5.3 2016q1/bin/../lib/gcc/arm-none-eabi/5.3.1/armv7-m/crtend.o
 .eh_frame      0x00000000        0x4 c:/program files (x86)/gnu tools arm embedded/5.3 2016q1/bin/../lib/gcc/arm-none-eabi/5.3.1/armv7-m/crtend.o
 .jcr           0x00000000        0x4 c:/program files (x86)/gnu tools arm embedded/5.3 2016q1/bin/../lib/gcc/arm-none-eabi/5.3.1/armv7-m/crtend.o
 .ARM.attributes
                0x00000000       0x2d c:/program files (x86)/gnu tools arm embedded/5.3 2016q1/bin/../lib/gcc/arm-none-eabi/5.3.1/armv7-m/crtend.o
 .text          0x00000000        0x0 c:/program files (x86)/gnu tools arm embedded/5.3 2016q1/bin/../lib/gcc/arm-none-eabi/5.3.1/armv7-m/crtn.o
 .data          0x00000000        0x0 c:/program files (x86)/gnu tools arm embedded/5.3 2016q1/bin/../lib/gcc/arm-none-eabi/5.3.1/armv7-m/crtn.o
 .bss           0x00000000        0x0 c:/program files (x86)/gnu tools arm embedded/5.3 2016q1/bin/../lib/gcc/arm-none-eabi/5.3.1/armv7-m/crtn.o

Memory Configuration

Name             Origin             Length             Attributes
FLASH            0x08000000         0x00010000         xr
RAM              0x20000000         0x00005000         xrw
*default*        0x00000000         0xffffffff

Linker script and memory map

LOAD c:/program files (x86)/gnu tools arm embedded/5.3 2016q1/bin/../lib/gcc/arm-none-eabi/5.3.1/armv7-m/crti.o
LOAD c:/program files (x86)/gnu tools arm embedded/5.3 2016q1/bin/../lib/gcc/arm-none-eabi/5.3.1/armv7-m/crtbegin.o
LOAD c:/program files (x86)/gnu tools arm embedded/5.3 2016q1/bin/../lib/gcc/arm-none-eabi/5.3.1/../../../../arm-none-eabi/lib/armv7-m/crt0.o
                0x20004fff                _estack = 0x20004fff
                0x00000200                _Min_Heap_Size = 0x200
                0x00000400                _Min_Stack_Size = 0x400

.isr_vector     0x08000000      0x10c
                0x08000000                . = ALIGN (0x4)
 *(.isr_vector)
 .isr_vector    0x08000000      0x10c ..\obj\startup_stm32f103xb.o
                0x08000000                g_pfnVectors
                0x0800010c                . = ALIGN (0x4)

.text           0x0800010c     0x5178
                0x0800010c                . = ALIGN (0x4)
 *(.text)
 .text          0x0800010c       0x5c c:/program files (x86)/gnu tools arm embedded/5.3 2016q1/bin/../lib/gcc/arm-none-eabi/5.3.1/armv7-m/crtbegin.o
 .text          0x08000168      0x3f8 ..\obj\stm32f10x_dma.o
                0x08000168                DMA_DeInit
                0x080002e0                DMA_Init
                0x0800035c                DMA_StructInit
                0x080003b0                DMA_Cmd
                0x080003e8                DMA_ITConfig
                0x08000424                DMA_SetCurrDataCounter
                0x08000440                DMA_GetCurrDataCounter
                0x08000458                DMA_GetFlagStatus
                0x080004a8                DMA_ClearFlag
                0x080004dc                DMA_GetITStatus
                0x0800052c                DMA_ClearITPendingBit
 .text          0x08000560       0x34 ..\obj\GPIO_setting.o
                0x08000560                GPIO_conf
 .text          0x08000594       0xb4 ..\obj\Timer_setting.o
                0x08000594                Timer_conf
                0x080005d4                enableTimer
                0x08000614                updatePeriod
                0x08000630                getTime
 .text          0x08000648      0x270 ..\obj\syscalls.o
                0x08000648                initialise_monitor_handles
                0x08000654                _getpid
                0x08000664                _kill
                0x08000684                _exit
                0x08000698                _read
                0x080006d4                _write
                0x0800070c                _sbrk
                0x08000764                _close
                0x0800077c                _fstat
                0x0800079c                _isatty
                0x080007b0                _lseek
                0x080007c8                _open
                0x080007e4                _wait
                0x08000804                _unlink
                0x08000824                _times
                0x0800083c                _stat
                0x0800085c                _link
                0x0800087c                _fork
                0x08000894                _execve
 .text          0x080008b8      0x24c ..\obj\system_stm32f10x.o
                0x080008b8                SystemInit
                0x08000920                SystemCoreClockUpdate
 .text          0x08000b04      0x128 ..\obj\stepperMotor.o
                0x08000b04                motorInit
                0x08000b64                setMotorID
                0x08000b7c                setCallBack
                0x08000b98                setPeriod
                0x08000bb4                stdMtr_drive_conf
                0x08000be4                sendConfToShiftReg
                0x08000c10                outputData
 .text          0x08000c2c      0x3b8 ..\obj\RelativeTimeLinkList.o
                0x08000c2c                updateCurTime
                0x08000c48                updateBaseTime
                0x08000c64                findTheNodeNearPeriodForBase
                0x08000cc4                getWholeActionTime
                0x08000cfc                updateActionTime
                0x08000d18                insertTimeElement
                0x08000d3c                timerListAdd
                0x08000e80                newTimerListAdd
                0x08000fb0                timerListDelete
 .text          0x08000fe4       0x50 ..\obj\DMA_setting.o
                0x08000fe4                DMA_conf
 .text          0x08001034      0x1e4 ..\obj\Coroutine.o
                0x08001034                TIM2_IRQHandler
                0x080010e4                motorControl
                0x08001118                timerDelay
                0x08001194                headPointToNext
                0x080011ec                getMotorSetting
 .text          0x08001218     0x1e0c ..\obj\stm32f10x_tim.o
                0x08001218                TIM_DeInit
                0x08001444                TIM_TimeBaseInit
                0x0800153c                TIM_OC1Init
                0x08001654                TIM_OC2Init
                0x08001764                TIM_OC3Init
                0x08001870                TIM_OC4Init
                0x08001940                TIM_ICInit
                0x080019e8                TIM_PWMIConfig
                0x08001aa0                TIM_BDTRConfig
                0x08001af0                TIM_TimeBaseStructInit
                0x08001b24                TIM_OCStructInit
                0x08001b68                TIM_ICStructInit
                0x08001b98                TIM_BDTRStructInit
                0x08001bd4                TIM_Cmd
                0x08001c14                TIM_CtrlPWMOutputs
                0x08001c60                TIM_ITConfig
                0x08001ca8                TIM_GenerateEvent
                0x08001cc4                TIM_DMAConfig
                0x08001cec                TIM_DMACmd
                0x08001d34                TIM_InternalClockConfig
                0x08001d58                TIM_ITRxExternalClockConfig
                0x08001d88                TIM_TIxExternalClockConfig
                0x08001de4                TIM_ETRClockMode1Config
                0x08001e44                TIM_ETRClockMode2Config
                0x08001e84                TIM_ETRConfig
                0x08001ed8                TIM_PrescalerConfig
                0x08001f00                TIM_CounterModeConfig
                0x08001f38                TIM_SelectInputTrigger
                0x08001f70                TIM_EncoderInterfaceConfig
                0x08002008                TIM_ForcedOC1Config
                0x08002040                TIM_ForcedOC2Config
                0x0800207c                TIM_ForcedOC3Config
                0x080020b4                TIM_ForcedOC4Config
                0x080020f0                TIM_ARRPreloadConfig
                0x08002130                TIM_SelectCOM
                0x08002170                TIM_SelectCCDMA
                0x080021b0                TIM_CCPreloadControl
                0x080021f0                TIM_OC1PreloadConfig
                0x08002228                TIM_OC2PreloadConfig
                0x08002264                TIM_OC3PreloadConfig
                0x0800229c                TIM_OC4PreloadConfig
                0x080022d8                TIM_OC1FastConfig
                0x08002310                TIM_OC2FastConfig
                0x0800234c                TIM_OC3FastConfig
                0x08002384                TIM_OC4FastConfig
                0x080023c0                TIM_ClearOC1Ref
                0x080023f8                TIM_ClearOC2Ref
                0x08002434                TIM_ClearOC3Ref
                0x0800246c                TIM_ClearOC4Ref
                0x080024a8                TIM_OC1PolarityConfig
                0x080024e0                TIM_OC1NPolarityConfig
                0x08002518                TIM_OC2PolarityConfig
                0x08002554                TIM_OC2NPolarityConfig
                0x08002590                TIM_OC3PolarityConfig
                0x080025cc                TIM_OC3NPolarityConfig
                0x08002608                TIM_OC4PolarityConfig
                0x08002644                TIM_CCxCmd
                0x0800269c                TIM_CCxNCmd
                0x080026f4                TIM_SelectOCxM
                0x080027a0                TIM_UpdateDisableConfig
                0x080027e0                TIM_UpdateRequestConfig
                0x08002820                TIM_SelectHallSensor
                0x08002860                TIM_SelectOnePulseMode
                0x08002898                TIM_SelectOutputTrigger
                0x080028d0                TIM_SelectSlaveMode
                0x08002908                TIM_SelectMasterSlaveMode
                0x08002940                TIM_SetCounter
                0x0800295c                TIM_SetAutoreload
                0x08002978                TIM_SetCompare1
                0x08002994                TIM_SetCompare2
                0x080029b0                TIM_SetCompare3
                0x080029cc                TIM_SetCompare4
                0x080029ec                TIM_SetIC1Prescaler
                0x08002a24                TIM_SetIC2Prescaler
                0x08002a60                TIM_SetIC3Prescaler
                0x08002a98                TIM_SetIC4Prescaler
                0x08002ad4                TIM_SetClockDivision
                0x08002b0c                TIM_GetCapture1
                0x08002b24                TIM_GetCapture2
                0x08002b3c                TIM_GetCapture3
                0x08002b54                TIM_GetCapture4
                0x08002b70                TIM_GetCounter
                0x08002b88                TIM_GetPrescaler
                0x08002ba0                TIM_GetFlagStatus
                0x08002bd8                TIM_ClearFlag
                0x08002bf8                TIM_GetITStatus
                0x08002c4c                TIM_ClearITPendingBit
 .text          0x08003024      0x5e8 ..\obj\stm32f10x_gpio.o
                0x08003024                GPIO_DeInit
                0x08003108                GPIO_AFIODeInit
                0x08003120                GPIO_Init
                0x08003298                GPIO_StructInit
                0x080032c0                GPIO_ReadInputDataBit
                0x080032f4                GPIO_ReadInputData
                0x0800330c                GPIO_ReadOutputDataBit
                0x08003340                GPIO_ReadOutputData
                0x08003358                GPIO_SetBits
                0x08003374                GPIO_ResetBits
                0x08003390                GPIO_WriteBit
                0x080033c0                GPIO_Write
                0x080033dc                GPIO_PinLockConfig
                0x08003420                GPIO_EventOutputConfig
                0x0800346c                GPIO_EventOutputCmd
                0x0800348c                GPIO_PinRemapConfig
                0x0800356c                GPIO_EXTILineConfig
                0x080035f0                GPIO_ETH_MediaInterfaceConfig
 .text          0x0800360c       0xd4 ..\obj\SPI_setting.o
                0x0800360c                enableSPI
                0x0800364c                SPI_conf
 .text          0x080036e0      0x7d0 ..\obj\stm32f10x_rcc.o
                0x080036e0                RCC_DeInit
                0x0800373c                RCC_HSEConfig
                0x08003798                RCC_WaitForHSEStartUp
                0x080037e8                RCC_AdjustHSICalibrationValue
                0x08003824                RCC_HSICmd
                0x08003844                RCC_PLLConfig
                0x08003880                RCC_PLLCmd
                0x080038a0                RCC_SYSCLKConfig
                0x080038d8                RCC_GetSYSCLKSource
                0x080038f4                RCC_HCLKConfig
                0x0800392c                RCC_PCLK1Config
                0x08003964                RCC_PCLK2Config
                0x0800399c                RCC_ITConfig
                0x080039e8                RCC_USBCLKConfig
                0x08003a04                RCC_ADCCLKConfig
                0x08003a3c                RCC_LSEConfig
                0x08003a7c                RCC_LSICmd
                0x08003a9c                RCC_RTCCLKConfig
                0x08003ac0                RCC_RTCCLKCmd
                0x08003ae0                RCC_GetClocksFreq
                0x08003c40                RCC_AHBPeriphClockCmd
                0x08003c7c                RCC_APB2PeriphClockCmd
                0x08003cb8                RCC_APB1PeriphClockCmd
                0x08003cf4                RCC_APB2PeriphResetCmd
                0x08003d30                RCC_APB1PeriphResetCmd
                0x08003d6c                RCC_BackupResetCmd
                0x08003d8c                RCC_ClockSecuritySystemCmd
                0x08003dac                RCC_MCOConfig
                0x08003dcc                RCC_GetFlagStatus
                0x08003e40                RCC_ClearFlag
                0x08003e5c                RCC_GetITStatus
                0x08003e90                RCC_ClearITPendingBit
 .text          0x08003eb0      0x124 ..\obj\Linklist.o
                0x08003eb0                createLinkedList
                0x08003ee8                createLinkedElement
                0x08003f18                addList
                0x08003f74                addListInCycle
 .text          0x08003fd4      0x6e8 ..\obj\stm32f10x_spi.o
                0x08003fd4                SPI_I2S_DeInit
                0x08004048                SPI_Init
                0x080040d0                I2S_Init
                0x08004238                SPI_StructInit
                0x08004280                I2S_StructInit
                0x080042b8                SPI_Cmd
                0x080042f8                I2S_Cmd
                0x08004338                SPI_I2S_ITConfig
                0x08004398                SPI_I2S_DMACmd
                0x080043e0                SPI_I2S_SendData
                0x080043fc                SPI_I2S_ReceiveData
                0x08004414                SPI_NSSInternalSoftwareConfig
                0x08004458                SPI_SSOutputCmd
                0x08004498                SPI_DataSizeConfig
                0x080044d0                SPI_TransmitCRC
                0x080044f4                SPI_CalculateCRC
                0x08004534                SPI_GetCRC
                0x08004564                SPI_GetCRCPolynomial
                0x0800457c                SPI_BiDirectionalLineConfig
                0x080045bc                SPI_I2S_GetFlagStatus
                0x080045f4                SPI_I2S_ClearFlag
                0x08004614                SPI_I2S_GetITStatus
                0x08004688                SPI_I2S_ClearITPendingBit
 .text          0x080046bc      0x21c ..\obj\main.o
                0x080046ec                main
                0x08004770                SPI1_DMA1_init
                0x080047b8                Tim2_init
                0x0800481c                SPI1_init
                0x080048ac                delay
 *(.text*)
 .text.__libc_init_array
                0x080048d8       0x50 c:/program files (x86)/gnu tools arm embedded/5.3 2016q1/bin/../lib/gcc/arm-none-eabi/5.3.1/../../../../arm-none-eabi/lib/armv7-m\libc.a(lib_a-init.o)
                0x080048d8                __libc_init_array
 .text.startup.register_fini
                0x08004928       0x14 c:/program files (x86)/gnu tools arm embedded/5.3 2016q1/bin/../lib/gcc/arm-none-eabi/5.3.1/../../../../arm-none-eabi/lib/armv7-m\libc.a(lib_a-__call_atexit.o)
 .text.atexit   0x0800493c        0xc c:/program files (x86)/gnu tools arm embedded/5.3 2016q1/bin/../lib/gcc/arm-none-eabi/5.3.1/../../../../arm-none-eabi/lib/armv7-m\libc.a(lib_a-atexit.o)
                0x0800493c                atexit
 .text.__libc_fini_array
                0x08004948       0x28 c:/program files (x86)/gnu tools arm embedded/5.3 2016q1/bin/../lib/gcc/arm-none-eabi/5.3.1/../../../../arm-none-eabi/lib/armv7-m\libc.a(lib_a-fini.o)
                0x08004948                __libc_fini_array
 .text.__register_exitproc
                0x08004970       0xa4 c:/program files (x86)/gnu tools arm embedded/5.3 2016q1/bin/../lib/gcc/arm-none-eabi/5.3.1/../../../../arm-none-eabi/lib/armv7-m\libc.a(lib_a-__atexit.o)
                0x08004970                __register_exitproc
 .text.Reset_Handler
                0x08004a14       0x48 ..\obj\startup_stm32f103xb.o
                0x08004a14                Reset_Handler
 .text.Default_Handler
                0x08004a5c        0x2 ..\obj\startup_stm32f103xb.o
                0x08004a5c                RTC_Alarm_IRQHandler
                0x08004a5c                EXTI2_IRQHandler
                0x08004a5c                DebugMon_Handler
                0x08004a5c                TIM1_CC_IRQHandler
                0x08004a5c                HardFault_Handler
                0x08004a5c                SysTick_Handler
                0x08004a5c                PVD_IRQHandler
                0x08004a5c                PendSV_Handler
                0x08004a5c                NMI_Handler
                0x08004a5c                EXTI3_IRQHandler
                0x08004a5c                EXTI0_IRQHandler
                0x08004a5c                I2C2_EV_IRQHandler
                0x08004a5c                UsageFault_Handler
                0x08004a5c                ADC1_2_IRQHandler
                0x08004a5c                SPI1_IRQHandler
                0x08004a5c                TAMPER_IRQHandler
                0x08004a5c                DMA1_Channel4_IRQHandler
                0x08004a5c                USART3_IRQHandler
                0x08004a5c                RTC_IRQHandler
                0x08004a5c                DMA1_Channel7_IRQHandler
                0x08004a5c                CAN1_RX1_IRQHandler
                0x08004a5c                TIM4_IRQHandler
                0x08004a5c                I2C1_EV_IRQHandler
                0x08004a5c                DMA1_Channel6_IRQHandler
                0x08004a5c                TIM3_IRQHandler
                0x08004a5c                RCC_IRQHandler
                0x08004a5c                TIM1_TRG_COM_IRQHandler
                0x08004a5c                DMA1_Channel1_IRQHandler
                0x08004a5c                Default_Handler
                0x08004a5c                EXTI15_10_IRQHandler
                0x08004a5c                EXTI9_5_IRQHandler
                0x08004a5c                SPI2_IRQHandler
                0x08004a5c                MemManage_Handler
                0x08004a5c                SVC_Handler
                0x08004a5c                DMA1_Channel5_IRQHandler
                0x08004a5c                EXTI4_IRQHandler
                0x08004a5c                USB_LP_CAN1_RX0_IRQHandler
                0x08004a5c                USB_HP_CAN1_TX_IRQHandler
                0x08004a5c                DMA1_Channel3_IRQHandler
                0x08004a5c                TIM1_UP_IRQHandler
                0x08004a5c                WWDG_IRQHandler
                0x08004a5c                TIM1_BRK_IRQHandler
                0x08004a5c                EXTI1_IRQHandler
                0x08004a5c                USART2_IRQHandler
                0x08004a5c                I2C2_ER_IRQHandler
                0x08004a5c                DMA1_Channel2_IRQHandler
                0x08004a5c                CAN1_SCE_IRQHandler
                0x08004a5c                FLASH_IRQHandler
                0x08004a5c                BusFault_Handler
                0x08004a5c                USART1_IRQHandler
                0x08004a5c                I2C1_ER_IRQHandler
                0x08004a5c                USBWakeUp_IRQHandler
 *fill*         0x08004a5e        0x2 
 .text.__errno  0x08004a60        0xc c:/program files (x86)/gnu tools arm embedded/5.3 2016q1/bin/../lib/gcc/arm-none-eabi/5.3.1/../../../../arm-none-eabi/lib/armv7-m\libg.a(lib_a-errno.o)
                0x08004a60                __errno
 .text.malloc   0x08004a6c       0x10 c:/program files (x86)/gnu tools arm embedded/5.3 2016q1/bin/../lib/gcc/arm-none-eabi/5.3.1/../../../../arm-none-eabi/lib/armv7-m\libg.a(lib_a-malloc.o)
                0x08004a6c                malloc
 .text._malloc_r
                0x08004a7c      0x558 c:/program files (x86)/gnu tools arm embedded/5.3 2016q1/bin/../lib/gcc/arm-none-eabi/5.3.1/../../../../arm-none-eabi/lib/armv7-m\libg.a(lib_a-mallocr.o)
                0x08004a7c                _malloc_r
 .text.__malloc_lock
                0x08004fd4        0x4 c:/program files (x86)/gnu tools arm embedded/5.3 2016q1/bin/../lib/gcc/arm-none-eabi/5.3.1/../../../../arm-none-eabi/lib/armv7-m\libg.a(lib_a-mlock.o)
                0x08004fd4                __malloc_lock
 .text.__malloc_unlock
                0x08004fd8        0x4 c:/program files (x86)/gnu tools arm embedded/5.3 2016q1/bin/../lib/gcc/arm-none-eabi/5.3.1/../../../../arm-none-eabi/lib/armv7-m\libg.a(lib_a-mlock.o)
                0x08004fd8                __malloc_unlock
 .text._sbrk_r  0x08004fdc       0x24 c:/program files (x86)/gnu tools arm embedded/5.3 2016q1/bin/../lib/gcc/arm-none-eabi/5.3.1/../../../../arm-none-eabi/lib/armv7-m\libg.a(lib_a-sbrkr.o)
                0x08004fdc                _sbrk_r
 .text._malloc_trim_r
                0x08005000       0x9c c:/program files (x86)/gnu tools arm embedded/5.3 2016q1/bin/../lib/gcc/arm-none-eabi/5.3.1/../../../../arm-none-eabi/lib/armv7-m\libg.a(lib_a-freer.o)
                0x08005000                _malloc_trim_r
 .text._free_r  0x0800509c      0x1d0 c:/program files (x86)/gnu tools arm embedded/5.3 2016q1/bin/../lib/gcc/arm-none-eabi/5.3.1/../../../../arm-none-eabi/lib/armv7-m\libg.a(lib_a-freer.o)
                0x0800509c                _free_r
 *(.glue_7)
 .glue_7        0x0800526c        0x0 linker stubs
 *(.glue_7t)
 .glue_7t       0x0800526c        0x0 linker stubs
 *(.eh_frame)
 .eh_frame      0x0800526c        0x0 c:/program files (x86)/gnu tools arm embedded/5.3 2016q1/bin/../lib/gcc/arm-none-eabi/5.3.1/armv7-m/crtbegin.o
 *(.init)
 .init          0x0800526c        0x4 c:/program files (x86)/gnu tools arm embedded/5.3 2016q1/bin/../lib/gcc/arm-none-eabi/5.3.1/armv7-m/crti.o
                0x0800526c                _init
 .init          0x08005270        0x8 c:/program files (x86)/gnu tools arm embedded/5.3 2016q1/bin/../lib/gcc/arm-none-eabi/5.3.1/armv7-m/crtn.o
 *(.fini)
 .fini          0x08005278        0x4 c:/program files (x86)/gnu tools arm embedded/5.3 2016q1/bin/../lib/gcc/arm-none-eabi/5.3.1/armv7-m/crti.o
                0x08005278                _fini
 .fini          0x0800527c        0x8 c:/program files (x86)/gnu tools arm embedded/5.3 2016q1/bin/../lib/gcc/arm-none-eabi/5.3.1/armv7-m/crtn.o
                0x08005284                . = ALIGN (0x4)
                0x08005284                _etext = .

.vfp11_veneer   0x08005284        0x0
 .vfp11_veneer  0x08005284        0x0 linker stubs

.v4_bx          0x08005284        0x0
 .v4_bx         0x08005284        0x0 linker stubs

.iplt           0x08005284        0x0
 .iplt          0x08005284        0x0 c:/program files (x86)/gnu tools arm embedded/5.3 2016q1/bin/../lib/gcc/arm-none-eabi/5.3.1/armv7-m/crtbegin.o

.rodata         0x08005284        0x8
                0x08005284                . = ALIGN (0x4)
 *(.rodata)
 *(.rodata*)
 .rodata.str1.4
                0x08005284        0x4 c:/program files (x86)/gnu tools arm embedded/5.3 2016q1/bin/../lib/gcc/arm-none-eabi/5.3.1/../../../../arm-none-eabi/lib/armv7-m\libc.a(lib_a-impure.o)
                                  0x2 (size before relaxing)
 .rodata._global_impure_ptr
                0x08005288        0x4 c:/program files (x86)/gnu tools arm embedded/5.3 2016q1/bin/../lib/gcc/arm-none-eabi/5.3.1/../../../../arm-none-eabi/lib/armv7-m\libc.a(lib_a-impure.o)
                0x08005288                _global_impure_ptr
                0x0800528c                . = ALIGN (0x4)

.rel.dyn        0x0800528c        0x0
 .rel.iplt      0x0800528c        0x0 c:/program files (x86)/gnu tools arm embedded/5.3 2016q1/bin/../lib/gcc/arm-none-eabi/5.3.1/armv7-m/crtbegin.o

.ARM.extab
 *(.ARM.extab* .gnu.linkonce.armextab.*)

.ARM            0x0800528c        0x0
                0x0800528c                __exidx_start = .
 *(.ARM.exidx*)
                0x0800528c                __exidx_end = .

.preinit_array  0x0800528c        0x0
                0x0800528c                PROVIDE (__preinit_array_start, .)
 *(.preinit_array*)
                0x0800528c                PROVIDE (__preinit_array_end, .)

.init_array     0x0800528c        0x8
                0x0800528c                PROVIDE (__init_array_start, .)
 *(SORT(.init_array.*))
 .init_array.00000
                0x0800528c        0x4 c:/program files (x86)/gnu tools arm embedded/5.3 2016q1/bin/../lib/gcc/arm-none-eabi/5.3.1/../../../../arm-none-eabi/lib/armv7-m\libc.a(lib_a-__call_atexit.o)
 *(.init_array*)
 .init_array    0x08005290        0x4 c:/program files (x86)/gnu tools arm embedded/5.3 2016q1/bin/../lib/gcc/arm-none-eabi/5.3.1/armv7-m/crtbegin.o
                0x08005294                PROVIDE (__init_array_end, .)

.fini_array     0x08005294        0x4
                0x08005294                PROVIDE (__fini_array_start, .)
 *(SORT(.fini_array.*))
 *(.fini_array*)
 .fini_array    0x08005294        0x4 c:/program files (x86)/gnu tools arm embedded/5.3 2016q1/bin/../lib/gcc/arm-none-eabi/5.3.1/armv7-m/crtbegin.o
                0x08005298                PROVIDE (__fini_array_end, .)
                0x08005298                _sidata = LOADADDR (.data)

.data           0x20000000      0x864 load address 0x08005298
                0x20000000                . = ALIGN (0x4)
                0x20000000                _sdata = .
 *(.data)
 .data          0x20000000       0x14 ..\obj\system_stm32f10x.o
                0x20000000                SystemCoreClock
                0x20000004                AHBPrescTable
 .data          0x20000014       0x14 ..\obj\stm32f10x_rcc.o
 *(.data*)
 .data.impure_data
                0x20000028      0x428 c:/program files (x86)/gnu tools arm embedded/5.3 2016q1/bin/../lib/gcc/arm-none-eabi/5.3.1/../../../../arm-none-eabi/lib/armv7-m\libc.a(lib_a-impure.o)
 .data._impure_ptr
                0x20000450        0x4 c:/program files (x86)/gnu tools arm embedded/5.3 2016q1/bin/../lib/gcc/arm-none-eabi/5.3.1/../../../../arm-none-eabi/lib/armv7-m\libc.a(lib_a-impure.o)
                0x20000450                _impure_ptr
 .data.__malloc_av_
                0x20000454      0x408 c:/program files (x86)/gnu tools arm embedded/5.3 2016q1/bin/../lib/gcc/arm-none-eabi/5.3.1/../../../../arm-none-eabi/lib/armv7-m\libg.a(lib_a-mallocr.o)
                0x20000454                __malloc_av_
 .data.__malloc_trim_threshold
                0x2000085c        0x4 c:/program files (x86)/gnu tools arm embedded/5.3 2016q1/bin/../lib/gcc/arm-none-eabi/5.3.1/../../../../arm-none-eabi/lib/armv7-m\libg.a(lib_a-mallocr.o)
                0x2000085c                __malloc_trim_threshold
 .data.__malloc_sbrk_base
                0x20000860        0x4 c:/program files (x86)/gnu tools arm embedded/5.3 2016q1/bin/../lib/gcc/arm-none-eabi/5.3.1/../../../../arm-none-eabi/lib/armv7-m\libg.a(lib_a-mallocr.o)
                0x20000860                __malloc_sbrk_base
                0x20000864                . = ALIGN (0x4)
                0x20000864                _edata = .

.jcr            0x20000864        0x0 load address 0x08005afc
 .jcr           0x20000864        0x0 c:/program files (x86)/gnu tools arm embedded/5.3 2016q1/bin/../lib/gcc/arm-none-eabi/5.3.1/armv7-m/crtbegin.o

.igot.plt       0x20000864        0x0 load address 0x08005afc
 .igot.plt      0x20000864        0x0 c:/program files (x86)/gnu tools arm embedded/5.3 2016q1/bin/../lib/gcc/arm-none-eabi/5.3.1/armv7-m/crtbegin.o
                0x20000864                . = ALIGN (0x4)

.bss            0x20000864       0x64 load address 0x08005afc
                0x20000864                _sbss = .
                0x20000864                __bss_start__ = _sbss
 *(.bss)
 .bss           0x20000864       0x1c c:/program files (x86)/gnu tools arm embedded/5.3 2016q1/bin/../lib/gcc/arm-none-eabi/5.3.1/armv7-m/crtbegin.o
 .bss           0x20000880        0x8 ..\obj\syscalls.o
                0x20000880                __env
 *(.bss*)
 .bss.__malloc_max_total_mem
                0x20000888        0x4 c:/program files (x86)/gnu tools arm embedded/5.3 2016q1/bin/../lib/gcc/arm-none-eabi/5.3.1/../../../../arm-none-eabi/lib/armv7-m\libg.a(lib_a-mallocr.o)
                0x20000888                __malloc_max_total_mem
 .bss.__malloc_max_sbrked_mem
                0x2000088c        0x4 c:/program files (x86)/gnu tools arm embedded/5.3 2016q1/bin/../lib/gcc/arm-none-eabi/5.3.1/../../../../arm-none-eabi/lib/armv7-m\libg.a(lib_a-mallocr.o)
                0x2000088c                __malloc_max_sbrked_mem
 .bss.__malloc_top_pad
                0x20000890        0x4 c:/program files (x86)/gnu tools arm embedded/5.3 2016q1/bin/../lib/gcc/arm-none-eabi/5.3.1/../../../../arm-none-eabi/lib/armv7-m\libg.a(lib_a-mallocr.o)
                0x20000890                __malloc_top_pad
 .bss.__malloc_current_mallinfo
                0x20000894       0x28 c:/program files (x86)/gnu tools arm embedded/5.3 2016q1/bin/../lib/gcc/arm-none-eabi/5.3.1/../../../../arm-none-eabi/lib/armv7-m\libg.a(lib_a-mallocr.o)
                0x20000894                __malloc_current_mallinfo
 *(COMMON)
 COMMON         0x200008bc        0x4 ..\obj\RelativeTimeLinkList.o
                0x200008bc                root
 COMMON         0x200008c0        0x1 ..\obj\main.o
                0x200008c0                txBuffer
 *fill*         0x200008c1        0x3 
 COMMON         0x200008c4        0x4 c:/program files (x86)/gnu tools arm embedded/5.3 2016q1/bin/../lib/gcc/arm-none-eabi/5.3.1/../../../../arm-none-eabi/lib/armv7-m\libg.a(lib_a-reent.o)
                0x200008c4                errno
                0x200008c8                . = ALIGN (0x4)
                0x200008c8                _ebss = .
                0x200008c8                __bss_end__ = _ebss

._user_heap_stack
                0x200008c8      0x600 load address 0x08005afc
                0x200008c8                . = ALIGN (0x4)
                0x200008c8                PROVIDE (end, .)
                [!provide]                PROVIDE (_end, .)
                0x20000ac8                . = (. + _Min_Heap_Size)
 *fill*         0x200008c8      0x200 
                0x20000ec8                . = (. + _Min_Stack_Size)
 *fill*         0x20000ac8      0x400 
                0x20000ec8                . = ALIGN (0x4)

/DISCARD/
 libc.a(*)
 libm.a(*)
 libgcc.a(*)

.ARM.attributes
                0x00000000       0x29
 *(.ARM.attributes)
 .ARM.attributes
                0x00000000       0x1d c:/program files (x86)/gnu tools arm embedded/5.3 2016q1/bin/../lib/gcc/arm-none-eabi/5.3.1/armv7-m/crti.o
 .ARM.attributes
                0x0000001d       0x2d c:/program files (x86)/gnu tools arm embedded/5.3 2016q1/bin/../lib/gcc/arm-none-eabi/5.3.1/armv7-m/crtbegin.o
 .ARM.attributes
                0x0000004a       0x33 ..\obj\stm32f10x_dma.o
 .ARM.attributes
                0x0000007d       0x33 ..\obj\GPIO_setting.o
 .ARM.attributes
                0x000000b0       0x33 ..\obj\Timer_setting.o
 .ARM.attributes
                0x000000e3       0x33 ..\obj\syscalls.o
 .ARM.attributes
                0x00000116       0x33 ..\obj\system_stm32f10x.o
 .ARM.attributes
                0x00000149       0x33 ..\obj\stepperMotor.o
 .ARM.attributes
                0x0000017c       0x33 ..\obj\RelativeTimeLinkList.o
 .ARM.attributes
                0x000001af       0x33 ..\obj\DMA_setting.o
 .ARM.attributes
                0x000001e2       0x21 ..\obj\startup_stm32f103xb.o
 .ARM.attributes
                0x00000203       0x33 ..\obj\Coroutine.o
 .ARM.attributes
                0x00000236       0x33 ..\obj\stm32f10x_tim.o
 .ARM.attributes
                0x00000269       0x33 ..\obj\stm32f10x_gpio.o
 .ARM.attributes
                0x0000029c       0x33 ..\obj\SPI_setting.o
 .ARM.attributes
                0x000002cf       0x33 ..\obj\stm32f10x_rcc.o
 .ARM.attributes
                0x00000302       0x33 ..\obj\Linklist.o
 .ARM.attributes
                0x00000335       0x33 ..\obj\stm32f10x_spi.o
 .ARM.attributes
                0x00000368       0x33 ..\obj\main.o
 .ARM.attributes
                0x0000039b       0x2d c:/program files (x86)/gnu tools arm embedded/5.3 2016q1/bin/../lib/gcc/arm-none-eabi/5.3.1/../../../../arm-none-eabi/lib/armv7-m\libg.a(lib_a-errno.o)
 .ARM.attributes
                0x000003c8       0x2d c:/program files (x86)/gnu tools arm embedded/5.3 2016q1/bin/../lib/gcc/arm-none-eabi/5.3.1/../../../../arm-none-eabi/lib/armv7-m\libg.a(lib_a-malloc.o)
 .ARM.attributes
                0x000003f5       0x2d c:/program files (x86)/gnu tools arm embedded/5.3 2016q1/bin/../lib/gcc/arm-none-eabi/5.3.1/../../../../arm-none-eabi/lib/armv7-m\libg.a(lib_a-mallocr.o)
 .ARM.attributes
                0x00000422       0x2d c:/program files (x86)/gnu tools arm embedded/5.3 2016q1/bin/../lib/gcc/arm-none-eabi/5.3.1/../../../../arm-none-eabi/lib/armv7-m\libg.a(lib_a-mlock.o)
 .ARM.attributes
                0x0000044f       0x2d c:/program files (x86)/gnu tools arm embedded/5.3 2016q1/bin/../lib/gcc/arm-none-eabi/5.3.1/../../../../arm-none-eabi/lib/armv7-m\libg.a(lib_a-sbrkr.o)
 .ARM.attributes
                0x0000047c       0x2d c:/program files (x86)/gnu tools arm embedded/5.3 2016q1/bin/../lib/gcc/arm-none-eabi/5.3.1/../../../../arm-none-eabi/lib/armv7-m\libg.a(lib_a-freer.o)
 .ARM.attributes
                0x000004a9       0x2d c:/program files (x86)/gnu tools arm embedded/5.3 2016q1/bin/../lib/gcc/arm-none-eabi/5.3.1/../../../../arm-none-eabi/lib/armv7-m\libg.a(lib_a-reent.o)
 .ARM.attributes
                0x000004d6       0x1d c:/program files (x86)/gnu tools arm embedded/5.3 2016q1/bin/../lib/gcc/arm-none-eabi/5.3.1/armv7-m/crtn.o
LOAD ..\obj\stm32f10x_dma.o
LOAD ..\obj\GPIO_setting.o
LOAD ..\obj\Timer_setting.o
LOAD ..\obj\syscalls.o
LOAD ..\obj\system_stm32f10x.o
LOAD ..\obj\stepperMotor.o
LOAD ..\obj\RelativeTimeLinkList.o
LOAD ..\obj\DMA_setting.o
LOAD ..\obj\startup_stm32f103xb.o
LOAD ..\obj\Coroutine.o
LOAD ..\obj\stm32f10x_tim.o
LOAD ..\obj\stm32f10x_gpio.o
LOAD ..\obj\SPI_setting.o
LOAD ..\obj\projectStruct.o
LOAD ..\obj\stm32f10x_rcc.o
LOAD ..\obj\Linklist.o
LOAD ..\obj\stm32f10x_spi.o
LOAD ..\obj\main.o
START GROUP
LOAD c:/program files (x86)/gnu tools arm embedded/5.3 2016q1/bin/../lib/gcc/arm-none-eabi/5.3.1/armv7-m\libgcc.a
LOAD c:/program files (x86)/gnu tools arm embedded/5.3 2016q1/bin/../lib/gcc/arm-none-eabi/5.3.1/../../../../arm-none-eabi/lib/armv7-m\libg.a
LOAD c:/program files (x86)/gnu tools arm embedded/5.3 2016q1/bin/../lib/gcc/arm-none-eabi/5.3.1/../../../../arm-none-eabi/lib/armv7-m\libc.a
END GROUP
LOAD c:/program files (x86)/gnu tools arm embedded/5.3 2016q1/bin/../lib/gcc/arm-none-eabi/5.3.1/armv7-m/crtend.o
LOAD c:/program files (x86)/gnu tools arm embedded/5.3 2016q1/bin/../lib/gcc/arm-none-eabi/5.3.1/armv7-m/crtn.o
OUTPUT(PCB Laser Etcher.elf elf32-littlearm)

.debug_info     0x00000000     0x6bd4
 .debug_info    0x00000000      0x47b ..\obj\stm32f10x_dma.o
 .debug_info    0x0000047b      0x244 ..\obj\GPIO_setting.o
 .debug_info    0x000006bf      0x448 ..\obj\Timer_setting.o
 .debug_info    0x00000b07      0x663 ..\obj\syscalls.o
 .debug_info    0x0000116a      0x49c ..\obj\system_stm32f10x.o
 .debug_info    0x00001606      0x47a ..\obj\stepperMotor.o
 .debug_info    0x00001a80      0x4e5 ..\obj\RelativeTimeLinkList.o
 .debug_info    0x00001f65      0x221 ..\obj\DMA_setting.o
 .debug_info    0x00002186       0xca ..\obj\startup_stm32f103xb.o
 .debug_info    0x00002250      0x520 ..\obj\Coroutine.o
 .debug_info    0x00002770     0x1c60 ..\obj\stm32f10x_tim.o
 .debug_info    0x000043d0      0x6f6 ..\obj\stm32f10x_gpio.o
 .debug_info    0x00004ac6      0x305 ..\obj\SPI_setting.o
 .debug_info    0x00004dcb      0x8a3 ..\obj\stm32f10x_rcc.o
 .debug_info    0x0000566e      0x200 ..\obj\Linklist.o
 .debug_info    0x0000586e      0x8fb ..\obj\stm32f10x_spi.o
 .debug_info    0x00006169      0xa6b ..\obj\main.o

.debug_abbrev   0x00000000     0x165c
 .debug_abbrev  0x00000000      0x157 ..\obj\stm32f10x_dma.o
 .debug_abbrev  0x00000157      0x109 ..\obj\GPIO_setting.o
 .debug_abbrev  0x00000260      0x130 ..\obj\Timer_setting.o
 .debug_abbrev  0x00000390      0x174 ..\obj\syscalls.o
 .debug_abbrev  0x00000504      0x14e ..\obj\system_stm32f10x.o
 .debug_abbrev  0x00000652      0x17d ..\obj\stepperMotor.o
 .debug_abbrev  0x000007cf      0x115 ..\obj\RelativeTimeLinkList.o
 .debug_abbrev  0x000008e4       0xe2 ..\obj\DMA_setting.o
 .debug_abbrev  0x000009c6       0x12 ..\obj\startup_stm32f103xb.o
 .debug_abbrev  0x000009d8      0x17d ..\obj\Coroutine.o
 .debug_abbrev  0x00000b55      0x1b2 ..\obj\stm32f10x_tim.o
 .debug_abbrev  0x00000d07      0x1cc ..\obj\stm32f10x_gpio.o
 .debug_abbrev  0x00000ed3      0x114 ..\obj\SPI_setting.o
 .debug_abbrev  0x00000fe7      0x1bc ..\obj\stm32f10x_rcc.o
 .debug_abbrev  0x000011a3      0x106 ..\obj\Linklist.o
 .debug_abbrev  0x000012a9      0x180 ..\obj\stm32f10x_spi.o
 .debug_abbrev  0x00001429      0x233 ..\obj\main.o

.debug_aranges  0x00000000      0x228
 .debug_aranges
                0x00000000       0x20 ..\obj\stm32f10x_dma.o
 .debug_aranges
                0x00000020       0x20 ..\obj\GPIO_setting.o
 .debug_aranges
                0x00000040       0x20 ..\obj\Timer_setting.o
 .debug_aranges
                0x00000060       0x20 ..\obj\syscalls.o
 .debug_aranges
                0x00000080       0x20 ..\obj\system_stm32f10x.o
 .debug_aranges
                0x000000a0       0x20 ..\obj\stepperMotor.o
 .debug_aranges
                0x000000c0       0x20 ..\obj\RelativeTimeLinkList.o
 .debug_aranges
                0x000000e0       0x20 ..\obj\DMA_setting.o
 .debug_aranges
                0x00000100       0x28 ..\obj\startup_stm32f103xb.o
 .debug_aranges
                0x00000128       0x20 ..\obj\Coroutine.o
 .debug_aranges
                0x00000148       0x20 ..\obj\stm32f10x_tim.o
 .debug_aranges
                0x00000168       0x20 ..\obj\stm32f10x_gpio.o
 .debug_aranges
                0x00000188       0x20 ..\obj\SPI_setting.o
 .debug_aranges
                0x000001a8       0x20 ..\obj\stm32f10x_rcc.o
 .debug_aranges
                0x000001c8       0x20 ..\obj\Linklist.o
 .debug_aranges
                0x000001e8       0x20 ..\obj\stm32f10x_spi.o
 .debug_aranges
                0x00000208       0x20 ..\obj\main.o

.debug_line     0x00000000     0x2ce9
 .debug_line    0x00000000      0x31f ..\obj\stm32f10x_dma.o
 .debug_line    0x0000031f      0x245 ..\obj\GPIO_setting.o
 .debug_line    0x00000564      0x252 ..\obj\Timer_setting.o
 .debug_line    0x000007b6      0x178 ..\obj\syscalls.o
 .debug_line    0x0000092e      0x223 ..\obj\system_stm32f10x.o
 .debug_line    0x00000b51      0x214 ..\obj\stepperMotor.o
 .debug_line    0x00000d65      0x1f8 ..\obj\RelativeTimeLinkList.o
 .debug_line    0x00000f5d      0x24d ..\obj\DMA_setting.o
 .debug_line    0x000011aa       0xb4 ..\obj\startup_stm32f103xb.o
 .debug_line    0x0000125e      0x259 ..\obj\Coroutine.o
 .debug_line    0x000014b7      0x71c ..\obj\stm32f10x_tim.o
 .debug_line    0x00001bd3      0x357 ..\obj\stm32f10x_gpio.o
 .debug_line    0x00001f2a      0x25d ..\obj\SPI_setting.o
 .debug_line    0x00002187      0x3a0 ..\obj\stm32f10x_rcc.o
 .debug_line    0x00002527      0x17f ..\obj\Linklist.o
 .debug_line    0x000026a6      0x36e ..\obj\stm32f10x_spi.o
 .debug_line    0x00002a14      0x2d5 ..\obj\main.o

.debug_str      0x00000000     0x292c
 .debug_str     0x00000000      0x362 ..\obj\stm32f10x_dma.o
                                0x3ca (size before relaxing)
 .debug_str     0x00000362      0x178 ..\obj\GPIO_setting.o
                                0x2c0 (size before relaxing)
 .debug_str     0x000004da      0x20f ..\obj\Timer_setting.o
                                0x385 (size before relaxing)
 .debug_str     0x000006e9      0x292 ..\obj\syscalls.o
                                0x3ba (size before relaxing)
 .debug_str     0x0000097b      0x17f ..\obj\system_stm32f10x.o
                                0x2f6 (size before relaxing)
 .debug_str     0x00000afa      0x17b ..\obj\stepperMotor.o
                                0x3a6 (size before relaxing)
 .debug_str     0x00000c75      0x1ba ..\obj\RelativeTimeLinkList.o
                                0x369 (size before relaxing)
 .debug_str     0x00000e2f       0x9d ..\obj\DMA_setting.o
                                0x2b1 (size before relaxing)
 .debug_str     0x00000ecc       0x8b ..\obj\Coroutine.o
                                0x41d (size before relaxing)
 .debug_str     0x00000f57      0xa7d ..\obj\stm32f10x_tim.o
                                0xdf0 (size before relaxing)
 .debug_str     0x000019d4      0x272 ..\obj\stm32f10x_gpio.o
                                0x52c (size before relaxing)
 .debug_str     0x00001c46       0xe5 ..\obj\SPI_setting.o
                                0x2ec (size before relaxing)
 .debug_str     0x00001d2b      0x406 ..\obj\stm32f10x_rcc.o
                                0x62d (size before relaxing)
 .debug_str     0x00002131       0x8b ..\obj\Linklist.o
                                0x271 (size before relaxing)
 .debug_str     0x000021bc      0x2eb ..\obj\stm32f10x_spi.o
                                0x610 (size before relaxing)
 .debug_str     0x000024a7      0x485 ..\obj\main.o
                                0x937 (size before relaxing)

.comment        0x00000000       0x6e
 .comment       0x00000000       0x6e ..\obj\stm32f10x_dma.o
                                 0x6f (size before relaxing)
 .comment       0x0000006e       0x6f ..\obj\GPIO_setting.o
 .comment       0x0000006e       0x6f ..\obj\Timer_setting.o
 .comment       0x0000006e       0x6f ..\obj\syscalls.o
 .comment       0x0000006e       0x6f ..\obj\system_stm32f10x.o
 .comment       0x0000006e       0x6f ..\obj\stepperMotor.o
 .comment       0x0000006e       0x6f ..\obj\RelativeTimeLinkList.o
 .comment       0x0000006e       0x6f ..\obj\DMA_setting.o
 .comment       0x0000006e       0x6f ..\obj\Coroutine.o
 .comment       0x0000006e       0x6f ..\obj\stm32f10x_tim.o
 .comment       0x0000006e       0x6f ..\obj\stm32f10x_gpio.o
 .comment       0x0000006e       0x6f ..\obj\SPI_setting.o
 .comment       0x0000006e       0x6f ..\obj\stm32f10x_rcc.o
 .comment       0x0000006e       0x6f ..\obj\Linklist.o
 .comment       0x0000006e       0x6f ..\obj\stm32f10x_spi.o
 .comment       0x0000006e       0x6f ..\obj\main.o

.debug_frame    0x00000000     0x26e0
 .debug_frame   0x00000000      0x1c8 ..\obj\stm32f10x_dma.o
 .debug_frame   0x000001c8       0x34 ..\obj\GPIO_setting.o
 .debug_frame   0x000001fc       0xac ..\obj\Timer_setting.o
 .debug_frame   0x000002a8      0x2d4 ..\obj\syscalls.o
 .debug_frame   0x0000057c       0x98 ..\obj\system_stm32f10x.o
 .debug_frame   0x00000614      0x114 ..\obj\stepperMotor.o
 .debug_frame   0x00000728      0x170 ..\obj\RelativeTimeLinkList.o
 .debug_frame   0x00000898       0x34 ..\obj\DMA_setting.o
 .debug_frame   0x000008cc       0xd0 ..\obj\Coroutine.o
 .debug_frame   0x0000099c      0xe2c ..\obj\stm32f10x_tim.o
 .debug_frame   0x000017c8      0x2d0 ..\obj\stm32f10x_gpio.o
 .debug_frame   0x00001a98       0x5c ..\obj\SPI_setting.o
 .debug_frame   0x00001af4      0x4f4 ..\obj\stm32f10x_rcc.o
 .debug_frame   0x00001fe8       0xa8 ..\obj\Linklist.o
 .debug_frame   0x00002090      0x3a0 ..\obj\stm32f10x_spi.o
 .debug_frame   0x00002430       0xe4 ..\obj\main.o
 .debug_frame   0x00002514       0x20 c:/program files (x86)/gnu tools arm embedded/5.3 2016q1/bin/../lib/gcc/arm-none-eabi/5.3.1/../../../../arm-none-eabi/lib/armv7-m\libg.a(lib_a-errno.o)
 .debug_frame   0x00002534       0x30 c:/program files (x86)/gnu tools arm embedded/5.3 2016q1/bin/../lib/gcc/arm-none-eabi/5.3.1/../../../../arm-none-eabi/lib/armv7-m\libg.a(lib_a-malloc.o)
 .debug_frame   0x00002564       0x54 c:/program files (x86)/gnu tools arm embedded/5.3 2016q1/bin/../lib/gcc/arm-none-eabi/5.3.1/../../../../arm-none-eabi/lib/armv7-m\libg.a(lib_a-mallocr.o)
 .debug_frame   0x000025b8       0x30 c:/program files (x86)/gnu tools arm embedded/5.3 2016q1/bin/../lib/gcc/arm-none-eabi/5.3.1/../../../../arm-none-eabi/lib/armv7-m\libg.a(lib_a-mlock.o)
 .debug_frame   0x000025e8       0x2c c:/program files (x86)/gnu tools arm embedded/5.3 2016q1/bin/../lib/gcc/arm-none-eabi/5.3.1/../../../../arm-none-eabi/lib/armv7-m\libg.a(lib_a-sbrkr.o)
 .debug_frame   0x00002614       0x74 c:/program files (x86)/gnu tools arm embedded/5.3 2016q1/bin/../lib/gcc/arm-none-eabi/5.3.1/../../../../arm-none-eabi/lib/armv7-m\libg.a(lib_a-freer.o)
 .debug_frame   0x00002688       0x58 c:/program files (x86)/gnu tools arm embedded/5.3 2016q1/bin/../lib/gcc/arm-none-eabi/5.3.1/../../../../arm-none-eabi/lib/armv7-m\libg.a(lib_a-reent.o)

.debug_ranges   0x00000000       0x20
 .debug_ranges  0x00000000       0x20 ..\obj\startup_stm32f103xb.o
