Archive member included to satisfy reference by file (symbol)

c:/program files (x86)/gnu tools arm embedded/5.3 2016q1/bin/../lib/gcc/arm-none-eabi/5.3.1/../../../../arm-none-eabi/lib/armv7-m\libc.a(lib_a-exit.o)
                              c:/program files (x86)/gnu tools arm embedded/5.3 2016q1/bin/../lib/gcc/arm-none-eabi/5.3.1/../../../../arm-none-eabi/lib/armv7-m/crt0.o (exit)
c:/program files (x86)/gnu tools arm embedded/5.3 2016q1/bin/../lib/gcc/arm-none-eabi/5.3.1/../../../../arm-none-eabi/lib/armv7-m\libc.a(lib_a-impure.o)
                              c:/program files (x86)/gnu tools arm embedded/5.3 2016q1/bin/../lib/gcc/arm-none-eabi/5.3.1/../../../../arm-none-eabi/lib/armv7-m\libc.a(lib_a-exit.o) (_global_impure_ptr)
c:/program files (x86)/gnu tools arm embedded/5.3 2016q1/bin/../lib/gcc/arm-none-eabi/5.3.1/../../../../arm-none-eabi/lib/armv7-m\libc.a(lib_a-init.o)
                              c:/program files (x86)/gnu tools arm embedded/5.3 2016q1/bin/../lib/gcc/arm-none-eabi/5.3.1/../../../../arm-none-eabi/lib/armv7-m/crt0.o (__libc_init_array)
c:/program files (x86)/gnu tools arm embedded/5.3 2016q1/bin/../lib/gcc/arm-none-eabi/5.3.1/../../../../arm-none-eabi/lib/armv7-m\libc.a(lib_a-memset.o)
                              c:/program files (x86)/gnu tools arm embedded/5.3 2016q1/bin/../lib/gcc/arm-none-eabi/5.3.1/../../../../arm-none-eabi/lib/armv7-m/crt0.o (memset)
c:/program files (x86)/gnu tools arm embedded/5.3 2016q1/bin/../lib/gcc/arm-none-eabi/5.3.1/../../../../arm-none-eabi/lib/armv7-m\libc.a(lib_a-__call_atexit.o)
                              c:/program files (x86)/gnu tools arm embedded/5.3 2016q1/bin/../lib/gcc/arm-none-eabi/5.3.1/../../../../arm-none-eabi/lib/armv7-m\libc.a(lib_a-exit.o) (__call_exitprocs)
c:/program files (x86)/gnu tools arm embedded/5.3 2016q1/bin/../lib/gcc/arm-none-eabi/5.3.1/../../../../arm-none-eabi/lib/armv7-m\libc.a(lib_a-atexit.o)
                              c:/program files (x86)/gnu tools arm embedded/5.3 2016q1/bin/../lib/gcc/arm-none-eabi/5.3.1/../../../../arm-none-eabi/lib/armv7-m\libc.a(lib_a-__call_atexit.o) (atexit)
c:/program files (x86)/gnu tools arm embedded/5.3 2016q1/bin/../lib/gcc/arm-none-eabi/5.3.1/../../../../arm-none-eabi/lib/armv7-m\libc.a(lib_a-fini.o)
                              c:/program files (x86)/gnu tools arm embedded/5.3 2016q1/bin/../lib/gcc/arm-none-eabi/5.3.1/../../../../arm-none-eabi/lib/armv7-m\libc.a(lib_a-__call_atexit.o) (__libc_fini_array)
c:/program files (x86)/gnu tools arm embedded/5.3 2016q1/bin/../lib/gcc/arm-none-eabi/5.3.1/../../../../arm-none-eabi/lib/armv7-m\libc.a(lib_a-__atexit.o)
                              c:/program files (x86)/gnu tools arm embedded/5.3 2016q1/bin/../lib/gcc/arm-none-eabi/5.3.1/../../../../arm-none-eabi/lib/armv7-m\libc.a(lib_a-atexit.o) (__register_exitproc)
c:/program files (x86)/gnu tools arm embedded/5.3 2016q1/bin/../lib/gcc/arm-none-eabi/5.3.1/../../../../arm-none-eabi/lib/armv7-m\libg.a(lib_a-errno.o)
                              ..\obj\syscalls.o (__errno)
c:/program files (x86)/gnu tools arm embedded/5.3 2016q1/bin/../lib/gcc/arm-none-eabi/5.3.1/../../../../arm-none-eabi/lib/armv7-m\libg.a(lib_a-malloc.o)
                              ..\obj\Linklist.o (malloc)
c:/program files (x86)/gnu tools arm embedded/5.3 2016q1/bin/../lib/gcc/arm-none-eabi/5.3.1/../../../../arm-none-eabi/lib/armv7-m\libg.a(lib_a-mallocr.o)
                              c:/program files (x86)/gnu tools arm embedded/5.3 2016q1/bin/../lib/gcc/arm-none-eabi/5.3.1/../../../../arm-none-eabi/lib/armv7-m\libg.a(lib_a-malloc.o) (_malloc_r)
c:/program files (x86)/gnu tools arm embedded/5.3 2016q1/bin/../lib/gcc/arm-none-eabi/5.3.1/../../../../arm-none-eabi/lib/armv7-m\libg.a(lib_a-mlock.o)
                              c:/program files (x86)/gnu tools arm embedded/5.3 2016q1/bin/../lib/gcc/arm-none-eabi/5.3.1/../../../../arm-none-eabi/lib/armv7-m\libg.a(lib_a-mallocr.o) (__malloc_lock)
c:/program files (x86)/gnu tools arm embedded/5.3 2016q1/bin/../lib/gcc/arm-none-eabi/5.3.1/../../../../arm-none-eabi/lib/armv7-m\libg.a(lib_a-printf.o)
                              ..\obj\RelativeTimeLinkList.o (printf)
c:/program files (x86)/gnu tools arm embedded/5.3 2016q1/bin/../lib/gcc/arm-none-eabi/5.3.1/../../../../arm-none-eabi/lib/armv7-m\libg.a(lib_a-puts.o)
                              ..\obj\RelativeTimeLinkList.o (puts)
c:/program files (x86)/gnu tools arm embedded/5.3 2016q1/bin/../lib/gcc/arm-none-eabi/5.3.1/../../../../arm-none-eabi/lib/armv7-m\libg.a(lib_a-sbrkr.o)
                              c:/program files (x86)/gnu tools arm embedded/5.3 2016q1/bin/../lib/gcc/arm-none-eabi/5.3.1/../../../../arm-none-eabi/lib/armv7-m\libg.a(lib_a-mallocr.o) (_sbrk_r)
c:/program files (x86)/gnu tools arm embedded/5.3 2016q1/bin/../lib/gcc/arm-none-eabi/5.3.1/../../../../arm-none-eabi/lib/armv7-m\libg.a(lib_a-strlen-stub.o)
[...]
Memory Configuration

Name             Origin             Length             Attributes
FLASH            0x08000000         0x00010000         xr
RAM              0x20000000         0x00005000         xrw
*default*        0x00000000         0xffffffff

Linker script and memory map

LOAD c:/program files (x86)/gnu tools arm embedded/5.3 2016q1/bin/../lib/gcc/arm-none-eabi/5.3.1/armv7-m/crti.o
LOAD c:/program files (x86)/gnu tools arm embedded/5.3 2016q1/bin/../lib/gcc/arm-none-eabi/5.3.1/armv7-m/crtbegin.o
LOAD c:/program files (x86)/gnu tools arm embedded/5.3 2016q1/bin/../lib/gcc/arm-none-eabi/5.3.1/../../../../arm-none-eabi/lib/armv7-m/crt0.o
                0x20004fff                _estack = 0x20004fff
                0x00000200                _Min_Heap_Size = 0x200
                0x00000400                _Min_Stack_Size = 0x400

.isr_vector     0x08000000      0x10c
                0x08000000                . = ALIGN (0x4)
 *(.isr_vector)
 .isr_vector    0x08000000      0x10c ..\obj\startup_stm32f103xb.o
                0x08000000                g_pfnVectors
                0x0800010c                . = ALIGN (0x4)

.text           0x08000110     0xa7ec
                0x08000110                . = ALIGN (0x4)
 *(.text)
 .text          0x08000110       0x5c c:/program files (x86)/gnu tools arm embedded/5.3 2016q1/bin/../lib/gcc/arm-none-eabi/5.3.1/armv7-m/crtbegin.o
 .text          0x0800016c       0x18 ..\obj\getTick.o
                0x0800016c                getTick
 .text          0x08000184       0x20 ..\obj\DMA.o
                0x08000184                dmaQueue
 .text          0x080001a4      0x270 ..\obj\syscalls.o
                0x080001a4                initialise_monitor_handles
                0x080001b0                _getpid
                0x080001c0                _kill
                0x080001e0                _exit
                0x080001f4                _read
                0x08000230                _write
                0x08000268                _sbrk
                0x080002c0                _close
                0x080002d8                _fstat
                0x080002f8                _isatty
                0x0800030c                _lseek
                0x08000324                _open
                0x08000340                _wait
                0x08000360                _unlink
                0x08000380                _times
                0x08000398                _stat
                0x080003b8                _link
                0x080003d8                _fork
                0x080003f0                _execve
 .text          0x08000414      0x254 ..\obj\Timer.o
                0x08000414                timerDelay
                0x08000428                _timerDelay
                0x08000530                timerSetExpiry
                0x08000550                TIM2_IRQHandler
                0x08000648                getTickInterval
 .text          0x08000668      0x5e8 ..\obj\stm32f10x_gpio.o
                0x08000668                GPIO_DeInit
                0x0800074c                GPIO_AFIODeInit
                0x08000764                GPIO_Init
                0x080008dc                GPIO_StructInit
                0x08000904                GPIO_ReadInputDataBit
                0x08000938                GPIO_ReadInputData
                0x08000950                GPIO_ReadOutputDataBit
                0x08000984                GPIO_ReadOutputData
                0x0800099c                GPIO_SetBits
                0x080009b8                GPIO_ResetBits
                0x080009d4                GPIO_WriteBit
                0x08000a04                GPIO_Write
                0x08000a20                GPIO_PinLockConfig
                0x08000a64                GPIO_EventOutputConfig
                0x08000ab0                GPIO_EventOutputCmd
                0x08000ad0                GPIO_PinRemapConfig
                0x08000bb0                GPIO_EXTILineConfig
                0x08000c34                GPIO_ETH_MediaInterfaceConfig
 .text          0x08000c50       0xd4 ..\obj\SPI_setting.o
                0x08000c50                enableSPI
                0x08000c90                SPI_conf
 .text          0x08000d24      0x7d0 ..\obj\stm32f10x_rcc.o
                0x08000d24                RCC_DeInit
                0x08000d80                RCC_HSEConfig
                0x08000ddc                RCC_WaitForHSEStartUp
                0x08000e2c                RCC_AdjustHSICalibrationValue
                0x08000e68                RCC_HSICmd
                0x08000e88                RCC_PLLConfig
                0x08000ec4                RCC_PLLCmd
                0x08000ee4                RCC_SYSCLKConfig
                0x08000f1c                RCC_GetSYSCLKSource
                0x08000f38                RCC_HCLKConfig
                0x08000f70                RCC_PCLK1Config
                0x08000fa8                RCC_PCLK2Config
                0x08000fe0                RCC_ITConfig
                0x0800102c                RCC_USBCLKConfig
                0x08001048                RCC_ADCCLKConfig
                0x08001080                RCC_LSEConfig
                0x080010c0                RCC_LSICmd
                0x080010e0                RCC_RTCCLKConfig
                0x08001104                RCC_RTCCLKCmd
                0x08001124                RCC_GetClocksFreq
                0x08001284                RCC_AHBPeriphClockCmd
                0x080012c0                RCC_APB2PeriphClockCmd
                0x080012fc                RCC_APB1PeriphClockCmd
                0x08001338                RCC_APB2PeriphResetCmd
                0x08001374                RCC_APB1PeriphResetCmd
                0x080013b0                RCC_BackupResetCmd
                0x080013d0                RCC_ClockSecuritySystemCmd
                0x080013f0                RCC_MCOConfig
                0x08001410                RCC_GetFlagStatus
                0x08001484                RCC_ClearFlag
                0x080014a0                RCC_GetITStatus
                0x080014d4                RCC_ClearITPendingBit
 .text          0x080014f4      0x168 ..\obj\Linklist.o
                0x080014f4                createLinkedList
                0x0800152c                createLinkedElement
                0x0800155c                addList
                0x080015c8                elementDelete
                0x080015fc                linkedListRemove
 .text          0x0800165c      0x3f8 ..\obj\stm32f10x_dma.o
                0x0800165c                DMA_DeInit
                0x080017d4                DMA_Init
                0x08001850                DMA_StructInit
                0x080018a4                DMA_Cmd
                0x080018dc                DMA_ITConfig
                0x08001918                DMA_SetCurrDataCounter
                0x08001934                DMA_GetCurrDataCounter
                0x0800194c                DMA_GetFlagStatus
                0x0800199c                DMA_ClearFlag
                0x080019d0                DMA_GetITStatus
                0x08001a20                DMA_ClearITPendingBit
 .text          0x08001a54       0x34 ..\obj\GPIO_setting.o
                0x08001a54                GPIO_conf
 .text          0x08001a88       0xb4 ..\obj\Timer_setting.o
                0x08001a88                Timer_conf
                0x08001ac8                enableTimer
                0x08001b08                updatePeriod
                0x08001b24                getTime
 .text          0x08001b3c      0x24c ..\obj\system_stm32f10x.o
                0x08001b3c                SystemInit
                0x08001ba4                SystemCoreClockUpdate
 .text          0x08001d88      0x4e4 ..\obj\RelativeTimeLinkList.o
                0x08001d88                timerQueue
                0x08001f3c                updateCurTime
                0x08001f58                _updateBaseTime
                0x08001f74                searchTheNodeActionTimeNearbyPeriodFromBase
                0x08001fbc                getWholeActionTime
                0x08001ff8                updateActionTime
                0x08002014                insertTimeElementIntoLeft
                0x08002044                insertTimeElementIntoRight
                0x08002074                dequeue
                0x08002094                updateHead
                0x080020ec                timerListAdd
 .text          0x0800226c       0xa0 ..\obj\DMA_setting.o
                0x0800226c                DMA_conf
                0x080022bc                setDataNumber
                0x080022d8                getDataNumber
                0x080022f0                setMemoryAddress
 .text          0x0800230c     0x1e0c ..\obj\stm32f10x_tim.o
                0x0800230c                TIM_DeInit
                0x08002538                TIM_TimeBaseInit
                0x08002630                TIM_OC1Init
                0x08002748                TIM_OC2Init
                0x08002858                TIM_OC3Init
                0x08002964                TIM_OC4Init
                0x08002a34                TIM_ICInit
                0x08002adc                TIM_PWMIConfig
                0x08002b94                TIM_BDTRConfig
                0x08002be4                TIM_TimeBaseStructInit
                0x08002c18                TIM_OCStructInit
                0x08002c5c                TIM_ICStructInit
                0x08002c8c                TIM_BDTRStructInit
                0x08002cc8                TIM_Cmd
                0x08002d08                TIM_CtrlPWMOutputs
                0x08002d54                TIM_ITConfig
                0x08002d9c                TIM_GenerateEvent
                0x08002db8                TIM_DMAConfig
                0x08002de0                TIM_DMACmd
                0x08002e28                TIM_InternalClockConfig
                0x08002e4c                TIM_ITRxExternalClockConfig
                0x08002e7c                TIM_TIxExternalClockConfig
                0x08002ed8                TIM_ETRClockMode1Config
                0x08002f38                TIM_ETRClockMode2Config
                0x08002f78                TIM_ETRConfig
                0x08002fcc                TIM_PrescalerConfig
                0x08002ff4                TIM_CounterModeConfig
                0x0800302c                TIM_SelectInputTrigger
                0x08003064                TIM_EncoderInterfaceConfig
                0x080030fc                TIM_ForcedOC1Config
                0x08003134                TIM_ForcedOC2Config
                0x08003170                TIM_ForcedOC3Config
                0x080031a8                TIM_ForcedOC4Config
                0x080031e4                TIM_ARRPreloadConfig
                0x08003224                TIM_SelectCOM
                0x08003264                TIM_SelectCCDMA
                0x080032a4                TIM_CCPreloadControl
                0x080032e4                TIM_OC1PreloadConfig
                0x0800331c                TIM_OC2PreloadConfig
                0x08003358                TIM_OC3PreloadConfig
                0x08003390                TIM_OC4PreloadConfig
                0x080033cc                TIM_OC1FastConfig
                0x08003404                TIM_OC2FastConfig
                0x08003440                TIM_OC3FastConfig
                0x08003478                TIM_OC4FastConfig
                0x080034b4                TIM_ClearOC1Ref
                0x080034ec                TIM_ClearOC2Ref
                0x08003528                TIM_ClearOC3Ref
                0x08003560                TIM_ClearOC4Ref
                0x0800359c                TIM_OC1PolarityConfig
                0x080035d4                TIM_OC1NPolarityConfig
                0x0800360c                TIM_OC2PolarityConfig
                0x08003648                TIM_OC2NPolarityConfig
                0x08003684                TIM_OC3PolarityConfig
                0x080036c0                TIM_OC3NPolarityConfig
                0x080036fc                TIM_OC4PolarityConfig
                0x08003738                TIM_CCxCmd
                0x08003790                TIM_CCxNCmd
                0x080037e8                TIM_SelectOCxM
                0x08003894                TIM_UpdateDisableConfig
                0x080038d4                TIM_UpdateRequestConfig
                0x08003914                TIM_SelectHallSensor
                0x08003954                TIM_SelectOnePulseMode
                0x0800398c                TIM_SelectOutputTrigger
                0x080039c4                TIM_SelectSlaveMode
                0x080039fc                TIM_SelectMasterSlaveMode
                0x08003a34                TIM_SetCounter
                0x08003a50                TIM_SetAutoreload
                0x08003a6c                TIM_SetCompare1
                0x08003a88                TIM_SetCompare2
                0x08003aa4                TIM_SetCompare3
                0x08003ac0                TIM_SetCompare4
                0x08003ae0                TIM_SetIC1Prescaler
                0x08003b18                TIM_SetIC2Prescaler
                0x08003b54                TIM_SetIC3Prescaler
                0x08003b8c                TIM_SetIC4Prescaler
                0x08003bc8                TIM_SetClockDivision
                0x08003c00                TIM_GetCapture1
                0x08003c18                TIM_GetCapture2
                0x08003c30                TIM_GetCapture3
                0x08003c48                TIM_GetCapture4
                0x08003c64                TIM_GetCounter
                0x08003c7c                TIM_GetPrescaler
                0x08003c94                TIM_GetFlagStatus
                0x08003ccc                TIM_ClearFlag
                0x08003cec                TIM_GetITStatus
                0x08003d40                TIM_ClearITPendingBit
 .text          0x08004118      0x57c ..\obj\Motor.o
                0x08004118                getInterval
                0x08004158                getNewPeriod
                0x08004188                motorController
                0x0800422c                motorStep
                0x08004280                getMotorSetUp
                0x080042bc                setUpCommand
                0x080042f4                motorSet
                0x08004334                DMA1_Channel3_IRQHandler
                0x080043f0                updateMotorDriveBuffer
                0x08004440                extractMotorConfigInfo
                0x0800445c                getCommand
                0x08004490                motorInit
                0x08004514                motorConfigInit
                0x08004564                setArgs
                0x0800457c                setCallBack
                0x08004598                setPeriod
                0x080045b4                stdMtr_drive_conf
                0x080045e4                sendConfToShiftReg
                0x08004610                triggerOutputData
                0x0800462c                getMotorSetting
                0x0800465c                resetMotorDrive
 .text          0x08004694      0x6e8 ..\obj\stm32f10x_spi.o
                0x08004694                SPI_I2S_DeInit
                0x08004708                SPI_Init
                0x08004790                I2S_Init
                0x080048f8                SPI_StructInit
                0x08004940                I2S_StructInit
                0x08004978                SPI_Cmd
                0x080049b8                I2S_Cmd
                0x080049f8                SPI_I2S_ITConfig
                0x08004a58                SPI_I2S_DMACmd
                0x08004aa0                SPI_I2S_SendData
                0x08004abc                SPI_I2S_ReceiveData
                0x08004ad4                SPI_NSSInternalSoftwareConfig
                0x08004b18                SPI_SSOutputCmd
                0x08004b58                SPI_DataSizeConfig
                0x08004b90                SPI_TransmitCRC
                0x08004bb4                SPI_CalculateCRC
                0x08004bf4                SPI_GetCRC
                0x08004c24                SPI_GetCRCPolynomial
                0x08004c3c                SPI_BiDirectionalLineConfig
                0x08004c7c                SPI_I2S_GetFlagStatus
                0x08004cb4                SPI_I2S_ClearFlag
                0x08004cd4                SPI_I2S_GetITStatus
                0x08004d48                SPI_I2S_ClearITPendingBit
 .text          0x08004d7c      0x3e8 ..\obj\main.o
                0x08004e4c                main
                0x08004f88                SPI1_DMA1_init
                0x08004ffc                TIM_init
                0x08005078                SPI_init
                0x08005108                initializeTxBuffer
                0x08005138                delay
 .text          0x08005164       0xec c:/program files (x86)/gnu tools arm embedded/5.3 2016q1/bin/../lib/gcc/arm-none-eabi/5.3.1/../../../../arm-none-eabi/lib/armv7-m\libg.a(lib_a-memcpy.o)
                0x08005164                memcpy
 .text          0x08005250      0x370 c:/program files (x86)/gnu tools arm embedded/5.3 2016q1/bin/../lib/gcc/arm-none-eabi/5.3.1/armv7-m\libgcc.a(_arm_addsubdf3.o)
                0x08005250                __aeabi_drsub
                0x08005258                __aeabi_dsub
                0x08005258                __subdf3
                0x0800525c                __aeabi_dadd
                0x0800525c                __adddf3
                0x080054d4                __floatunsidf
                0x080054d4                __aeabi_ui2d
                0x080054f4                __floatsidf
                0x080054f4                __aeabi_i2d
                0x08005518                __aeabi_f2d
                0x08005518                __extendsfdf2
                0x08005554                __floatundidf
                0x08005554                __aeabi_ul2d
                0x08005564                __floatdidf
                0x08005564                __aeabi_l2d
 .text          0x080055c0      0x424 c:/program files (x86)/gnu tools arm embedded/5.3 2016q1/bin/../lib/gcc/arm-none-eabi/5.3.1/armv7-m\libgcc.a(_arm_muldivdf3.o)
                0x080055c0                __aeabi_dmul
                0x080055c0                __muldf3
                0x08005814                __divdf3
                0x08005814                __aeabi_ddiv
 .text          0x080059e4      0x110 c:/program files (x86)/gnu tools arm embedded/5.3 2016q1/bin/../lib/gcc/arm-none-eabi/5.3.1/armv7-m\libgcc.a(_arm_cmpdf2.o)
                0x080059e4                __gtdf2
                0x080059e4                __gedf2
                0x080059ec                __ltdf2
                0x080059ec                __ledf2
                0x080059f4                __nedf2
                0x080059f4                __eqdf2
                0x080059f4                __cmpdf2
                0x08005a70                __aeabi_cdrcmple
                0x08005a80                __aeabi_cdcmpeq
                0x08005a80                __aeabi_cdcmple
                0x08005a90                __aeabi_dcmpeq
                0x08005aa4                __aeabi_dcmplt
                0x08005ab8                __aeabi_dcmple
                0x08005acc                __aeabi_dcmpge
                0x08005ae0                __aeabi_dcmpgt
 .text          0x08005af4       0x2c c:/program files (x86)/gnu tools arm embedded/5.3 2016q1/bin/../lib/gcc/arm-none-eabi/5.3.1/armv7-m\libgcc.a(_arm_unorddf2.o)
                0x08005af4                __unorddf2
                0x08005af4                __aeabi_dcmpun
 .text          0x08005b20       0x50 c:/program files (x86)/gnu tools arm embedded/5.3 2016q1/bin/../lib/gcc/arm-none-eabi/5.3.1/armv7-m\libgcc.a(_arm_fixdfsi.o)
                0x08005b20                __aeabi_d2iz
                0x08005b20                __fixdfsi
 .text          0x08005b70       0x30 c:/program files (x86)/gnu tools arm embedded/5.3 2016q1/bin/../lib/gcc/arm-none-eabi/5.3.1/armv7-m\libgcc.a(_aeabi_uldivmod.o)
                0x08005b70                __aeabi_uldivmod
 .text          0x08005ba0      0x2ec c:/program files (x86)/gnu tools arm embedded/5.3 2016q1/bin/../lib/gcc/arm-none-eabi/5.3.1/armv7-m\libgcc.a(_udivmoddi4.o)
                0x08005ba0                __udivmoddi4
 .text          0x08005e8c        0x4 c:/program files (x86)/gnu tools arm embedded/5.3 2016q1/bin/../lib/gcc/arm-none-eabi/5.3.1/armv7-m\libgcc.a(_dvmd_tls.o)
                0x08005e8c                __aeabi_idiv0
                0x08005e8c                __aeabi_ldiv0
 *(.text*)
 .text.__libc_init_array
                0x08005e90       0x50 c:/program files (x86)/gnu tools arm embedded/5.3 2016q1/bin/../lib/gcc/arm-none-eabi/5.3.1/../../../../arm-none-eabi/lib/armv7-m\libc.a(lib_a-init.o)
                0x08005e90                __libc_init_array
 .text.memset   0x08005ee0       0x9c c:/program files (x86)/gnu tools arm embedded/5.3 2016q1/bin/../lib/gcc/arm-none-eabi/5.3.1/../../../../arm-none-eabi/lib/armv7-m\libc.a(lib_a-memset.o)
                0x08005ee0                memset
 .text.startup.register_fini
                0x08005f7c       0x14 c:/program files (x86)/gnu tools arm embedded/5.3 2016q1/bin/../lib/gcc/arm-none-eabi/5.3.1/../../../../arm-none-eabi/lib/armv7-m\libc.a(lib_a-__call_atexit.o)
 .text.atexit   0x08005f90        0xc c:/program files (x86)/gnu tools arm embedded/5.3 2016q1/bin/../lib/gcc/arm-none-eabi/5.3.1/../../../../arm-none-eabi/lib/armv7-m\libc.a(lib_a-atexit.o)
                0x08005f90                atexit
 .text.__libc_fini_array
                0x08005f9c       0x28 c:/program files (x86)/gnu tools arm embedded/5.3 2016q1/bin/../lib/gcc/arm-none-eabi/5.3.1/../../../../arm-none-eabi/lib/armv7-m\libc.a(lib_a-fini.o)
                0x08005f9c                __libc_fini_array
 .text.__register_exitproc
                0x08005fc4       0xa4 c:/program files (x86)/gnu tools arm embedded/5.3 2016q1/bin/../lib/gcc/arm-none-eabi/5.3.1/../../../../arm-none-eabi/lib/armv7-m\libc.a(lib_a-__atexit.o)
                0x08005fc4                __register_exitproc
 .text.Reset_Handler
                0x08006068       0x48 ..\obj\startup_stm32f103xb.o
                0x08006068                Reset_Handler
 .text.Default_Handler
                0x080060b0        0x2 ..\obj\startup_stm32f103xb.o
                0x080060b0                RTC_Alarm_IRQHandler
                0x080060b0                EXTI2_IRQHandler
                0x080060b0                DebugMon_Handler
                0x080060b0                TIM1_CC_IRQHandler
                0x080060b0                HardFault_Handler
                0x080060b0                SysTick_Handler
                0x080060b0                PVD_IRQHandler
                0x080060b0                PendSV_Handler
                0x080060b0                NMI_Handler
                0x080060b0                EXTI3_IRQHandler
                0x080060b0                EXTI0_IRQHandler
                0x080060b0                I2C2_EV_IRQHandler
                0x080060b0                UsageFault_Handler
                0x080060b0                ADC1_2_IRQHandler
                0x080060b0                SPI1_IRQHandler
                0x080060b0                TAMPER_IRQHandler
                0x080060b0                DMA1_Channel4_IRQHandler
                0x080060b0                USART3_IRQHandler
                0x080060b0                RTC_IRQHandler
                0x080060b0                DMA1_Channel7_IRQHandler
                0x080060b0                CAN1_RX1_IRQHandler
                0x080060b0                TIM4_IRQHandler
                0x080060b0                I2C1_EV_IRQHandler
                0x080060b0                DMA1_Channel6_IRQHandler
                0x080060b0                TIM3_IRQHandler
                0x080060b0                RCC_IRQHandler
                0x080060b0                TIM1_TRG_COM_IRQHandler
                0x080060b0                DMA1_Channel1_IRQHandler
                0x080060b0                Default_Handler
                0x080060b0                EXTI15_10_IRQHandler
                0x080060b0                EXTI9_5_IRQHandler
                0x080060b0                SPI2_IRQHandler
                0x080060b0                MemManage_Handler
                0x080060b0                SVC_Handler
                0x080060b0                DMA1_Channel5_IRQHandler
                0x080060b0                EXTI4_IRQHandler
                0x080060b0                USB_LP_CAN1_RX0_IRQHandler
                0x080060b0                USB_HP_CAN1_TX_IRQHandler
                0x080060b0                TIM1_UP_IRQHandler
                0x080060b0                WWDG_IRQHandler
                0x080060b0                TIM1_BRK_IRQHandler
                0x080060b0                EXTI1_IRQHandler
                0x080060b0                USART2_IRQHandler
                0x080060b0                I2C2_ER_IRQHandler
                0x080060b0                DMA1_Channel2_IRQHandler
                0x080060b0                CAN1_SCE_IRQHandler
                0x080060b0                FLASH_IRQHandler
                0x080060b0                BusFault_Handler
                0x080060b0                USART1_IRQHandler
                0x080060b0                I2C1_ER_IRQHandler
                0x080060b0                USBWakeUp_IRQHandler
 *fill*         0x080060b2        0x2 
 .text.__errno  0x080060b4        0xc c:/program files (x86)/gnu tools arm embedded/5.3 2016q1/bin/../lib/gcc/arm-none-eabi/5.3.1/../../../../arm-none-eabi/lib/armv7-m\libg.a(lib_a-errno.o)
                0x080060b4                __errno
 .text.malloc   0x080060c0       0x10 c:/program files (x86)/gnu tools arm embedded/5.3 2016q1/bin/../lib/gcc/arm-none-eabi/5.3.1/../../../../arm-none-eabi/lib/armv7-m\libg.a(lib_a-malloc.o)
                0x080060c0                malloc
 .text._malloc_r
                0x080060d0      0x558 c:/program files (x86)/gnu tools arm embedded/5.3 2016q1/bin/../lib/gcc/arm-none-eabi/5.3.1/../../../../arm-none-eabi/lib/armv7-m\libg.a(lib_a-mallocr.o)
                0x080060d0                _malloc_r
 .text.__malloc_lock
                0x08006628        0x4 c:/program files (x86)/gnu tools arm embedded/5.3 2016q1/bin/../lib/gcc/arm-none-eabi/5.3.1/../../../../arm-none-eabi/lib/armv7-m\libg.a(lib_a-mlock.o)
                0x08006628                __malloc_lock
 .text.__malloc_unlock
                0x0800662c        0x4 c:/program files (x86)/gnu tools arm embedded/5.3 2016q1/bin/../lib/gcc/arm-none-eabi/5.3.1/../../../../arm-none-eabi/lib/armv7-m\libg.a(lib_a-mlock.o)
                0x0800662c                __malloc_unlock
 .text.printf   0x08006630       0x28 c:/program files (x86)/gnu tools arm embedded/5.3 2016q1/bin/../lib/gcc/arm-none-eabi/5.3.1/../../../../arm-none-eabi/lib/armv7-m\libg.a(lib_a-printf.o)
                0x08006630                printf
 .text._puts_r  0x08006658       0x68 c:/program files (x86)/gnu tools arm embedded/5.3 2016q1/bin/../lib/gcc/arm-none-eabi/5.3.1/../../../../arm-none-eabi/lib/armv7-m\libg.a(lib_a-puts.o)
                0x08006658                _puts_r
 .text.puts     0x080066c0       0x10 c:/program files (x86)/gnu tools arm embedded/5.3 2016q1/bin/../lib/gcc/arm-none-eabi/5.3.1/../../../../arm-none-eabi/lib/armv7-m\libg.a(lib_a-puts.o)
                0x080066c0                puts
 .text._sbrk_r  0x080066d0       0x24 c:/program files (x86)/gnu tools arm embedded/5.3 2016q1/bin/../lib/gcc/arm-none-eabi/5.3.1/../../../../arm-none-eabi/lib/armv7-m\libg.a(lib_a-sbrkr.o)
                0x080066d0                _sbrk_r
 .text.strlen   0x080066f4       0x5c c:/program files (x86)/gnu tools arm embedded/5.3 2016q1/bin/../lib/gcc/arm-none-eabi/5.3.1/../../../../arm-none-eabi/lib/armv7-m\libg.a(lib_a-strlen-stub.o)
                0x080066f4                strlen
 .text._vfprintf_r
                0x08006750     0x1788 c:/program files (x86)/gnu tools arm embedded/5.3 2016q1/bin/../lib/gcc/arm-none-eabi/5.3.1/../../../../arm-none-eabi/lib/armv7-m\libg.a(lib_a-vfprintf.o)
                0x08006750                _vfprintf_r
 .text.__sbprintf
                0x08007ed8       0x6c c:/program files (x86)/gnu tools arm embedded/5.3 2016q1/bin/../lib/gcc/arm-none-eabi/5.3.1/../../../../arm-none-eabi/lib/armv7-m\libg.a(lib_a-vfprintf.o)
 .text.__swsetup_r
                0x08007f44       0xc8 c:/program files (x86)/gnu tools arm embedded/5.3 2016q1/bin/../lib/gcc/arm-none-eabi/5.3.1/../../../../arm-none-eabi/lib/armv7-m\libg.a(lib_a-wsetup.o)
                0x08007f44                __swsetup_r
 .text.quorem   0x0800800c      0x12c c:/program files (x86)/gnu tools arm embedded/5.3 2016q1/bin/../lib/gcc/arm-none-eabi/5.3.1/../../../../arm-none-eabi/lib/armv7-m\libg.a(lib_a-dtoa.o)
 .text._dtoa_r  0x08008138      0xe4c c:/program files (x86)/gnu tools arm embedded/5.3 2016q1/bin/../lib/gcc/arm-none-eabi/5.3.1/../../../../arm-none-eabi/lib/armv7-m\libg.a(lib_a-dtoa.o)
                0x08008138                _dtoa_r
 .text.__sflush_r
                0x08008f84      0x148 c:/program files (x86)/gnu tools arm embedded/5.3 2016q1/bin/../lib/gcc/arm-none-eabi/5.3.1/../../../../arm-none-eabi/lib/armv7-m\libg.a(lib_a-fflush.o)
                0x08008f84                __sflush_r
 .text._fflush_r
                0x080090cc       0x2c c:/program files (x86)/gnu tools arm embedded/5.3 2016q1/bin/../lib/gcc/arm-none-eabi/5.3.1/../../../../arm-none-eabi/lib/armv7-m\libg.a(lib_a-fflush.o)
                0x080090cc                _fflush_r
 .text._cleanup_r
                0x080090f8        0xc c:/program files (x86)/gnu tools arm embedded/5.3 2016q1/bin/../lib/gcc/arm-none-eabi/5.3.1/../../../../arm-none-eabi/lib/armv7-m\libg.a(lib_a-findfp.o)
                0x080090f8                _cleanup_r
 .text.__sinit.part.1
                0x08009104       0xf0 c:/program files (x86)/gnu tools arm embedded/5.3 2016q1/bin/../lib/gcc/arm-none-eabi/5.3.1/../../../../arm-none-eabi/lib/armv7-m\libg.a(lib_a-findfp.o)
 .text.__sinit  0x080091f4        0xc c:/program files (x86)/gnu tools arm embedded/5.3 2016q1/bin/../lib/gcc/arm-none-eabi/5.3.1/../../../../arm-none-eabi/lib/armv7-m\libg.a(lib_a-findfp.o)
                0x080091f4                __sinit
 .text.__sfp_lock_acquire
                0x08009200        0x4 c:/program files (x86)/gnu tools arm embedded/5.3 2016q1/bin/../lib/gcc/arm-none-eabi/5.3.1/../../../../arm-none-eabi/lib/armv7-m\libg.a(lib_a-findfp.o)
                0x08009200                __sfp_lock_acquire
 .text.__sfp_lock_release
                0x08009204        0x4 c:/program files (x86)/gnu tools arm embedded/5.3 2016q1/bin/../lib/gcc/arm-none-eabi/5.3.1/../../../../arm-none-eabi/lib/armv7-m\libg.a(lib_a-findfp.o)
                0x08009204                __sfp_lock_release
 .text._malloc_trim_r
                0x08009208       0x9c c:/program files (x86)/gnu tools arm embedded/5.3 2016q1/bin/../lib/gcc/arm-none-eabi/5.3.1/../../../../arm-none-eabi/lib/armv7-m\libg.a(lib_a-freer.o)
                0x08009208                _malloc_trim_r
 .text._free_r  0x080092a4      0x1d0 c:/program files (x86)/gnu tools arm embedded/5.3 2016q1/bin/../lib/gcc/arm-none-eabi/5.3.1/../../../../arm-none-eabi/lib/armv7-m\libg.a(lib_a-freer.o)
                0x080092a4                _free_r
 .text.__sfvwrite_r
                0x08009474      0x308 c:/program files (x86)/gnu tools arm embedded/5.3 2016q1/bin/../lib/gcc/arm-none-eabi/5.3.1/../../../../arm-none-eabi/lib/armv7-m\libg.a(lib_a-fvwrite.o)
                0x08009474                __sfvwrite_r
 .text._fwalk_reent
                0x0800977c       0x50 c:/program files (x86)/gnu tools arm embedded/5.3 2016q1/bin/../lib/gcc/arm-none-eabi/5.3.1/../../../../arm-none-eabi/lib/armv7-m\libg.a(lib_a-fwalk.o)
                0x0800977c                _fwalk_reent
 .text.__locale_charset
                0x080097cc        0x8 c:/program files (x86)/gnu tools arm embedded/5.3 2016q1/bin/../lib/gcc/arm-none-eabi/5.3.1/../../../../arm-none-eabi/lib/armv7-m\libg.a(lib_a-locale.o)
                0x080097cc                __locale_charset
 .text.__locale_mb_cur_max
                0x080097d4        0xc c:/program files (x86)/gnu tools arm embedded/5.3 2016q1/bin/../lib/gcc/arm-none-eabi/5.3.1/../../../../arm-none-eabi/lib/armv7-m\libg.a(lib_a-locale.o)
                0x080097d4                __locale_mb_cur_max
 .text._localeconv_r
                0x080097e0        0x8 c:/program files (x86)/gnu tools arm embedded/5.3 2016q1/bin/../lib/gcc/arm-none-eabi/5.3.1/../../../../arm-none-eabi/lib/armv7-m\libg.a(lib_a-locale.o)
                0x080097e0                _localeconv_r
 .text.__swhatbuf_r
                0x080097e8       0x60 c:/program files (x86)/gnu tools arm embedded/5.3 2016q1/bin/../lib/gcc/arm-none-eabi/5.3.1/../../../../arm-none-eabi/lib/armv7-m\libg.a(lib_a-makebuf.o)
                0x080097e8                __swhatbuf_r
 .text.__smakebuf_r
                0x08009848       0x88 c:/program files (x86)/gnu tools arm embedded/5.3 2016q1/bin/../lib/gcc/arm-none-eabi/5.3.1/../../../../arm-none-eabi/lib/armv7-m\libg.a(lib_a-makebuf.o)
                0x08009848                __smakebuf_r
 .text.memchr   0x080098d0       0x8c c:/program files (x86)/gnu tools arm embedded/5.3 2016q1/bin/../lib/gcc/arm-none-eabi/5.3.1/../../../../arm-none-eabi/lib/armv7-m\libg.a(lib_a-memchr-stub.o)
                0x080098d0                memchr
 .text.memmove  0x0800995c       0xc8 c:/program files (x86)/gnu tools arm embedded/5.3 2016q1/bin/../lib/gcc/arm-none-eabi/5.3.1/../../../../arm-none-eabi/lib/armv7-m\libg.a(lib_a-memmove.o)
                0x0800995c                memmove
 .text._Balloc  0x08009a24       0x50 c:/program files (x86)/gnu tools arm embedded/5.3 2016q1/bin/../lib/gcc/arm-none-eabi/5.3.1/../../../../arm-none-eabi/lib/armv7-m\libg.a(lib_a-mprec.o)
                0x08009a24                _Balloc
 .text._Bfree   0x08009a74       0x14 c:/program files (x86)/gnu tools arm embedded/5.3 2016q1/bin/../lib/gcc/arm-none-eabi/5.3.1/../../../../arm-none-eabi/lib/armv7-m\libg.a(lib_a-mprec.o)
                0x08009a74                _Bfree
 .text.__multadd
                0x08009a88       0x80 c:/program files (x86)/gnu tools arm embedded/5.3 2016q1/bin/../lib/gcc/arm-none-eabi/5.3.1/../../../../arm-none-eabi/lib/armv7-m\libg.a(lib_a-mprec.o)
                0x08009a88                __multadd
 .text.__hi0bits
                0x08009b08       0x40 c:/program files (x86)/gnu tools arm embedded/5.3 2016q1/bin/../lib/gcc/arm-none-eabi/5.3.1/../../../../arm-none-eabi/lib/armv7-m\libg.a(lib_a-mprec.o)
                0x08009b08                __hi0bits
 .text.__lo0bits
                0x08009b48       0x5c c:/program files (x86)/gnu tools arm embedded/5.3 2016q1/bin/../lib/gcc/arm-none-eabi/5.3.1/../../../../arm-none-eabi/lib/armv7-m\libg.a(lib_a-mprec.o)
                0x08009b48                __lo0bits
 .text.__i2b    0x08009ba4       0x14 c:/program files (x86)/gnu tools arm embedded/5.3 2016q1/bin/../lib/gcc/arm-none-eabi/5.3.1/../../../../arm-none-eabi/lib/armv7-m\libg.a(lib_a-mprec.o)
                0x08009ba4                __i2b
 .text.__multiply
                0x08009bb8      0x13c c:/program files (x86)/gnu tools arm embedded/5.3 2016q1/bin/../lib/gcc/arm-none-eabi/5.3.1/../../../../arm-none-eabi/lib/armv7-m\libg.a(lib_a-mprec.o)
                0x08009bb8                __multiply
 .text.__pow5mult
                0x08009cf4       0xa0 c:/program files (x86)/gnu tools arm embedded/5.3 2016q1/bin/../lib/gcc/arm-none-eabi/5.3.1/../../../../arm-none-eabi/lib/armv7-m\libg.a(lib_a-mprec.o)
                0x08009cf4                __pow5mult
 .text.__lshift
                0x08009d94       0xac c:/program files (x86)/gnu tools arm embedded/5.3 2016q1/bin/../lib/gcc/arm-none-eabi/5.3.1/../../../../arm-none-eabi/lib/armv7-m\libg.a(lib_a-mprec.o)
                0x08009d94                __lshift
 .text.__mcmp   0x08009e40       0x40 c:/program files (x86)/gnu tools arm embedded/5.3 2016q1/bin/../lib/gcc/arm-none-eabi/5.3.1/../../../../arm-none-eabi/lib/armv7-m\libg.a(lib_a-mprec.o)
                0x08009e40                __mcmp
 .text.__mdiff  0x08009e80      0x128 c:/program files (x86)/gnu tools arm embedded/5.3 2016q1/bin/../lib/gcc/arm-none-eabi/5.3.1/../../../../arm-none-eabi/lib/armv7-m\libg.a(lib_a-mprec.o)
                0x08009e80                __mdiff
 .text.__d2b    0x08009fa8       0xa8 c:/program files (x86)/gnu tools arm embedded/5.3 2016q1/bin/../lib/gcc/arm-none-eabi/5.3.1/../../../../arm-none-eabi/lib/armv7-m\libg.a(lib_a-mprec.o)
                0x08009fa8                __d2b
 .text._realloc_r
                0x0800a050      0x3d4 c:/program files (x86)/gnu tools arm embedded/5.3 2016q1/bin/../lib/gcc/arm-none-eabi/5.3.1/../../../../arm-none-eabi/lib/armv7-m\libg.a(lib_a-reallocr.o)
                0x0800a050                _realloc_r
 .text.__sread  0x0800a424       0x24 c:/program files (x86)/gnu tools arm embedded/5.3 2016q1/bin/../lib/gcc/arm-none-eabi/5.3.1/../../../../arm-none-eabi/lib/armv7-m\libg.a(lib_a-stdio.o)
                0x0800a424                __sread
 .text.__swrite
                0x0800a448       0x3c c:/program files (x86)/gnu tools arm embedded/5.3 2016q1/bin/../lib/gcc/arm-none-eabi/5.3.1/../../../../arm-none-eabi/lib/armv7-m\libg.a(lib_a-stdio.o)
                0x0800a448                __swrite
 .text.__sseek  0x0800a484       0x20 c:/program files (x86)/gnu tools arm embedded/5.3 2016q1/bin/../lib/gcc/arm-none-eabi/5.3.1/../../../../arm-none-eabi/lib/armv7-m\libg.a(lib_a-stdio.o)
                0x0800a484                __sseek
 .text.__sclose
                0x0800a4a4        0x8 c:/program files (x86)/gnu tools arm embedded/5.3 2016q1/bin/../lib/gcc/arm-none-eabi/5.3.1/../../../../arm-none-eabi/lib/armv7-m\libg.a(lib_a-stdio.o)
                0x0800a4a4                __sclose
 .text.__sprint_r.part.0
                0x0800a4ac       0x78 c:/program files (x86)/gnu tools arm embedded/5.3 2016q1/bin/../lib/gcc/arm-none-eabi/5.3.1/../../../../arm-none-eabi/lib/armv7-m\libg.a(lib_a-vfiprintf.o)
 .text.__sprint_r
                0x0800a524       0x14 c:/program files (x86)/gnu tools arm embedded/5.3 2016q1/bin/../lib/gcc/arm-none-eabi/5.3.1/../../../../arm-none-eabi/lib/armv7-m\libg.a(lib_a-vfiprintf.o)
                0x0800a524                __sprint_r
 .text._write_r
                0x0800a538       0x2c c:/program files (x86)/gnu tools arm embedded/5.3 2016q1/bin/../lib/gcc/arm-none-eabi/5.3.1/../../../../arm-none-eabi/lib/armv7-m\libg.a(lib_a-writer.o)
                0x0800a538                _write_r
 .text._calloc_r
                0x0800a564       0x60 c:/program files (x86)/gnu tools arm embedded/5.3 2016q1/bin/../lib/gcc/arm-none-eabi/5.3.1/../../../../arm-none-eabi/lib/armv7-m\libg.a(lib_a-callocr.o)
                0x0800a564                _calloc_r
 .text._close_r
                0x0800a5c4       0x24 c:/program files (x86)/gnu tools arm embedded/5.3 2016q1/bin/../lib/gcc/arm-none-eabi/5.3.1/../../../../arm-none-eabi/lib/armv7-m\libg.a(lib_a-closer.o)
                0x0800a5c4                _close_r
 .text._fclose_r
                0x0800a5e8       0x84 c:/program files (x86)/gnu tools arm embedded/5.3 2016q1/bin/../lib/gcc/arm-none-eabi/5.3.1/../../../../arm-none-eabi/lib/armv7-m\libg.a(lib_a-fclose.o)
                0x0800a5e8                _fclose_r
 .text.__fputwc
                0x0800a66c       0x94 c:/program files (x86)/gnu tools arm embedded/5.3 2016q1/bin/../lib/gcc/arm-none-eabi/5.3.1/../../../../arm-none-eabi/lib/armv7-m\libg.a(lib_a-fputwc.o)
                0x0800a66c                __fputwc
 .text._fputwc_r
                0x0800a700       0x24 c:/program files (x86)/gnu tools arm embedded/5.3 2016q1/bin/../lib/gcc/arm-none-eabi/5.3.1/../../../../arm-none-eabi/lib/armv7-m\libg.a(lib_a-fputwc.o)
                0x0800a700                _fputwc_r
 .text._fstat_r
                0x0800a724       0x28 c:/program files (x86)/gnu tools arm embedded/5.3 2016q1/bin/../lib/gcc/arm-none-eabi/5.3.1/../../../../arm-none-eabi/lib/armv7-m\libg.a(lib_a-fstatr.o)
                0x0800a724                _fstat_r
 .text._isatty_r
                0x0800a74c       0x24 c:/program files (x86)/gnu tools arm embedded/5.3 2016q1/bin/../lib/gcc/arm-none-eabi/5.3.1/../../../../arm-none-eabi/lib/armv7-m\libg.a(lib_a-isattyr.o)
                0x0800a74c                _isatty_r
 .text._lseek_r
                0x0800a770       0x2c c:/program files (x86)/gnu tools arm embedded/5.3 2016q1/bin/../lib/gcc/arm-none-eabi/5.3.1/../../../../arm-none-eabi/lib/armv7-m\libg.a(lib_a-lseekr.o)
                0x0800a770                _lseek_r
 .text._read_r  0x0800a79c       0x2c c:/program files (x86)/gnu tools arm embedded/5.3 2016q1/bin/../lib/gcc/arm-none-eabi/5.3.1/../../../../arm-none-eabi/lib/armv7-m\libg.a(lib_a-readr.o)
                0x0800a79c                _read_r
 .text.__swbuf_r
                0x0800a7c8       0xac c:/program files (x86)/gnu tools arm embedded/5.3 2016q1/bin/../lib/gcc/arm-none-eabi/5.3.1/../../../../arm-none-eabi/lib/armv7-m\libg.a(lib_a-wbuf.o)
                0x0800a7c8                __swbuf_r
 .text._wcrtomb_r
                0x0800a874       0x54 c:/program files (x86)/gnu tools arm embedded/5.3 2016q1/bin/../lib/gcc/arm-none-eabi/5.3.1/../../../../arm-none-eabi/lib/armv7-m\libg.a(lib_a-wcrtomb.o)
                0x0800a874                _wcrtomb_r
 .text.__ascii_wctomb
                0x0800a8c8       0x1c c:/program files (x86)/gnu tools arm embedded/5.3 2016q1/bin/../lib/gcc/arm-none-eabi/5.3.1/../../../../arm-none-eabi/lib/armv7-m\libg.a(lib_a-wctomb_r.o)
                0x0800a8c8                __ascii_wctomb
 *(.glue_7)
 .glue_7        0x0800a8e4        0x0 linker stubs
 *(.glue_7t)
 .glue_7t       0x0800a8e4        0x0 linker stubs
 *(.eh_frame)
 .eh_frame      0x0800a8e4        0x0 c:/program files (x86)/gnu tools arm embedded/5.3 2016q1/bin/../lib/gcc/arm-none-eabi/5.3.1/armv7-m/crtbegin.o
 *(.init)
 .init          0x0800a8e4        0x4 c:/program files (x86)/gnu tools arm embedded/5.3 2016q1/bin/../lib/gcc/arm-none-eabi/5.3.1/armv7-m/crti.o
                0x0800a8e4                _init
 .init          0x0800a8e8        0x8 c:/program files (x86)/gnu tools arm embedded/5.3 2016q1/bin/../lib/gcc/arm-none-eabi/5.3.1/armv7-m/crtn.o
 *(.fini)
 .fini          0x0800a8f0        0x4 c:/program files (x86)/gnu tools arm embedded/5.3 2016q1/bin/../lib/gcc/arm-none-eabi/5.3.1/armv7-m/crti.o
                0x0800a8f0                _fini
 .fini          0x0800a8f4        0x8 c:/program files (x86)/gnu tools arm embedded/5.3 2016q1/bin/../lib/gcc/arm-none-eabi/5.3.1/armv7-m/crtn.o
                0x0800a8fc                . = ALIGN (0x4)
                0x0800a8fc                _etext = .

.vfp11_veneer   0x0800a8fc        0x0
 .vfp11_veneer  0x0800a8fc        0x0 linker stubs

.v4_bx          0x0800a8fc        0x0
 .v4_bx         0x0800a8fc        0x0 linker stubs

.iplt           0x0800a8fc        0x0
 .iplt          0x0800a8fc        0x0 c:/program files (x86)/gnu tools arm embedded/5.3 2016q1/bin/../lib/gcc/arm-none-eabi/5.3.1/armv7-m/crtbegin.o

.rodata         0x0800a900      0x22c
                0x0800a900                . = ALIGN (0x4)
 *(.rodata)
 .rodata        0x0800a900       0x9e ..\obj\RelativeTimeLinkList.o
 *(.rodata*)
 *fill*         0x0800a99e        0x2 
 .rodata.str1.4
                0x0800a9a0        0x2 c:/program files (x86)/gnu tools arm embedded/5.3 2016q1/bin/../lib/gcc/arm-none-eabi/5.3.1/../../../../arm-none-eabi/lib/armv7-m\libc.a(lib_a-impure.o)
 *fill*         0x0800a9a2        0x2 
 .rodata._global_impure_ptr
                0x0800a9a4        0x4 c:/program files (x86)/gnu tools arm embedded/5.3 2016q1/bin/../lib/gcc/arm-none-eabi/5.3.1/../../../../arm-none-eabi/lib/armv7-m\libc.a(lib_a-impure.o)
                0x0800a9a4                _global_impure_ptr
 .rodata.str1.4
                0x0800a9a8        0x2 c:/program files (x86)/gnu tools arm embedded/5.3 2016q1/bin/../lib/gcc/arm-none-eabi/5.3.1/../../../../arm-none-eabi/lib/armv7-m\libg.a(lib_a-puts.o)
 *fill*         0x0800a9aa        0x2 
 .rodata.zeroes.7050
                0x0800a9ac       0x10 c:/program files (x86)/gnu tools arm embedded/5.3 2016q1/bin/../lib/gcc/arm-none-eabi/5.3.1/../../../../arm-none-eabi/lib/armv7-m\libg.a(lib_a-vfprintf.o)
 .rodata.str1.4
                0x0800a9bc       0x42 c:/program files (x86)/gnu tools arm embedded/5.3 2016q1/bin/../lib/gcc/arm-none-eabi/5.3.1/../../../../arm-none-eabi/lib/armv7-m\libg.a(lib_a-vfprintf.o)
 *fill*         0x0800a9fe        0x2 
 .rodata.blanks.7049
                0x0800aa00       0x10 c:/program files (x86)/gnu tools arm embedded/5.3 2016q1/bin/../lib/gcc/arm-none-eabi/5.3.1/../../../../arm-none-eabi/lib/armv7-m\libg.a(lib_a-vfprintf.o)
 .rodata.str1.4
                0x0800aa10       0x10 c:/program files (x86)/gnu tools arm embedded/5.3 2016q1/bin/../lib/gcc/arm-none-eabi/5.3.1/../../../../arm-none-eabi/lib/armv7-m\libg.a(lib_a-dtoa.o)
                                 0x12 (size before relaxing)
 .rodata.str1.4
                0x0800aa20        0xc c:/program files (x86)/gnu tools arm embedded/5.3 2016q1/bin/../lib/gcc/arm-none-eabi/5.3.1/../../../../arm-none-eabi/lib/armv7-m\libg.a(lib_a-locale.o)
                                 0x12 (size before relaxing)
 *fill*         0x0800aa2c        0x4 
 .rodata.__mprec_tens
                0x0800aa30       0xc8 c:/program files (x86)/gnu tools arm embedded/5.3 2016q1/bin/../lib/gcc/arm-none-eabi/5.3.1/../../../../arm-none-eabi/lib/armv7-m\libg.a(lib_a-mprec.o)
                0x0800aa30                __mprec_tens
 .rodata.__mprec_bigtens
                0x0800aaf8       0x28 c:/program files (x86)/gnu tools arm embedded/5.3 2016q1/bin/../lib/gcc/arm-none-eabi/5.3.1/../../../../arm-none-eabi/lib/armv7-m\libg.a(lib_a-mprec.o)
                0x0800aaf8                __mprec_bigtens
 .rodata.p05.5373
                0x0800ab20        0xc c:/program files (x86)/gnu tools arm embedded/5.3 2016q1/bin/../lib/gcc/arm-none-eabi/5.3.1/../../../../arm-none-eabi/lib/armv7-m\libg.a(lib_a-mprec.o)
                0x0800ab2c                . = ALIGN (0x4)

.ARM.extab
 *(.ARM.extab* .gnu.linkonce.armextab.*)

.ARM            0x0800ab2c        0x8
                0x0800ab2c                __exidx_start = .
 *(.ARM.exidx*)
 .ARM.exidx     0x0800ab2c        0x8 c:/program files (x86)/gnu tools arm embedded/5.3 2016q1/bin/../lib/gcc/arm-none-eabi/5.3.1/armv7-m\libgcc.a(_udivmoddi4.o)
                0x0800ab34                __exidx_end = .

.rel.dyn        0x0800ab34        0x0
 .rel.iplt      0x0800ab34        0x0 c:/program files (x86)/gnu tools arm embedded/5.3 2016q1/bin/../lib/gcc/arm-none-eabi/5.3.1/armv7-m/crtbegin.o

.preinit_array  0x0800ab34        0x0
                0x0800ab34                PROVIDE (__preinit_array_start, .)
 *(.preinit_array*)
                0x0800ab34                PROVIDE (__preinit_array_end, .)

.init_array     0x0800ab34        0x8
                0x0800ab34                PROVIDE (__init_array_start, .)
 *(SORT(.init_array.*))
 .init_array.00000
                0x0800ab34        0x4 c:/program files (x86)/gnu tools arm embedded/5.3 2016q1/bin/../lib/gcc/arm-none-eabi/5.3.1/../../../../arm-none-eabi/lib/armv7-m\libc.a(lib_a-__call_atexit.o)
 *(.init_array*)
 .init_array    0x0800ab38        0x4 c:/program files (x86)/gnu tools arm embedded/5.3 2016q1/bin/../lib/gcc/arm-none-eabi/5.3.1/armv7-m/crtbegin.o
                0x0800ab3c                PROVIDE (__init_array_end, .)

.fini_array     0x0800ab3c        0x4
                0x0800ab3c                PROVIDE (__fini_array_start, .)
 *(SORT(.fini_array.*))
 *(.fini_array*)
 .fini_array    0x0800ab3c        0x4 c:/program files (x86)/gnu tools arm embedded/5.3 2016q1/bin/../lib/gcc/arm-none-eabi/5.3.1/armv7-m/crtbegin.o
                0x0800ab40                PROVIDE (__fini_array_end, .)
                0x0800ab40                _sidata = LOADADDR (.data)

.data           0x20000000      0x8c4 load address 0x0800ab40
                0x20000000                . = ALIGN (0x4)
                0x20000000                _sdata = .
 *(.data)
 .data          0x20000000       0x14 ..\obj\stm32f10x_rcc.o
 .data          0x20000014       0x14 ..\obj\system_stm32f10x.o
                0x20000014                SystemCoreClock
                0x20000018                AHBPrescTable
 *(.data*)
 .data.impure_data
                0x20000028      0x428 c:/program files (x86)/gnu tools arm embedded/5.3 2016q1/bin/../lib/gcc/arm-none-eabi/5.3.1/../../../../arm-none-eabi/lib/armv7-m\libc.a(lib_a-impure.o)
 .data._impure_ptr
                0x20000450        0x4 c:/program files (x86)/gnu tools arm embedded/5.3 2016q1/bin/../lib/gcc/arm-none-eabi/5.3.1/../../../../arm-none-eabi/lib/armv7-m\libc.a(lib_a-impure.o)
                0x20000450                _impure_ptr
 .data.__malloc_av_
                0x20000454      0x408 c:/program files (x86)/gnu tools arm embedded/5.3 2016q1/bin/../lib/gcc/arm-none-eabi/5.3.1/../../../../arm-none-eabi/lib/armv7-m\libg.a(lib_a-mallocr.o)
                0x20000454                __malloc_av_
 .data.__malloc_trim_threshold
                0x2000085c        0x4 c:/program files (x86)/gnu tools arm embedded/5.3 2016q1/bin/../lib/gcc/arm-none-eabi/5.3.1/../../../../arm-none-eabi/lib/armv7-m\libg.a(lib_a-mallocr.o)
                0x2000085c                __malloc_trim_threshold
 .data.__malloc_sbrk_base
                0x20000860        0x4 c:/program files (x86)/gnu tools arm embedded/5.3 2016q1/bin/../lib/gcc/arm-none-eabi/5.3.1/../../../../arm-none-eabi/lib/armv7-m\libg.a(lib_a-mallocr.o)
                0x20000860                __malloc_sbrk_base
 .data.lconv    0x20000864       0x38 c:/program files (x86)/gnu tools arm embedded/5.3 2016q1/bin/../lib/gcc/arm-none-eabi/5.3.1/../../../../arm-none-eabi/lib/armv7-m\libg.a(lib_a-locale.o)
 .data.lc_ctype_charset
                0x2000089c       0x20 c:/program files (x86)/gnu tools arm embedded/5.3 2016q1/bin/../lib/gcc/arm-none-eabi/5.3.1/../../../../arm-none-eabi/lib/armv7-m\libg.a(lib_a-locale.o)
 .data.__mb_cur_max
                0x200008bc        0x4 c:/program files (x86)/gnu tools arm embedded/5.3 2016q1/bin/../lib/gcc/arm-none-eabi/5.3.1/../../../../arm-none-eabi/lib/armv7-m\libg.a(lib_a-locale.o)
                0x200008bc                __mb_cur_max
 .data.__wctomb
                0x200008c0        0x4 c:/program files (x86)/gnu tools arm embedded/5.3 2016q1/bin/../lib/gcc/arm-none-eabi/5.3.1/../../../../arm-none-eabi/lib/armv7-m\libg.a(lib_a-wctomb_r.o)
                0x200008c0                __wctomb
                0x200008c4                . = ALIGN (0x4)
                0x200008c4                _edata = .

.jcr            0x200008c4        0x0 load address 0x0800b404
 .jcr           0x200008c4        0x0 c:/program files (x86)/gnu tools arm embedded/5.3 2016q1/bin/../lib/gcc/arm-none-eabi/5.3.1/armv7-m/crtbegin.o

.igot.plt       0x200008c4        0x0 load address 0x0800b404
 .igot.plt      0x200008c4        0x0 c:/program files (x86)/gnu tools arm embedded/5.3 2016q1/bin/../lib/gcc/arm-none-eabi/5.3.1/armv7-m/crtbegin.o
                0x200008c4                . = ALIGN (0x4)

.bss            0x200008c8       0xa4 load address 0x0800b404
                0x200008c8                _sbss = .
                0x200008c8                __bss_start__ = _sbss
 *(.bss)
 .bss           0x200008c8       0x1c c:/program files (x86)/gnu tools arm embedded/5.3 2016q1/bin/../lib/gcc/arm-none-eabi/5.3.1/armv7-m/crtbegin.o
 .bss           0x200008e4        0x8 ..\obj\syscalls.o
                0x200008e4                __env
 .bss           0x200008ec       0x10 ..\obj\main.o
                0x200008ec                timeRecord2
                0x200008ee                timeRecord1
                0x200008f0                timeRecord3
                0x200008f4                tickRecord1
                0x200008f8                tickRecord2
 *(.bss*)
 .bss.__malloc_max_total_mem
                0x200008fc        0x4 c:/program files (x86)/gnu tools arm embedded/5.3 2016q1/bin/../lib/gcc/arm-none-eabi/5.3.1/../../../../arm-none-eabi/lib/armv7-m\libg.a(lib_a-mallocr.o)
                0x200008fc                __malloc_max_total_mem
 .bss.__malloc_max_sbrked_mem
                0x20000900        0x4 c:/program files (x86)/gnu tools arm embedded/5.3 2016q1/bin/../lib/gcc/arm-none-eabi/5.3.1/../../../../arm-none-eabi/lib/armv7-m\libg.a(lib_a-mallocr.o)
                0x20000900                __malloc_max_sbrked_mem
 .bss.__malloc_top_pad
                0x20000904        0x4 c:/program files (x86)/gnu tools arm embedded/5.3 2016q1/bin/../lib/gcc/arm-none-eabi/5.3.1/../../../../arm-none-eabi/lib/armv7-m\libg.a(lib_a-mallocr.o)
                0x20000904                __malloc_top_pad
 .bss.__malloc_current_mallinfo
                0x20000908       0x28 c:/program files (x86)/gnu tools arm embedded/5.3 2016q1/bin/../lib/gcc/arm-none-eabi/5.3.1/../../../../arm-none-eabi/lib/armv7-m\libg.a(lib_a-mallocr.o)
                0x20000908                __malloc_current_mallinfo
 *(COMMON)
 COMMON         0x20000930        0x4 ..\obj\DMA.o
                0x20000930                motorRoot
 COMMON         0x20000934        0x4 ..\obj\RelativeTimeLinkList.o
                0x20000934                root
 COMMON         0x20000938        0x5 ..\obj\Motor.o
                0x20000938                motorDriveBuffer
 *fill*         0x2000093d        0x3 
 COMMON         0x20000940       0x26 ..\obj\main.o
                0x20000940                motor2
                0x20000948                freeRunningCounter
                0x20000950                motor4
                0x20000954                motor1
                0x20000958                txBuffer
                0x2000095c                motor3
                0x20000960                motor0
                0x20000964                timeInterval
 *fill*         0x20000966        0x2 
 COMMON         0x20000968        0x4 c:/program files (x86)/gnu tools arm embedded/5.3 2016q1/bin/../lib/gcc/arm-none-eabi/5.3.1/../../../../arm-none-eabi/lib/armv7-m\libg.a(lib_a-reent.o)
                0x20000968                errno
                0x2000096c                . = ALIGN (0x4)
                0x2000096c                _ebss = .
                0x2000096c                __bss_end__ = _ebss

._user_heap_stack
                0x2000096c      0x600 load address 0x0800b404
                0x2000096c                . = ALIGN (0x4)
                0x2000096c                PROVIDE (end, .)
                [!provide]                PROVIDE (_end, .)
                0x20000b6c                . = (. + _Min_Heap_Size)
 *fill*         0x2000096c      0x200 
                0x20000f6c                . = (. + _Min_Stack_Size)
 *fill*         0x20000b6c      0x400 
                0x20000f6c                . = ALIGN (0x4)

/DISCARD/
 libc.a(*)
 libm.a(*)
 libgcc.a(*)

.ARM.attributes
                0x00000000       0x29
 *(.ARM.attributes)
 .ARM.attributes
                0x00000000       0x1d c:/program files (x86)/gnu tools arm embedded/5.3 2016q1/bin/../lib/gcc/arm-none-eabi/5.3.1/armv7-m/crti.o
 .ARM.attributes
                0x0000001d       0x2d c:/program files (x86)/gnu tools arm embedded/5.3 2016q1/bin/../lib/gcc/arm-none-eabi/5.3.1/armv7-m/crtbegin.o
 .ARM.attributes
                0x0000004a       0x33 ..\obj\getTick.o
 .ARM.attributes
                0x0000007d       0x33 ..\obj\DMA.o
 .ARM.attributes
                0x000000b0       0x33 ..\obj\syscalls.o
 .ARM.attributes
                0x000000e3       0x33 ..\obj\Timer.o
 .ARM.attributes
                0x00000116       0x33 ..\obj\stm32f10x_gpio.o
 .ARM.attributes
                0x00000149       0x33 ..\obj\SPI_setting.o
 .ARM.attributes
                0x0000017c       0x33 ..\obj\stm32f10x_rcc.o
 .ARM.attributes
                0x000001af       0x33 ..\obj\Linklist.o
 .ARM.attributes
                0x000001e2       0x33 ..\obj\stm32f10x_dma.o
 .ARM.attributes
                0x00000215       0x33 ..\obj\GPIO_setting.o
 .ARM.attributes
                0x00000248       0x33 ..\obj\Timer_setting.o
 .ARM.attributes
                0x0000027b       0x33 ..\obj\system_stm32f10x.o
 .ARM.attributes
                0x000002ae       0x33 ..\obj\RelativeTimeLinkList.o
 .ARM.attributes
                0x000002e1       0x33 ..\obj\DMA_setting.o
 .ARM.attributes
                0x00000314       0x21 ..\obj\startup_stm32f103xb.o
 .ARM.attributes
                0x00000335       0x33 ..\obj\stm32f10x_tim.o
 .ARM.attributes
                0x00000368       0x33 ..\obj\Motor.o
 .ARM.attributes
                0x0000039b       0x33 ..\obj\stm32f10x_spi.o
 .ARM.attributes
                0x000003ce       0x33 ..\obj\main.o
 .ARM.attributes
                0x00000401       0x2d c:/program files (x86)/gnu tools arm embedded/5.3 2016q1/bin/../lib/gcc/arm-none-eabi/5.3.1/../../../../arm-none-eabi/lib/armv7-m\libg.a(lib_a-errno.o)
 .ARM.attributes
                0x0000042e       0x2d c:/program files (x86)/gnu tools arm embedded/5.3 2016q1/bin/../lib/gcc/arm-none-eabi/5.3.1/../../../../arm-none-eabi/lib/armv7-m\libg.a(lib_a-malloc.o)
 .ARM.attributes
                0x0000045b       0x2d c:/program files (x86)/gnu tools arm embedded/5.3 2016q1/bin/../lib/gcc/arm-none-eabi/5.3.1/../../../../arm-none-eabi/lib/armv7-m\libg.a(lib_a-mallocr.o)
 .ARM.attributes
                0x00000488       0x2d c:/program files (x86)/gnu tools arm embedded/5.3 2016q1/bin/../lib/gcc/arm-none-eabi/5.3.1/../../../../arm-none-eabi/lib/armv7-m\libg.a(lib_a-mlock.o)
 .ARM.attributes
                0x000004b5       0x2d c:/program files (x86)/gnu tools arm embedded/5.3 2016q1/bin/../lib/gcc/arm-none-eabi/5.3.1/../../../../arm-none-eabi/lib/armv7-m\libg.a(lib_a-printf.o)
 .ARM.attributes
                0x000004e2       0x2d c:/program files (x86)/gnu tools arm embedded/5.3 2016q1/bin/../lib/gcc/arm-none-eabi/5.3.1/../../../../arm-none-eabi/lib/armv7-m\libg.a(lib_a-puts.o)
 .ARM.attributes
                0x0000050f       0x2d c:/program files (x86)/gnu tools arm embedded/5.3 2016q1/bin/../lib/gcc/arm-none-eabi/5.3.1/../../../../arm-none-eabi/lib/armv7-m\libg.a(lib_a-sbrkr.o)
 .ARM.attributes
                0x0000053c       0x2d c:/program files (x86)/gnu tools arm embedded/5.3 2016q1/bin/../lib/gcc/arm-none-eabi/5.3.1/../../../../arm-none-eabi/lib/armv7-m\libg.a(lib_a-strlen-stub.o)
 .ARM.attributes
                0x00000569       0x2d c:/program files (x86)/gnu tools arm embedded/5.3 2016q1/bin/../lib/gcc/arm-none-eabi/5.3.1/../../../../arm-none-eabi/lib/armv7-m\libg.a(lib_a-vfprintf.o)
 .ARM.attributes
                0x00000596       0x2d c:/program files (x86)/gnu tools arm embedded/5.3 2016q1/bin/../lib/gcc/arm-none-eabi/5.3.1/../../../../arm-none-eabi/lib/armv7-m\libg.a(lib_a-wsetup.o)
 .ARM.attributes
                0x000005c3       0x2d c:/program files (x86)/gnu tools arm embedded/5.3 2016q1/bin/../lib/gcc/arm-none-eabi/5.3.1/../../../../arm-none-eabi/lib/armv7-m\libg.a(lib_a-dtoa.o)
 .ARM.attributes
                0x000005f0       0x2d c:/program files (x86)/gnu tools arm embedded/5.3 2016q1/bin/../lib/gcc/arm-none-eabi/5.3.1/../../../../arm-none-eabi/lib/armv7-m\libg.a(lib_a-fflush.o)
 .ARM.attributes
                0x0000061d       0x2d c:/program files (x86)/gnu tools arm embedded/5.3 2016q1/bin/../lib/gcc/arm-none-eabi/5.3.1/../../../../arm-none-eabi/lib/armv7-m\libg.a(lib_a-findfp.o)
 .ARM.attributes
                0x0000064a       0x2d c:/program files (x86)/gnu tools arm embedded/5.3 2016q1/bin/../lib/gcc/arm-none-eabi/5.3.1/../../../../arm-none-eabi/lib/armv7-m\libg.a(lib_a-freer.o)
 .ARM.attributes
                0x00000677       0x2d c:/program files (x86)/gnu tools arm embedded/5.3 2016q1/bin/../lib/gcc/arm-none-eabi/5.3.1/../../../../arm-none-eabi/lib/armv7-m\libg.a(lib_a-fvwrite.o)
 .ARM.attributes
                0x000006a4       0x2d c:/program files (x86)/gnu tools arm embedded/5.3 2016q1/bin/../lib/gcc/arm-none-eabi/5.3.1/../../../../arm-none-eabi/lib/armv7-m\libg.a(lib_a-fwalk.o)
 .ARM.attributes
                0x000006d1       0x2d c:/program files (x86)/gnu tools arm embedded/5.3 2016q1/bin/../lib/gcc/arm-none-eabi/5.3.1/../../../../arm-none-eabi/lib/armv7-m\libg.a(lib_a-locale.o)
 .ARM.attributes
                0x000006fe       0x2d c:/program files (x86)/gnu tools arm embedded/5.3 2016q1/bin/../lib/gcc/arm-none-eabi/5.3.1/../../../../arm-none-eabi/lib/armv7-m\libg.a(lib_a-makebuf.o)
 .ARM.attributes
                0x0000072b       0x2d c:/program files (x86)/gnu tools arm embedded/5.3 2016q1/bin/../lib/gcc/arm-none-eabi/5.3.1/../../../../arm-none-eabi/lib/armv7-m\libg.a(lib_a-memchr-stub.o)
 .ARM.attributes
                0x00000758       0x1b c:/program files (x86)/gnu tools arm embedded/5.3 2016q1/bin/../lib/gcc/arm-none-eabi/5.3.1/../../../../arm-none-eabi/lib/armv7-m\libg.a(lib_a-memcpy.o)
 .ARM.attributes
                0x00000773       0x2d c:/program files (x86)/gnu tools arm embedded/5.3 2016q1/bin/../lib/gcc/arm-none-eabi/5.3.1/../../../../arm-none-eabi/lib/armv7-m\libg.a(lib_a-memmove.o)
 .ARM.attributes
                0x000007a0       0x2d c:/program files (x86)/gnu tools arm embedded/5.3 2016q1/bin/../lib/gcc/arm-none-eabi/5.3.1/../../../../arm-none-eabi/lib/armv7-m\libg.a(lib_a-mprec.o)
 .ARM.attributes
                0x000007cd       0x2d c:/program files (x86)/gnu tools arm embedded/5.3 2016q1/bin/../lib/gcc/arm-none-eabi/5.3.1/../../../../arm-none-eabi/lib/armv7-m\libg.a(lib_a-reallocr.o)
 .ARM.attributes
                0x000007fa       0x2d c:/program files (x86)/gnu tools arm embedded/5.3 2016q1/bin/../lib/gcc/arm-none-eabi/5.3.1/../../../../arm-none-eabi/lib/armv7-m\libg.a(lib_a-reent.o)
 .ARM.attributes
                0x00000827       0x2d c:/program files (x86)/gnu tools arm embedded/5.3 2016q1/bin/../lib/gcc/arm-none-eabi/5.3.1/../../../../arm-none-eabi/lib/armv7-m\libg.a(lib_a-stdio.o)
 .ARM.attributes
                0x00000854       0x2d c:/program files (x86)/gnu tools arm embedded/5.3 2016q1/bin/../lib/gcc/arm-none-eabi/5.3.1/../../../../arm-none-eabi/lib/armv7-m\libg.a(lib_a-vfiprintf.o)
 .ARM.attributes
                0x00000881       0x2d c:/program files (x86)/gnu tools arm embedded/5.3 2016q1/bin/../lib/gcc/arm-none-eabi/5.3.1/../../../../arm-none-eabi/lib/armv7-m\libg.a(lib_a-writer.o)
 .ARM.attributes
                0x000008ae       0x2d c:/program files (x86)/gnu tools arm embedded/5.3 2016q1/bin/../lib/gcc/arm-none-eabi/5.3.1/../../../../arm-none-eabi/lib/armv7-m\libg.a(lib_a-callocr.o)
 .ARM.attributes
                0x000008db       0x2d c:/program files (x86)/gnu tools arm embedded/5.3 2016q1/bin/../lib/gcc/arm-none-eabi/5.3.1/../../../../arm-none-eabi/lib/armv7-m\libg.a(lib_a-closer.o)
 .ARM.attributes
                0x00000908       0x2d c:/program files (x86)/gnu tools arm embedded/5.3 2016q1/bin/../lib/gcc/arm-none-eabi/5.3.1/../../../../arm-none-eabi/lib/armv7-m\libg.a(lib_a-fclose.o)
 .ARM.attributes
                0x00000935       0x2d c:/program files (x86)/gnu tools arm embedded/5.3 2016q1/bin/../lib/gcc/arm-none-eabi/5.3.1/../../../../arm-none-eabi/lib/armv7-m\libg.a(lib_a-fputwc.o)
 .ARM.attributes
                0x00000962       0x2d c:/program files (x86)/gnu tools arm embedded/5.3 2016q1/bin/../lib/gcc/arm-none-eabi/5.3.1/../../../../arm-none-eabi/lib/armv7-m\libg.a(lib_a-fstatr.o)
 .ARM.attributes
                0x0000098f       0x2d c:/program files (x86)/gnu tools arm embedded/5.3 2016q1/bin/../lib/gcc/arm-none-eabi/5.3.1/../../../../arm-none-eabi/lib/armv7-m\libg.a(lib_a-isattyr.o)
 .ARM.attributes
                0x000009bc       0x2d c:/program files (x86)/gnu tools arm embedded/5.3 2016q1/bin/../lib/gcc/arm-none-eabi/5.3.1/../../../../arm-none-eabi/lib/armv7-m\libg.a(lib_a-lseekr.o)
 .ARM.attributes
                0x000009e9       0x2d c:/program files (x86)/gnu tools arm embedded/5.3 2016q1/bin/../lib/gcc/arm-none-eabi/5.3.1/../../../../arm-none-eabi/lib/armv7-m\libg.a(lib_a-readr.o)
 .ARM.attributes
                0x00000a16       0x2d c:/program files (x86)/gnu tools arm embedded/5.3 2016q1/bin/../lib/gcc/arm-none-eabi/5.3.1/../../../../arm-none-eabi/lib/armv7-m\libg.a(lib_a-wbuf.o)
 .ARM.attributes
                0x00000a43       0x2d c:/program files (x86)/gnu tools arm embedded/5.3 2016q1/bin/../lib/gcc/arm-none-eabi/5.3.1/../../../../arm-none-eabi/lib/armv7-m\libg.a(lib_a-wcrtomb.o)
 .ARM.attributes
                0x00000a70       0x2d c:/program files (x86)/gnu tools arm embedded/5.3 2016q1/bin/../lib/gcc/arm-none-eabi/5.3.1/../../../../arm-none-eabi/lib/armv7-m\libg.a(lib_a-wctomb_r.o)
 .ARM.attributes
                0x00000a9d       0x1d c:/program files (x86)/gnu tools arm embedded/5.3 2016q1/bin/../lib/gcc/arm-none-eabi/5.3.1/armv7-m\libgcc.a(_arm_addsubdf3.o)
 .ARM.attributes
                0x00000aba       0x1d c:/program files (x86)/gnu tools arm embedded/5.3 2016q1/bin/../lib/gcc/arm-none-eabi/5.3.1/armv7-m\libgcc.a(_arm_muldivdf3.o)
 .ARM.attributes
                0x00000ad7       0x1d c:/program files (x86)/gnu tools arm embedded/5.3 2016q1/bin/../lib/gcc/arm-none-eabi/5.3.1/armv7-m\libgcc.a(_arm_cmpdf2.o)
 .ARM.attributes
                0x00000af4       0x1d c:/program files (x86)/gnu tools arm embedded/5.3 2016q1/bin/../lib/gcc/arm-none-eabi/5.3.1/armv7-m\libgcc.a(_arm_unorddf2.o)
 .ARM.attributes
                0x00000b11       0x1d c:/program files (x86)/gnu tools arm embedded/5.3 2016q1/bin/../lib/gcc/arm-none-eabi/5.3.1/armv7-m\libgcc.a(_arm_fixdfsi.o)
 .ARM.attributes
                0x00000b2e       0x1d c:/program files (x86)/gnu tools arm embedded/5.3 2016q1/bin/../lib/gcc/arm-none-eabi/5.3.1/armv7-m\libgcc.a(_aeabi_uldivmod.o)
 .ARM.attributes
                0x00000b4b       0x2d c:/program files (x86)/gnu tools arm embedded/5.3 2016q1/bin/../lib/gcc/arm-none-eabi/5.3.1/armv7-m\libgcc.a(_udivmoddi4.o)
 .ARM.attributes
                0x00000b78       0x1d c:/program files (x86)/gnu tools arm embedded/5.3 2016q1/bin/../lib/gcc/arm-none-eabi/5.3.1/armv7-m\libgcc.a(_dvmd_tls.o)
 .ARM.attributes
                0x00000b95       0x1d c:/program files (x86)/gnu tools arm embedded/5.3 2016q1/bin/../lib/gcc/arm-none-eabi/5.3.1/armv7-m/crtn.o
LOAD ..\obj\getTick.o
LOAD ..\obj\DMA.o
LOAD ..\obj\syscalls.o
LOAD ..\obj\stepperMotor.o
LOAD ..\obj\Timer.o
LOAD ..\obj\stm32f10x_gpio.o
LOAD ..\obj\SPI_setting.o
LOAD ..\obj\projectStruct.o
LOAD ..\obj\stm32f10x_rcc.o
LOAD ..\obj\Linklist.o
LOAD ..\obj\stm32f10x_dma.o
LOAD ..\obj\GPIO_setting.o
LOAD ..\obj\Timer_setting.o
LOAD ..\obj\system_stm32f10x.o
LOAD ..\obj\RelativeTimeLinkList.o
LOAD ..\obj\DMA_setting.o
LOAD ..\obj\startup_stm32f103xb.o
LOAD ..\obj\stm32f10x_tim.o
LOAD ..\obj\Motor.o
LOAD ..\obj\stm32f10x_spi.o
LOAD ..\obj\misc.o
LOAD ..\obj\main.o
LOAD ..\obj\Config.o
START GROUP
LOAD c:/program files (x86)/gnu tools arm embedded/5.3 2016q1/bin/../lib/gcc/arm-none-eabi/5.3.1/armv7-m\libgcc.a
LOAD c:/program files (x86)/gnu tools arm embedded/5.3 2016q1/bin/../lib/gcc/arm-none-eabi/5.3.1/../../../../arm-none-eabi/lib/armv7-m\libg.a
LOAD c:/program files (x86)/gnu tools arm embedded/5.3 2016q1/bin/../lib/gcc/arm-none-eabi/5.3.1/../../../../arm-none-eabi/lib/armv7-m\libc.a
END GROUP
LOAD c:/program files (x86)/gnu tools arm embedded/5.3 2016q1/bin/../lib/gcc/arm-none-eabi/5.3.1/armv7-m/crtend.o
LOAD c:/program files (x86)/gnu tools arm embedded/5.3 2016q1/bin/../lib/gcc/arm-none-eabi/5.3.1/armv7-m/crtn.o
OUTPUT(PCB Laser Etcher.elf elf32-littlearm)

.debug_info     0x00000000     0x7d76
 .debug_info    0x00000000      0x324 ..\obj\getTick.o
 .debug_info    0x00000324      0x1dc ..\obj\DMA.o
 .debug_info    0x00000500      0x663 ..\obj\syscalls.o
 .debug_info    0x00000b63      0x554 ..\obj\Timer.o
 .debug_info    0x000010b7      0x6f6 ..\obj\stm32f10x_gpio.o
 .debug_info    0x000017ad      0x305 ..\obj\SPI_setting.o
 .debug_info    0x00001ab2      0x8a3 ..\obj\stm32f10x_rcc.o
 .debug_info    0x00002355      0x260 ..\obj\Linklist.o
 .debug_info    0x000025b5      0x47b ..\obj\stm32f10x_dma.o
 .debug_info    0x00002a30      0x244 ..\obj\GPIO_setting.o
 .debug_info    0x00002c74      0x448 ..\obj\Timer_setting.o
 .debug_info    0x000030bc      0x49c ..\obj\system_stm32f10x.o
 .debug_info    0x00003558      0x4f8 ..\obj\RelativeTimeLinkList.o
 .debug_info    0x00003a50      0x2bb ..\obj\DMA_setting.o
 .debug_info    0x00003d0b       0xca ..\obj\startup_stm32f103xb.o
 .debug_info    0x00003dd5     0x1c60 ..\obj\stm32f10x_tim.o
 .debug_info    0x00005a35      0xb96 ..\obj\Motor.o
 .debug_info    0x000065cb      0x8fb ..\obj\stm32f10x_spi.o
 .debug_info    0x00006ec6      0xeb0 ..\obj\main.o

.debug_abbrev   0x00000000     0x1964
 .debug_abbrev  0x00000000       0xbb ..\obj\getTick.o
 .debug_abbrev  0x000000bb       0xc7 ..\obj\DMA.o
 .debug_abbrev  0x00000182      0x174 ..\obj\syscalls.o
 .debug_abbrev  0x000002f6      0x18c ..\obj\Timer.o
 .debug_abbrev  0x00000482      0x1cc ..\obj\stm32f10x_gpio.o
 .debug_abbrev  0x0000064e      0x114 ..\obj\SPI_setting.o
 .debug_abbrev  0x00000762      0x1bc ..\obj\stm32f10x_rcc.o
 .debug_abbrev  0x0000091e      0x10a ..\obj\Linklist.o
 .debug_abbrev  0x00000a28      0x157 ..\obj\stm32f10x_dma.o
 .debug_abbrev  0x00000b7f      0x109 ..\obj\GPIO_setting.o
 .debug_abbrev  0x00000c88      0x130 ..\obj\Timer_setting.o
 .debug_abbrev  0x00000db8      0x14e ..\obj\system_stm32f10x.o
 .debug_abbrev  0x00000f06      0x13c ..\obj\RelativeTimeLinkList.o
 .debug_abbrev  0x00001042      0x118 ..\obj\DMA_setting.o
 .debug_abbrev  0x0000115a       0x12 ..\obj\startup_stm32f103xb.o
 .debug_abbrev  0x0000116c      0x1b2 ..\obj\stm32f10x_tim.o
 .debug_abbrev  0x0000131e      0x24f ..\obj\Motor.o
 .debug_abbrev  0x0000156d      0x180 ..\obj\stm32f10x_spi.o
 .debug_abbrev  0x000016ed      0x277 ..\obj\main.o

.debug_aranges  0x00000000      0x268
 .debug_aranges
                0x00000000       0x20 ..\obj\getTick.o
 .debug_aranges
                0x00000020       0x20 ..\obj\DMA.o
 .debug_aranges
                0x00000040       0x20 ..\obj\syscalls.o
 .debug_aranges
                0x00000060       0x20 ..\obj\Timer.o
 .debug_aranges
                0x00000080       0x20 ..\obj\stm32f10x_gpio.o
 .debug_aranges
                0x000000a0       0x20 ..\obj\SPI_setting.o
 .debug_aranges
                0x000000c0       0x20 ..\obj\stm32f10x_rcc.o
 .debug_aranges
                0x000000e0       0x20 ..\obj\Linklist.o
 .debug_aranges
                0x00000100       0x20 ..\obj\stm32f10x_dma.o
 .debug_aranges
                0x00000120       0x20 ..\obj\GPIO_setting.o
 .debug_aranges
                0x00000140       0x20 ..\obj\Timer_setting.o
 .debug_aranges
                0x00000160       0x20 ..\obj\system_stm32f10x.o
 .debug_aranges
                0x00000180       0x20 ..\obj\RelativeTimeLinkList.o
 .debug_aranges
                0x000001a0       0x20 ..\obj\DMA_setting.o
 .debug_aranges
                0x000001c0       0x28 ..\obj\startup_stm32f103xb.o
 .debug_aranges
                0x000001e8       0x20 ..\obj\stm32f10x_tim.o
 .debug_aranges
                0x00000208       0x20 ..\obj\Motor.o
 .debug_aranges
                0x00000228       0x20 ..\obj\stm32f10x_spi.o
 .debug_aranges
                0x00000248       0x20 ..\obj\main.o

.debug_line     0x00000000     0x320c
 .debug_line    0x00000000      0x1da ..\obj\getTick.o
 .debug_line    0x000001da      0x195 ..\obj\DMA.o
 .debug_line    0x0000036f      0x178 ..\obj\syscalls.o
 .debug_line    0x000004e7      0x263 ..\obj\Timer.o
 .debug_line    0x0000074a      0x357 ..\obj\stm32f10x_gpio.o
 .debug_line    0x00000aa1      0x25d ..\obj\SPI_setting.o
 .debug_line    0x00000cfe      0x3a0 ..\obj\stm32f10x_rcc.o
 .debug_line    0x0000109e      0x17a ..\obj\Linklist.o
 .debug_line    0x00001218      0x31f ..\obj\stm32f10x_dma.o
 .debug_line    0x00001537      0x245 ..\obj\GPIO_setting.o
 .debug_line    0x0000177c      0x252 ..\obj\Timer_setting.o
 .debug_line    0x000019ce      0x223 ..\obj\system_stm32f10x.o
 .debug_line    0x00001bf1      0x286 ..\obj\RelativeTimeLinkList.o
 .debug_line    0x00001e77      0x256 ..\obj\DMA_setting.o
 .debug_line    0x000020cd       0xb4 ..\obj\startup_stm32f103xb.o
 .debug_line    0x00002181      0x71c ..\obj\stm32f10x_tim.o
 .debug_line    0x0000289d      0x2e3 ..\obj\Motor.o
 .debug_line    0x00002b80      0x36e ..\obj\stm32f10x_spi.o
 .debug_line    0x00002eee      0x31e ..\obj\main.o

.debug_str      0x00000000     0x2d0a
 .debug_str     0x00000000      0x2ae ..\obj\getTick.o
                                0x301 (size before relaxing)
 .debug_str     0x000002ae       0xdc ..\obj\DMA.o
                                0x27d (size before relaxing)
 .debug_str     0x0000038a      0x238 ..\obj\syscalls.o
                                0x3ba (size before relaxing)
 .debug_str     0x000005c2      0x113 ..\obj\Timer.o
                                0x455 (size before relaxing)
 .debug_str     0x000006d5      0x3ce ..\obj\stm32f10x_gpio.o
                                0x52c (size before relaxing)
 .debug_str     0x00000aa3      0x118 ..\obj\SPI_setting.o
                                0x2ec (size before relaxing)
 .debug_str     0x00000bbb      0x46b ..\obj\stm32f10x_rcc.o
                                0x62d (size before relaxing)
 .debug_str     0x00001026       0xb9 ..\obj\Linklist.o
                                0x2ba (size before relaxing)
 .debug_str     0x000010df      0x22f ..\obj\stm32f10x_dma.o
                                0x3ca (size before relaxing)
 .debug_str     0x0000130e       0x55 ..\obj\GPIO_setting.o
                                0x2c0 (size before relaxing)
 .debug_str     0x00001363       0xe2 ..\obj\Timer_setting.o
                                0x385 (size before relaxing)
 .debug_str     0x00001445      0x11a ..\obj\system_stm32f10x.o
                                0x2f6 (size before relaxing)
 .debug_str     0x0000155f      0x190 ..\obj\RelativeTimeLinkList.o
                                0x3d1 (size before relaxing)
 .debug_str     0x000016ef       0xe5 ..\obj\DMA_setting.o
                                0x2f9 (size before relaxing)
 .debug_str     0x000017d4      0xa78 ..\obj\stm32f10x_tim.o
                                0xdf0 (size before relaxing)
 .debug_str     0x0000224c      0x278 ..\obj\Motor.o
                                0x6d4 (size before relaxing)
 .debug_str     0x000024c4      0x2eb ..\obj\stm32f10x_spi.o
                                0x610 (size before relaxing)
 .debug_str     0x000027af      0x55b ..\obj\main.o
                                0xb69 (size before relaxing)

.comment        0x00000000       0x6e
 .comment       0x00000000       0x6e ..\obj\getTick.o
                                 0x6f (size before relaxing)
 .comment       0x0000006e       0x6f ..\obj\DMA.o
 .comment       0x0000006e       0x6f ..\obj\syscalls.o
 .comment       0x0000006e       0x6f ..\obj\Timer.o
 .comment       0x0000006e       0x6f ..\obj\stm32f10x_gpio.o
 .comment       0x0000006e       0x6f ..\obj\SPI_setting.o
 .comment       0x0000006e       0x6f ..\obj\stm32f10x_rcc.o
 .comment       0x0000006e       0x6f ..\obj\Linklist.o
 .comment       0x0000006e       0x6f ..\obj\stm32f10x_dma.o
 .comment       0x0000006e       0x6f ..\obj\GPIO_setting.o
 .comment       0x0000006e       0x6f ..\obj\Timer_setting.o
 .comment       0x0000006e       0x6f ..\obj\system_stm32f10x.o
 .comment       0x0000006e       0x6f ..\obj\RelativeTimeLinkList.o
 .comment       0x0000006e       0x6f ..\obj\DMA_setting.o
 .comment       0x0000006e       0x6f ..\obj\stm32f10x_tim.o
 .comment       0x0000006e       0x6f ..\obj\Motor.o
 .comment       0x0000006e       0x6f ..\obj\stm32f10x_spi.o
 .comment       0x0000006e       0x6f ..\obj\main.o

.debug_frame    0x00000000     0x37e4
 .debug_frame   0x00000000       0x38 ..\obj\getTick.o
 .debug_frame   0x00000038       0x34 ..\obj\DMA.o
 .debug_frame   0x0000006c      0x2d4 ..\obj\syscalls.o
 .debug_frame   0x00000340       0xc8 ..\obj\Timer.o
 .debug_frame   0x00000408      0x2d0 ..\obj\stm32f10x_gpio.o
 .debug_frame   0x000006d8       0x5c ..\obj\SPI_setting.o
 .debug_frame   0x00000734      0x4f4 ..\obj\stm32f10x_rcc.o
 .debug_frame   0x00000c28       0xcc ..\obj\Linklist.o
 .debug_frame   0x00000cf4      0x1c8 ..\obj\stm32f10x_dma.o
 .debug_frame   0x00000ebc       0x34 ..\obj\GPIO_setting.o
 .debug_frame   0x00000ef0       0xac ..\obj\Timer_setting.o
 .debug_frame   0x00000f9c       0x98 ..\obj\system_stm32f10x.o
 .debug_frame   0x00001034      0x1bc ..\obj\RelativeTimeLinkList.o
 .debug_frame   0x000011f0       0xac ..\obj\DMA_setting.o
 .debug_frame   0x0000129c      0xe2c ..\obj\stm32f10x_tim.o
 .debug_frame   0x000020c8      0x32c ..\obj\Motor.o
 .debug_frame   0x000023f4      0x3a0 ..\obj\stm32f10x_spi.o
 .debug_frame   0x00002794      0x164 ..\obj\main.o
 .debug_frame   0x000028f8       0x20 c:/program files (x86)/gnu tools arm embedded/5.3 2016q1/bin/../lib/gcc/arm-none-eabi/5.3.1/../../../../arm-none-eabi/lib/armv7-m\libg.a(lib_a-errno.o)
 .debug_frame   0x00002918       0x30 c:/program files (x86)/gnu tools arm embedded/5.3 2016q1/bin/../lib/gcc/arm-none-eabi/5.3.1/../../../../arm-none-eabi/lib/armv7-m\libg.a(lib_a-malloc.o)
 .debug_frame   0x00002948       0x54 c:/program files (x86)/gnu tools arm embedded/5.3 2016q1/bin/../lib/gcc/arm-none-eabi/5.3.1/../../../../arm-none-eabi/lib/armv7-m\libg.a(lib_a-mallocr.o)
 .debug_frame   0x0000299c       0x30 c:/program files (x86)/gnu tools arm embedded/5.3 2016q1/bin/../lib/gcc/arm-none-eabi/5.3.1/../../../../arm-none-eabi/lib/armv7-m\libg.a(lib_a-mlock.o)
 .debug_frame   0x000029cc       0x78 c:/program files (x86)/gnu tools arm embedded/5.3 2016q1/bin/../lib/gcc/arm-none-eabi/5.3.1/../../../../arm-none-eabi/lib/armv7-m\libg.a(lib_a-printf.o)
 .debug_frame   0x00002a44       0x48 c:/program files (x86)/gnu tools arm embedded/5.3 2016q1/bin/../lib/gcc/arm-none-eabi/5.3.1/../../../../arm-none-eabi/lib/armv7-m\libg.a(lib_a-puts.o)
 .debug_frame   0x00002a8c       0x2c c:/program files (x86)/gnu tools arm embedded/5.3 2016q1/bin/../lib/gcc/arm-none-eabi/5.3.1/../../../../arm-none-eabi/lib/armv7-m\libg.a(lib_a-sbrkr.o)
 .debug_frame   0x00002ab8       0x20 c:/program files (x86)/gnu tools arm embedded/5.3 2016q1/bin/../lib/gcc/arm-none-eabi/5.3.1/../../../../arm-none-eabi/lib/armv7-m\libg.a(lib_a-strlen-stub.o)
 .debug_frame   0x00002ad8       0x88 c:/program files (x86)/gnu tools arm embedded/5.3 2016q1/bin/../lib/gcc/arm-none-eabi/5.3.1/../../../../arm-none-eabi/lib/armv7-m\libg.a(lib_a-vfprintf.o)
 .debug_frame   0x00002b60       0x2c c:/program files (x86)/gnu tools arm embedded/5.3 2016q1/bin/../lib/gcc/arm-none-eabi/5.3.1/../../../../arm-none-eabi/lib/armv7-m\libg.a(lib_a-wsetup.o)
 .debug_frame   0x00002b8c       0x84 c:/program files (x86)/gnu tools arm embedded/5.3 2016q1/bin/../lib/gcc/arm-none-eabi/5.3.1/../../../../arm-none-eabi/lib/armv7-m\libg.a(lib_a-dtoa.o)
 .debug_frame   0x00002c10       0x6c c:/program files (x86)/gnu tools arm embedded/5.3 2016q1/bin/../lib/gcc/arm-none-eabi/5.3.1/../../../../arm-none-eabi/lib/armv7-m\libg.a(lib_a-fflush.o)
 .debug_frame   0x00002c7c      0x124 c:/program files (x86)/gnu tools arm embedded/5.3 2016q1/bin/../lib/gcc/arm-none-eabi/5.3.1/../../../../arm-none-eabi/lib/armv7-m\libg.a(lib_a-findfp.o)
 .debug_frame   0x00002da0       0x74 c:/program files (x86)/gnu tools arm embedded/5.3 2016q1/bin/../lib/gcc/arm-none-eabi/5.3.1/../../../../arm-none-eabi/lib/armv7-m\libg.a(lib_a-freer.o)
 .debug_frame   0x00002e14       0x68 c:/program files (x86)/gnu tools arm embedded/5.3 2016q1/bin/../lib/gcc/arm-none-eabi/5.3.1/../../../../arm-none-eabi/lib/armv7-m\libg.a(lib_a-fvwrite.o)
 .debug_frame   0x00002e7c       0x54 c:/program files (x86)/gnu tools arm embedded/5.3 2016q1/bin/../lib/gcc/arm-none-eabi/5.3.1/../../../../arm-none-eabi/lib/armv7-m\libg.a(lib_a-fwalk.o)
 .debug_frame   0x00002ed0       0x9c c:/program files (x86)/gnu tools arm embedded/5.3 2016q1/bin/../lib/gcc/arm-none-eabi/5.3.1/../../../../arm-none-eabi/lib/armv7-m\libg.a(lib_a-locale.o)
 .debug_frame   0x00002f6c       0x68 c:/program files (x86)/gnu tools arm embedded/5.3 2016q1/bin/../lib/gcc/arm-none-eabi/5.3.1/../../../../arm-none-eabi/lib/armv7-m\libg.a(lib_a-makebuf.o)
 .debug_frame   0x00002fd4       0x34 c:/program files (x86)/gnu tools arm embedded/5.3 2016q1/bin/../lib/gcc/arm-none-eabi/5.3.1/../../../../arm-none-eabi/lib/armv7-m\libg.a(lib_a-memchr-stub.o)
 .debug_frame   0x00003008       0x30 c:/program files (x86)/gnu tools arm embedded/5.3 2016q1/bin/../lib/gcc/arm-none-eabi/5.3.1/../../../../arm-none-eabi/lib/armv7-m\libg.a(lib_a-memmove.o)
 .debug_frame   0x00003038      0x264 c:/program files (x86)/gnu tools arm embedded/5.3 2016q1/bin/../lib/gcc/arm-none-eabi/5.3.1/../../../../arm-none-eabi/lib/armv7-m\libg.a(lib_a-mprec.o)
 .debug_frame   0x0000329c       0x58 c:/program files (x86)/gnu tools arm embedded/5.3 2016q1/bin/../lib/gcc/arm-none-eabi/5.3.1/../../../../arm-none-eabi/lib/armv7-m\libg.a(lib_a-reallocr.o)
 .debug_frame   0x000032f4       0x58 c:/program files (x86)/gnu tools arm embedded/5.3 2016q1/bin/../lib/gcc/arm-none-eabi/5.3.1/../../../../arm-none-eabi/lib/armv7-m\libg.a(lib_a-reent.o)
 .debug_frame   0x0000334c       0x88 c:/program files (x86)/gnu tools arm embedded/5.3 2016q1/bin/../lib/gcc/arm-none-eabi/5.3.1/../../../../arm-none-eabi/lib/armv7-m\libg.a(lib_a-stdio.o)
 .debug_frame   0x000033d4       0xc8 c:/program files (x86)/gnu tools arm embedded/5.3 2016q1/bin/../lib/gcc/arm-none-eabi/5.3.1/../../../../arm-none-eabi/lib/armv7-m\libg.a(lib_a-vfiprintf.o)
 .debug_frame   0x0000349c       0x2c c:/program files (x86)/gnu tools arm embedded/5.3 2016q1/bin/../lib/gcc/arm-none-eabi/5.3.1/../../../../arm-none-eabi/lib/armv7-m\libg.a(lib_a-writer.o)
 .debug_frame   0x000034c8       0x28 c:/program files (x86)/gnu tools arm embedded/5.3 2016q1/bin/../lib/gcc/arm-none-eabi/5.3.1/../../../../arm-none-eabi/lib/armv7-m\libg.a(lib_a-callocr.o)
 .debug_frame   0x000034f0       0x2c c:/program files (x86)/gnu tools arm embedded/5.3 2016q1/bin/../lib/gcc/arm-none-eabi/5.3.1/../../../../arm-none-eabi/lib/armv7-m\libg.a(lib_a-closer.o)
 .debug_frame   0x0000351c       0x44 c:/program files (x86)/gnu tools arm embedded/5.3 2016q1/bin/../lib/gcc/arm-none-eabi/5.3.1/../../../../arm-none-eabi/lib/armv7-m\libg.a(lib_a-fclose.o)
 .debug_frame   0x00003560       0x88 c:/program files (x86)/gnu tools arm embedded/5.3 2016q1/bin/../lib/gcc/arm-none-eabi/5.3.1/../../../../arm-none-eabi/lib/armv7-m\libg.a(lib_a-fputwc.o)
 .debug_frame   0x000035e8       0x2c c:/program files (x86)/gnu tools arm embedded/5.3 2016q1/bin/../lib/gcc/arm-none-eabi/5.3.1/../../../../arm-none-eabi/lib/armv7-m\libg.a(lib_a-fstatr.o)
 .debug_frame   0x00003614       0x2c c:/program files (x86)/gnu tools arm embedded/5.3 2016q1/bin/../lib/gcc/arm-none-eabi/5.3.1/../../../../arm-none-eabi/lib/armv7-m\libg.a(lib_a-isattyr.o)
 .debug_frame   0x00003640       0x2c c:/program files (x86)/gnu tools arm embedded/5.3 2016q1/bin/../lib/gcc/arm-none-eabi/5.3.1/../../../../arm-none-eabi/lib/armv7-m\libg.a(lib_a-lseekr.o)
 .debug_frame   0x0000366c       0x2c c:/program files (x86)/gnu tools arm embedded/5.3 2016q1/bin/../lib/gcc/arm-none-eabi/5.3.1/../../../../arm-none-eabi/lib/armv7-m\libg.a(lib_a-readr.o)
 .debug_frame   0x00003698       0x40 c:/program files (x86)/gnu tools arm embedded/5.3 2016q1/bin/../lib/gcc/arm-none-eabi/5.3.1/../../../../arm-none-eabi/lib/armv7-m\libg.a(lib_a-wbuf.o)
 .debug_frame   0x000036d8       0x60 c:/program files (x86)/gnu tools arm embedded/5.3 2016q1/bin/../lib/gcc/arm-none-eabi/5.3.1/../../../../arm-none-eabi/lib/armv7-m\libg.a(lib_a-wcrtomb.o)
 .debug_frame   0x00003738       0x48 c:/program files (x86)/gnu tools arm embedded/5.3 2016q1/bin/../lib/gcc/arm-none-eabi/5.3.1/../../../../arm-none-eabi/lib/armv7-m\libg.a(lib_a-wctomb_r.o)
 .debug_frame   0x00003780       0x2c c:/program files (x86)/gnu tools arm embedded/5.3 2016q1/bin/../lib/gcc/arm-none-eabi/5.3.1/armv7-m\libgcc.a(_aeabi_uldivmod.o)
 .debug_frame   0x000037ac       0x38 c:/program files (x86)/gnu tools arm embedded/5.3 2016q1/bin/../lib/gcc/arm-none-eabi/5.3.1/armv7-m\libgcc.a(_udivmoddi4.o)

.debug_ranges   0x00000000       0x20
 .debug_ranges  0x00000000       0x20 ..\obj\startup_stm32f103xb.o
