Archive member included to satisfy reference by file (symbol)

c:/program files (x86)/gnu tools arm embedded/5.3 2016q1/bin/../lib/gcc/arm-none-eabi/5.3.1/../../../../arm-none-eabi/lib/armv7-m\libc.a(lib_a-exit.o)
                              c:/program files (x86)/gnu tools arm embedded/5.3 2016q1/bin/../lib/gcc/arm-none-eabi/5.3.1/../../../../arm-none-eabi/lib/armv7-m/crt0.o (exit)
c:/program files (x86)/gnu tools arm embedded/5.3 2016q1/bin/../lib/gcc/arm-none-eabi/5.3.1/../../../../arm-none-eabi/lib/armv7-m\libc.a(lib_a-impure.o)
                              c:/program files (x86)/gnu tools arm embedded/5.3 2016q1/bin/../lib/gcc/arm-none-eabi/5.3.1/../../../../arm-none-eabi/lib/armv7-m\libc.a(lib_a-exit.o) (_global_impure_ptr)
c:/program files (x86)/gnu tools arm embedded/5.3 2016q1/bin/../lib/gcc/arm-none-eabi/5.3.1/../../../../arm-none-eabi/lib/armv7-m\libc.a(lib_a-init.o)
                              c:/program files (x86)/gnu tools arm embedded/5.3 2016q1/bin/../lib/gcc/arm-none-eabi/5.3.1/../../../../arm-none-eabi/lib/armv7-m/crt0.o (__libc_init_array)
c:/program files (x86)/gnu tools arm embedded/5.3 2016q1/bin/../lib/gcc/arm-none-eabi/5.3.1/../../../../arm-none-eabi/lib/armv7-m\libc.a(lib_a-memset.o)
                              c:/program files (x86)/gnu tools arm embedded/5.3 2016q1/bin/../lib/gcc/arm-none-eabi/5.3.1/../../../../arm-none-eabi/lib/armv7-m/crt0.o (memset)
c:/program files (x86)/gnu tools arm embedded/5.3 2016q1/bin/../lib/gcc/arm-none-eabi/5.3.1/../../../../arm-none-eabi/lib/armv7-m\libc.a(lib_a-__call_atexit.o)
                              c:/program files (x86)/gnu tools arm embedded/5.3 2016q1/bin/../lib/gcc/arm-none-eabi/5.3.1/../../../../arm-none-eabi/lib/armv7-m\libc.a(lib_a-exit.o) (__call_exitprocs)
c:/program files (x86)/gnu tools arm embedded/5.3 2016q1/bin/../lib/gcc/arm-none-eabi/5.3.1/../../../../arm-none-eabi/lib/armv7-m\libc.a(lib_a-atexit.o)
                              c:/program files (x86)/gnu tools arm embedded/5.3 2016q1/bin/../lib/gcc/arm-none-eabi/5.3.1/../../../../arm-none-eabi/lib/armv7-m\libc.a(lib_a-__call_atexit.o) (atexit)
c:/program files (x86)/gnu tools arm embedded/5.3 2016q1/bin/../lib/gcc/arm-none-eabi/5.3.1/../../../../arm-none-eabi/lib/armv7-m\libc.a(lib_a-fini.o)
                              c:/program files (x86)/gnu tools arm embedded/5.3 2016q1/bin/../lib/gcc/arm-none-eabi/5.3.1/../../../../arm-none-eabi/lib/armv7-m\libc.a(lib_a-__call_atexit.o) (__libc_fini_array)
c:/program files (x86)/gnu tools arm embedded/5.3 2016q1/bin/../lib/gcc/arm-none-eabi/5.3.1/../../../../arm-none-eabi/lib/armv7-m\libc.a(lib_a-__atexit.o)
                              c:/program files (x86)/gnu tools arm embedded/5.3 2016q1/bin/../lib/gcc/arm-none-eabi/5.3.1/../../../../arm-none-eabi/lib/armv7-m\libc.a(lib_a-atexit.o) (__register_exitproc)
c:/program files (x86)/gnu tools arm embedded/5.3 2016q1/bin/../lib/gcc/arm-none-eabi/5.3.1/../../../../arm-none-eabi/lib/armv7-m\libg.a(lib_a-errno.o)
                              ..\obj\syscalls.o (__errno)
c:/program files (x86)/gnu tools arm embedded/5.3 2016q1/bin/../lib/gcc/arm-none-eabi/5.3.1/../../../../arm-none-eabi/lib/armv7-m\libg.a(lib_a-malloc.o)
                              ..\obj\stepperMotor.o (malloc)
c:/program files (x86)/gnu tools arm embedded/5.3 2016q1/bin/../lib/gcc/arm-none-eabi/5.3.1/../../../../arm-none-eabi/lib/armv7-m\libg.a(lib_a-mallocr.o)
                              c:/program files (x86)/gnu tools arm embedded/5.3 2016q1/bin/../lib/gcc/arm-none-eabi/5.3.1/../../../../arm-none-eabi/lib/armv7-m\libg.a(lib_a-malloc.o) (_malloc_r)
c:/program files (x86)/gnu tools arm embedded/5.3 2016q1/bin/../lib/gcc/arm-none-eabi/5.3.1/../../../../arm-none-eabi/lib/armv7-m\libg.a(lib_a-mlock.o)
                              c:/program files (x86)/gnu tools arm embedded/5.3 2016q1/bin/../lib/gcc/arm-none-eabi/5.3.1/../../../../arm-none-eabi/lib/armv7-m\libg.a(lib_a-mallocr.o) (__malloc_lock)
c:/program files (x86)/gnu tools arm embedded/5.3 2016q1/bin/../lib/gcc/arm-none-eabi/5.3.1/../../../../arm-none-eabi/lib/armv7-m\libg.a(lib_a-sbrkr.o)
                              c:/program files (x86)/gnu tools arm embedded/5.3 2016q1/bin/../lib/gcc/arm-none-eabi/5.3.1/../../../../arm-none-eabi/lib/armv7-m\libg.a(lib_a-mallocr.o) (_sbrk_r)
c:/program files (x86)/gnu tools arm embedded/5.3 2016q1/bin/../lib/gcc/arm-none-eabi/5.3.1/../../../../arm-none-eabi/lib/armv7-m\libg.a(lib_a-freer.o)
                              c:/program files (x86)/gnu tools arm embedded/5.3 2016q1/bin/../lib/gcc/arm-none-eabi/5.3.1/../../../../arm-none-eabi/lib/armv7-m\libg.a(lib_a-malloc.o) (_free_r)
c:/program files (x86)/gnu tools arm embedded/5.3 2016q1/bin/../lib/gcc/arm-none-eabi/5.3.1/../../../../arm-none-eabi/lib/armv7-m\libg.a(lib_a-reent.o)
                              c:/program files (x86)/gnu tools arm embedded/5.3 2016q1/bin/../lib/gcc/arm-none-eabi/5.3.1/../../../../arm-none-eabi/lib/armv7-m\libg.a(lib_a-sbrkr.o) (errno)

Allocating common symbols
Common symbol       size              file

errno               0x4               c:/program files (x86)/gnu tools arm embedded/5.3 2016q1/bin/../lib/gcc/arm-none-eabi/5.3.1/../../../../arm-none-eabi/lib/armv7-m\libg.a(lib_a-reent.o)
root                0x4               ..\obj\RelativeTimeLinkList.o
txBuffer            0x3               ..\obj\DMA.o
txStorage           0x3               ..\obj\DMA.o

Discarded input sections

 .text          0x00000000        0x0 c:/program files (x86)/gnu tools arm embedded/5.3 2016q1/bin/../lib/gcc/arm-none-eabi/5.3.1/armv7-m/crti.o
 .data          0x00000000        0x0 c:/program files (x86)/gnu tools arm embedded/5.3 2016q1/bin/../lib/gcc/arm-none-eabi/5.3.1/armv7-m/crti.o
 .bss           0x00000000        0x0 c:/program files (x86)/gnu tools arm embedded/5.3 2016q1/bin/../lib/gcc/arm-none-eabi/5.3.1/armv7-m/crti.o
 .data          0x00000000        0x4 c:/program files (x86)/gnu tools arm embedded/5.3 2016q1/bin/../lib/gcc/arm-none-eabi/5.3.1/armv7-m/crtbegin.o
 .text          0x00000000       0x74 c:/program files (x86)/gnu tools arm embedded/5.3 2016q1/bin/../lib/gcc/arm-none-eabi/5.3.1/../../../../arm-none-eabi/lib/armv7-m/crt0.o
 .data          0x00000000        0x0 c:/program files (x86)/gnu tools arm embedded/5.3 2016q1/bin/../lib/gcc/arm-none-eabi/5.3.1/../../../../arm-none-eabi/lib/armv7-m/crt0.o
 .bss           0x00000000        0x0 c:/program files (x86)/gnu tools arm embedded/5.3 2016q1/bin/../lib/gcc/arm-none-eabi/5.3.1/../../../../arm-none-eabi/lib/armv7-m/crt0.o
 .ARM.extab     0x00000000        0x0 c:/program files (x86)/gnu tools arm embedded/5.3 2016q1/bin/../lib/gcc/arm-none-eabi/5.3.1/../../../../arm-none-eabi/lib/armv7-m/crt0.o
 .ARM.exidx     0x00000000        0x8 c:/program files (x86)/gnu tools arm embedded/5.3 2016q1/bin/../lib/gcc/arm-none-eabi/5.3.1/../../../../arm-none-eabi/lib/armv7-m/crt0.o
 .ARM.attributes
                0x00000000       0x1b c:/program files (x86)/gnu tools arm embedded/5.3 2016q1/bin/../lib/gcc/arm-none-eabi/5.3.1/../../../../arm-none-eabi/lib/armv7-m/crt0.o
 .text          0x00000000        0x0 c:/program files (x86)/gnu tools arm embedded/5.3 2016q1/bin/../lib/gcc/arm-none-eabi/5.3.1/../../../../arm-none-eabi/lib/armv7-m\libc.a(lib_a-exit.o)
 .data          0x00000000        0x0 c:/program files (x86)/gnu tools arm embedded/5.3 2016q1/bin/../lib/gcc/arm-none-eabi/5.3.1/../../../../arm-none-eabi/lib/armv7-m\libc.a(lib_a-exit.o)
 .bss           0x00000000        0x0 c:/program files (x86)/gnu tools arm embedded/5.3 2016q1/bin/../lib/gcc/arm-none-eabi/5.3.1/../../../../arm-none-eabi/lib/armv7-m\libc.a(lib_a-exit.o)
 .text.exit     0x00000000       0x20 c:/program files (x86)/gnu tools arm embedded/5.3 2016q1/bin/../lib/gcc/arm-none-eabi/5.3.1/../../../../arm-none-eabi/lib/armv7-m\libc.a(lib_a-exit.o)
 .debug_frame   0x00000000       0x28 c:/program files (x86)/gnu tools arm embedded/5.3 2016q1/bin/../lib/gcc/arm-none-eabi/5.3.1/../../../../arm-none-eabi/lib/armv7-m\libc.a(lib_a-exit.o)
 .ARM.attributes
                0x00000000       0x2d c:/program files (x86)/gnu tools arm embedded/5.3 2016q1/bin/../lib/gcc/arm-none-eabi/5.3.1/../../../../arm-none-eabi/lib/armv7-m\libc.a(lib_a-exit.o)
 .text          0x00000000        0x0 c:/program files (x86)/gnu tools arm embedded/5.3 2016q1/bin/../lib/gcc/arm-none-eabi/5.3.1/../../../../arm-none-eabi/lib/armv7-m\libc.a(lib_a-impure.o)
 .data          0x00000000        0x0 c:/program files (x86)/gnu tools arm embedded/5.3 2016q1/bin/../lib/gcc/arm-none-eabi/5.3.1/../../../../arm-none-eabi/lib/armv7-m\libc.a(lib_a-impure.o)
 .bss           0x00000000        0x0 c:/program files (x86)/gnu tools arm embedded/5.3 2016q1/bin/../lib/gcc/arm-none-eabi/5.3.1/../../../../arm-none-eabi/lib/armv7-m\libc.a(lib_a-impure.o)
 .ARM.attributes
                0x00000000       0x2d c:/program files (x86)/gnu tools arm embedded/5.3 2016q1/bin/../lib/gcc/arm-none-eabi/5.3.1/../../../../arm-none-eabi/lib/armv7-m\libc.a(lib_a-impure.o)
 .text          0x00000000        0x0 c:/program files (x86)/gnu tools arm embedded/5.3 2016q1/bin/../lib/gcc/arm-none-eabi/5.3.1/../../../../arm-none-eabi/lib/armv7-m\libc.a(lib_a-init.o)
 .data          0x00000000        0x0 c:/program files (x86)/gnu tools arm embedded/5.3 2016q1/bin/../lib/gcc/arm-none-eabi/5.3.1/../../../../arm-none-eabi/lib/armv7-m\libc.a(lib_a-init.o)
 .bss           0x00000000        0x0 c:/program files (x86)/gnu tools arm embedded/5.3 2016q1/bin/../lib/gcc/arm-none-eabi/5.3.1/../../../../arm-none-eabi/lib/armv7-m\libc.a(lib_a-init.o)
 .debug_frame   0x00000000       0x2c c:/program files (x86)/gnu tools arm embedded/5.3 2016q1/bin/../lib/gcc/arm-none-eabi/5.3.1/../../../../arm-none-eabi/lib/armv7-m\libc.a(lib_a-init.o)
 .ARM.attributes
                0x00000000       0x2d c:/program files (x86)/gnu tools arm embedded/5.3 2016q1/bin/../lib/gcc/arm-none-eabi/5.3.1/../../../../arm-none-eabi/lib/armv7-m\libc.a(lib_a-init.o)
 .text          0x00000000        0x0 c:/program files (x86)/gnu tools arm embedded/5.3 2016q1/bin/../lib/gcc/arm-none-eabi/5.3.1/../../../../arm-none-eabi/lib/armv7-m\libc.a(lib_a-memset.o)
 .data          0x00000000        0x0 c:/program files (x86)/gnu tools arm embedded/5.3 2016q1/bin/../lib/gcc/arm-none-eabi/5.3.1/../../../../arm-none-eabi/lib/armv7-m\libc.a(lib_a-memset.o)
 .bss           0x00000000        0x0 c:/program files (x86)/gnu tools arm embedded/5.3 2016q1/bin/../lib/gcc/arm-none-eabi/5.3.1/../../../../arm-none-eabi/lib/armv7-m\libc.a(lib_a-memset.o)
 .text.memset   0x00000000       0x9c c:/program files (x86)/gnu tools arm embedded/5.3 2016q1/bin/../lib/gcc/arm-none-eabi/5.3.1/../../../../arm-none-eabi/lib/armv7-m\libc.a(lib_a-memset.o)
 .debug_frame   0x00000000       0x34 c:/program files (x86)/gnu tools arm embedded/5.3 2016q1/bin/../lib/gcc/arm-none-eabi/5.3.1/../../../../arm-none-eabi/lib/armv7-m\libc.a(lib_a-memset.o)
 .ARM.attributes
                0x00000000       0x2d c:/program files (x86)/gnu tools arm embedded/5.3 2016q1/bin/../lib/gcc/arm-none-eabi/5.3.1/../../../../arm-none-eabi/lib/armv7-m\libc.a(lib_a-memset.o)
 .text          0x00000000        0x0 c:/program files (x86)/gnu tools arm embedded/5.3 2016q1/bin/../lib/gcc/arm-none-eabi/5.3.1/../../../../arm-none-eabi/lib/armv7-m\libc.a(lib_a-__call_atexit.o)
 .data          0x00000000        0x0 c:/program files (x86)/gnu tools arm embedded/5.3 2016q1/bin/../lib/gcc/arm-none-eabi/5.3.1/../../../../arm-none-eabi/lib/armv7-m\libc.a(lib_a-__call_atexit.o)
 .bss           0x00000000        0x0 c:/program files (x86)/gnu tools arm embedded/5.3 2016q1/bin/../lib/gcc/arm-none-eabi/5.3.1/../../../../arm-none-eabi/lib/armv7-m\libc.a(lib_a-__call_atexit.o)
 .text.__call_exitprocs
                0x00000000       0xd8 c:/program files (x86)/gnu tools arm embedded/5.3 2016q1/bin/../lib/gcc/arm-none-eabi/5.3.1/../../../../arm-none-eabi/lib/armv7-m\libc.a(lib_a-__call_atexit.o)
 .debug_frame   0x00000000       0x50 c:/program files (x86)/gnu tools arm embedded/5.3 2016q1/bin/../lib/gcc/arm-none-eabi/5.3.1/../../../../arm-none-eabi/lib/armv7-m\libc.a(lib_a-__call_atexit.o)
 .ARM.attributes
                0x00000000       0x2d c:/program files (x86)/gnu tools arm embedded/5.3 2016q1/bin/../lib/gcc/arm-none-eabi/5.3.1/../../../../arm-none-eabi/lib/armv7-m\libc.a(lib_a-__call_atexit.o)
 .text          0x00000000        0x0 c:/program files (x86)/gnu tools arm embedded/5.3 2016q1/bin/../lib/gcc/arm-none-eabi/5.3.1/../../../../arm-none-eabi/lib/armv7-m\libc.a(lib_a-atexit.o)
 .data          0x00000000        0x0 c:/program files (x86)/gnu tools arm embedded/5.3 2016q1/bin/../lib/gcc/arm-none-eabi/5.3.1/../../../../arm-none-eabi/lib/armv7-m\libc.a(lib_a-atexit.o)
 .bss           0x00000000        0x0 c:/program files (x86)/gnu tools arm embedded/5.3 2016q1/bin/../lib/gcc/arm-none-eabi/5.3.1/../../../../arm-none-eabi/lib/armv7-m\libc.a(lib_a-atexit.o)
 .debug_frame   0x00000000       0x20 c:/program files (x86)/gnu tools arm embedded/5.3 2016q1/bin/../lib/gcc/arm-none-eabi/5.3.1/../../../../arm-none-eabi/lib/armv7-m\libc.a(lib_a-atexit.o)
 .ARM.attributes
                0x00000000       0x2d c:/program files (x86)/gnu tools arm embedded/5.3 2016q1/bin/../lib/gcc/arm-none-eabi/5.3.1/../../../../arm-none-eabi/lib/armv7-m\libc.a(lib_a-atexit.o)
 .text          0x00000000        0x0 c:/program files (x86)/gnu tools arm embedded/5.3 2016q1/bin/../lib/gcc/arm-none-eabi/5.3.1/../../../../arm-none-eabi/lib/armv7-m\libc.a(lib_a-fini.o)
 .data          0x00000000        0x0 c:/program files (x86)/gnu tools arm embedded/5.3 2016q1/bin/../lib/gcc/arm-none-eabi/5.3.1/../../../../arm-none-eabi/lib/armv7-m\libc.a(lib_a-fini.o)
 .bss           0x00000000        0x0 c:/program files (x86)/gnu tools arm embedded/5.3 2016q1/bin/../lib/gcc/arm-none-eabi/5.3.1/../../../../arm-none-eabi/lib/armv7-m\libc.a(lib_a-fini.o)
 .debug_frame   0x00000000       0x34 c:/program files (x86)/gnu tools arm embedded/5.3 2016q1/bin/../lib/gcc/arm-none-eabi/5.3.1/../../../../arm-none-eabi/lib/armv7-m\libc.a(lib_a-fini.o)
 .ARM.attributes
                0x00000000       0x2d c:/program files (x86)/gnu tools arm embedded/5.3 2016q1/bin/../lib/gcc/arm-none-eabi/5.3.1/../../../../arm-none-eabi/lib/armv7-m\libc.a(lib_a-fini.o)
 .text          0x00000000        0x0 c:/program files (x86)/gnu tools arm embedded/5.3 2016q1/bin/../lib/gcc/arm-none-eabi/5.3.1/../../../../arm-none-eabi/lib/armv7-m\libc.a(lib_a-__atexit.o)
 .data          0x00000000        0x0 c:/program files (x86)/gnu tools arm embedded/5.3 2016q1/bin/../lib/gcc/arm-none-eabi/5.3.1/../../../../arm-none-eabi/lib/armv7-m\libc.a(lib_a-__atexit.o)
 .bss           0x00000000        0x0 c:/program files (x86)/gnu tools arm embedded/5.3 2016q1/bin/../lib/gcc/arm-none-eabi/5.3.1/../../../../arm-none-eabi/lib/armv7-m\libc.a(lib_a-__atexit.o)
 .debug_frame   0x00000000       0x34 c:/program files (x86)/gnu tools arm embedded/5.3 2016q1/bin/../lib/gcc/arm-none-eabi/5.3.1/../../../../arm-none-eabi/lib/armv7-m\libc.a(lib_a-__atexit.o)
 .ARM.attributes
                0x00000000       0x2d c:/program files (x86)/gnu tools arm embedded/5.3 2016q1/bin/../lib/gcc/arm-none-eabi/5.3.1/../../../../arm-none-eabi/lib/armv7-m\libc.a(lib_a-__atexit.o)
 .data          0x00000000        0x0 ..\obj\stm32f10x_dma.o
 .bss           0x00000000        0x0 ..\obj\stm32f10x_dma.o
 .data          0x00000000        0x0 ..\obj\DMA.o
 .bss           0x00000000        0x0 ..\obj\DMA.o
 .data          0x00000000        0x0 ..\obj\GPIO_setting.o
 .bss           0x00000000        0x0 ..\obj\GPIO_setting.o
 .data          0x00000000        0x0 ..\obj\Timer_setting.o
 .bss           0x00000000        0x0 ..\obj\Timer_setting.o
 .data          0x00000000        0x4 ..\obj\syscalls.o
 .bss           0x00000000        0x0 ..\obj\system_stm32f10x.o
 .data          0x00000000        0x0 ..\obj\stepperMotor.o
 .bss           0x00000000        0x0 ..\obj\stepperMotor.o
 .data          0x00000000        0x0 ..\obj\RelativeTimeLinkList.o
 .bss           0x00000000        0x0 ..\obj\RelativeTimeLinkList.o
 .data          0x00000000        0x0 ..\obj\DMA_setting.o
 .bss           0x00000000        0x0 ..\obj\DMA_setting.o
 .data          0x00000000        0x0 ..\obj\Timer.o
 .bss           0x00000000        0x0 ..\obj\Timer.o
 .text          0x00000000       0x14 ..\obj\startup_stm32f103xb.o
 .data          0x00000000        0x0 ..\obj\startup_stm32f103xb.o
 .bss           0x00000000        0x0 ..\obj\startup_stm32f103xb.o
 .text          0x00000000      0x108 ..\obj\Coroutine.o
 .data          0x00000000        0x0 ..\obj\Coroutine.o
 .bss           0x00000000        0x0 ..\obj\Coroutine.o
 .debug_info    0x00000000      0x56a ..\obj\Coroutine.o
 .debug_abbrev  0x00000000      0x15c ..\obj\Coroutine.o
 .debug_aranges
                0x00000000       0x20 ..\obj\Coroutine.o
 .debug_line    0x00000000      0x235 ..\obj\Coroutine.o
 .debug_str     0x00000000      0x46d ..\obj\Coroutine.o
 .comment       0x00000000       0x6f ..\obj\Coroutine.o
 .debug_frame   0x00000000       0x84 ..\obj\Coroutine.o
 .ARM.attributes
                0x00000000       0x33 ..\obj\Coroutine.o
 .data          0x00000000        0x0 ..\obj\stm32f10x_tim.o
 .bss           0x00000000        0x0 ..\obj\stm32f10x_tim.o
 .data          0x00000000        0x0 ..\obj\stm32f10x_gpio.o
 .bss           0x00000000        0x0 ..\obj\stm32f10x_gpio.o
 .data          0x00000000        0x0 ..\obj\SPI_setting.o
 .bss           0x00000000        0x0 ..\obj\SPI_setting.o
 .text          0x00000000        0x0 ..\obj\projectStruct.o
 .data          0x00000000        0x0 ..\obj\projectStruct.o
 .bss           0x00000000        0x0 ..\obj\projectStruct.o
 .debug_info    0x00000000       0x60 ..\obj\projectStruct.o
 .debug_abbrev  0x00000000       0x24 ..\obj\projectStruct.o
 .debug_aranges
                0x00000000       0x18 ..\obj\projectStruct.o
 .debug_line    0x00000000       0x1d ..\obj\projectStruct.o
 .debug_str     0x00000000      0x134 ..\obj\projectStruct.o
 .comment       0x00000000       0x6f ..\obj\projectStruct.o
 .ARM.attributes
                0x00000000       0x33 ..\obj\projectStruct.o
 .bss           0x00000000        0x0 ..\obj\stm32f10x_rcc.o
 .data          0x00000000        0x0 ..\obj\Linklist.o
 .bss           0x00000000        0x0 ..\obj\Linklist.o
 .data          0x00000000        0x0 ..\obj\stm32f10x_spi.o
 .bss           0x00000000        0x0 ..\obj\stm32f10x_spi.o
 .data          0x00000000        0x0 ..\obj\main.o
 .bss           0x00000000        0x0 ..\obj\main.o
 .text          0x00000000        0x0 c:/program files (x86)/gnu tools arm embedded/5.3 2016q1/bin/../lib/gcc/arm-none-eabi/5.3.1/../../../../arm-none-eabi/lib/armv7-m\libg.a(lib_a-errno.o)
 .data          0x00000000        0x0 c:/program files (x86)/gnu tools arm embedded/5.3 2016q1/bin/../lib/gcc/arm-none-eabi/5.3.1/../../../../arm-none-eabi/lib/armv7-m\libg.a(lib_a-errno.o)
 .bss           0x00000000        0x0 c:/program files (x86)/gnu tools arm embedded/5.3 2016q1/bin/../lib/gcc/arm-none-eabi/5.3.1/../../../../arm-none-eabi/lib/armv7-m\libg.a(lib_a-errno.o)
 .text          0x00000000        0x0 c:/program files (x86)/gnu tools arm embedded/5.3 2016q1/bin/../lib/gcc/arm-none-eabi/5.3.1/../../../../arm-none-eabi/lib/armv7-m\libg.a(lib_a-malloc.o)
 .data          0x00000000        0x0 c:/program files (x86)/gnu tools arm embedded/5.3 2016q1/bin/../lib/gcc/arm-none-eabi/5.3.1/../../../../arm-none-eabi/lib/armv7-m\libg.a(lib_a-malloc.o)
 .bss           0x00000000        0x0 c:/program files (x86)/gnu tools arm embedded/5.3 2016q1/bin/../lib/gcc/arm-none-eabi/5.3.1/../../../../arm-none-eabi/lib/armv7-m\libg.a(lib_a-malloc.o)
 .text.free     0x00000000       0x10 c:/program files (x86)/gnu tools arm embedded/5.3 2016q1/bin/../lib/gcc/arm-none-eabi/5.3.1/../../../../arm-none-eabi/lib/armv7-m\libg.a(lib_a-malloc.o)
 .text          0x00000000        0x0 c:/program files (x86)/gnu tools arm embedded/5.3 2016q1/bin/../lib/gcc/arm-none-eabi/5.3.1/../../../../arm-none-eabi/lib/armv7-m\libg.a(lib_a-mallocr.o)
 .data          0x00000000        0x0 c:/program files (x86)/gnu tools arm embedded/5.3 2016q1/bin/../lib/gcc/arm-none-eabi/5.3.1/../../../../arm-none-eabi/lib/armv7-m\libg.a(lib_a-mallocr.o)
 .bss           0x00000000        0x0 c:/program files (x86)/gnu tools arm embedded/5.3 2016q1/bin/../lib/gcc/arm-none-eabi/5.3.1/../../../../arm-none-eabi/lib/armv7-m\libg.a(lib_a-mallocr.o)
 .text          0x00000000        0x0 c:/program files (x86)/gnu tools arm embedded/5.3 2016q1/bin/../lib/gcc/arm-none-eabi/5.3.1/../../../../arm-none-eabi/lib/armv7-m\libg.a(lib_a-mlock.o)
 .data          0x00000000        0x0 c:/program files (x86)/gnu tools arm embedded/5.3 2016q1/bin/../lib/gcc/arm-none-eabi/5.3.1/../../../../arm-none-eabi/lib/armv7-m\libg.a(lib_a-mlock.o)
 .bss           0x00000000        0x0 c:/program files (x86)/gnu tools arm embedded/5.3 2016q1/bin/../lib/gcc/arm-none-eabi/5.3.1/../../../../arm-none-eabi/lib/armv7-m\libg.a(lib_a-mlock.o)
 .text          0x00000000        0x0 c:/program files (x86)/gnu tools arm embedded/5.3 2016q1/bin/../lib/gcc/arm-none-eabi/5.3.1/../../../../arm-none-eabi/lib/armv7-m\libg.a(lib_a-sbrkr.o)
 .data          0x00000000        0x0 c:/program files (x86)/gnu tools arm embedded/5.3 2016q1/bin/../lib/gcc/arm-none-eabi/5.3.1/../../../../arm-none-eabi/lib/armv7-m\libg.a(lib_a-sbrkr.o)
 .bss           0x00000000        0x0 c:/program files (x86)/gnu tools arm embedded/5.3 2016q1/bin/../lib/gcc/arm-none-eabi/5.3.1/../../../../arm-none-eabi/lib/armv7-m\libg.a(lib_a-sbrkr.o)
 .text          0x00000000        0x0 c:/program files (x86)/gnu tools arm embedded/5.3 2016q1/bin/../lib/gcc/arm-none-eabi/5.3.1/../../../../arm-none-eabi/lib/armv7-m\libg.a(lib_a-freer.o)
 .data          0x00000000        0x0 c:/program files (x86)/gnu tools arm embedded/5.3 2016q1/bin/../lib/gcc/arm-none-eabi/5.3.1/../../../../arm-none-eabi/lib/armv7-m\libg.a(lib_a-freer.o)
 .bss           0x00000000        0x0 c:/program files (x86)/gnu tools arm embedded/5.3 2016q1/bin/../lib/gcc/arm-none-eabi/5.3.1/../../../../arm-none-eabi/lib/armv7-m\libg.a(lib_a-freer.o)
 .text          0x00000000        0x0 c:/program files (x86)/gnu tools arm embedded/5.3 2016q1/bin/../lib/gcc/arm-none-eabi/5.3.1/../../../../arm-none-eabi/lib/armv7-m\libg.a(lib_a-reent.o)
 .data          0x00000000        0x0 c:/program files (x86)/gnu tools arm embedded/5.3 2016q1/bin/../lib/gcc/arm-none-eabi/5.3.1/../../../../arm-none-eabi/lib/armv7-m\libg.a(lib_a-reent.o)
 .bss           0x00000000        0x0 c:/program files (x86)/gnu tools arm embedded/5.3 2016q1/bin/../lib/gcc/arm-none-eabi/5.3.1/../../../../arm-none-eabi/lib/armv7-m\libg.a(lib_a-reent.o)
 .text.cleanup_glue
                0x00000000       0x1c c:/program files (x86)/gnu tools arm embedded/5.3 2016q1/bin/../lib/gcc/arm-none-eabi/5.3.1/../../../../arm-none-eabi/lib/armv7-m\libg.a(lib_a-reent.o)
 .text._reclaim_reent
                0x00000000       0x88 c:/program files (x86)/gnu tools arm embedded/5.3 2016q1/bin/../lib/gcc/arm-none-eabi/5.3.1/../../../../arm-none-eabi/lib/armv7-m\libg.a(lib_a-reent.o)
 .text          0x00000000        0x0 c:/program files (x86)/gnu tools arm embedded/5.3 2016q1/bin/../lib/gcc/arm-none-eabi/5.3.1/armv7-m/crtend.o
 .data          0x00000000        0x0 c:/program files (x86)/gnu tools arm embedded/5.3 2016q1/bin/../lib/gcc/arm-none-eabi/5.3.1/armv7-m/crtend.o
 .bss           0x00000000        0x0 c:/program files (x86)/gnu tools arm embedded/5.3 2016q1/bin/../lib/gcc/arm-none-eabi/5.3.1/armv7-m/crtend.o
 .eh_frame      0x00000000        0x4 c:/program files (x86)/gnu tools arm embedded/5.3 2016q1/bin/../lib/gcc/arm-none-eabi/5.3.1/armv7-m/crtend.o
 .jcr           0x00000000        0x4 c:/program files (x86)/gnu tools arm embedded/5.3 2016q1/bin/../lib/gcc/arm-none-eabi/5.3.1/armv7-m/crtend.o
 .ARM.attributes
                0x00000000       0x2d c:/program files (x86)/gnu tools arm embedded/5.3 2016q1/bin/../lib/gcc/arm-none-eabi/5.3.1/armv7-m/crtend.o
 .text          0x00000000        0x0 c:/program files (x86)/gnu tools arm embedded/5.3 2016q1/bin/../lib/gcc/arm-none-eabi/5.3.1/armv7-m/crtn.o
 .data          0x00000000        0x0 c:/program files (x86)/gnu tools arm embedded/5.3 2016q1/bin/../lib/gcc/arm-none-eabi/5.3.1/armv7-m/crtn.o
 .bss           0x00000000        0x0 c:/program files (x86)/gnu tools arm embedded/5.3 2016q1/bin/../lib/gcc/arm-none-eabi/5.3.1/armv7-m/crtn.o

Memory Configuration

Name             Origin             Length             Attributes
FLASH            0x08000000         0x00010000         xr
RAM              0x20000000         0x00005000         xrw
*default*        0x00000000         0xffffffff

Linker script and memory map

LOAD c:/program files (x86)/gnu tools arm embedded/5.3 2016q1/bin/../lib/gcc/arm-none-eabi/5.3.1/armv7-m/crti.o
LOAD c:/program files (x86)/gnu tools arm embedded/5.3 2016q1/bin/../lib/gcc/arm-none-eabi/5.3.1/armv7-m/crtbegin.o
LOAD c:/program files (x86)/gnu tools arm embedded/5.3 2016q1/bin/../lib/gcc/arm-none-eabi/5.3.1/../../../../arm-none-eabi/lib/armv7-m/crt0.o
                0x20004fff                _estack = 0x20004fff
                0x00000200                _Min_Heap_Size = 0x200
                0x00000400                _Min_Stack_Size = 0x400

.isr_vector     0x08000000      0x10c
                0x08000000                . = ALIGN (0x4)
 *(.isr_vector)
 .isr_vector    0x08000000      0x10c ..\obj\startup_stm32f103xb.o
                0x08000000                g_pfnVectors
                0x0800010c                . = ALIGN (0x4)

.text           0x0800010c     0x5328
                0x0800010c                . = ALIGN (0x4)
 *(.text)
 .text          0x0800010c       0x5c c:/program files (x86)/gnu tools arm embedded/5.3 2016q1/bin/../lib/gcc/arm-none-eabi/5.3.1/armv7-m/crtbegin.o
 .text          0x08000168      0x3f8 ..\obj\stm32f10x_dma.o
                0x08000168                DMA_DeInit
                0x080002e0                DMA_Init
                0x0800035c                DMA_StructInit
                0x080003b0                DMA_Cmd
                0x080003e8                DMA_ITConfig
                0x08000424                DMA_SetCurrDataCounter
                0x08000440                DMA_GetCurrDataCounter
                0x08000458                DMA_GetFlagStatus
                0x080004a8                DMA_ClearFlag
                0x080004dc                DMA_GetITStatus
                0x0800052c                DMA_ClearITPendingBit
 .text          0x08000560       0xf0 ..\obj\DMA.o
                0x08000560                DMA1_Channel3_IRQHandler
                0x080005b4                copyInformFromBufferToStorageExcept
                0x08000618                copyWholeInform
 .text          0x08000650       0x34 ..\obj\GPIO_setting.o
                0x08000650                GPIO_conf
 .text          0x08000684       0xb4 ..\obj\Timer_setting.o
                0x08000684                Timer_conf
                0x080006c4                enableTimer
                0x08000704                updatePeriod
                0x08000720                getTime
 .text          0x08000738      0x270 ..\obj\syscalls.o
                0x08000738                initialise_monitor_handles
                0x08000744                _getpid
                0x08000754                _kill
                0x08000774                _exit
                0x08000788                _read
                0x080007c4                _write
                0x080007fc                _sbrk
                0x08000854                _close
                0x0800086c                _fstat
                0x0800088c                _isatty
                0x080008a0                _lseek
                0x080008b8                _open
                0x080008d4                _wait
                0x080008f4                _unlink
                0x08000914                _times
                0x0800092c                _stat
                0x0800094c                _link
                0x0800096c                _fork
                0x08000984                _execve
 .text          0x080009a8      0x24c ..\obj\system_stm32f10x.o
                0x080009a8                SystemInit
                0x08000a10                SystemCoreClockUpdate
 .text          0x08000bf4      0x1cc ..\obj\stepperMotor.o
                0x08000bf4                motorController
                0x08000c28                motorInit
                0x08000c94                setArgs
                0x08000cac                setCallBack
                0x08000cc8                setPeriod
                0x08000ce4                stdMtr_drive_conf
                0x08000d14                sendConfToShiftReg
                0x08000d40                outputData
                0x08000d5c                getMotorSetting
                0x08000d88                resetMotorDrive
 .text          0x08000dc0      0x444 ..\obj\RelativeTimeLinkList.o
                0x08000dc0                updateCurTime
                0x08000ddc                _updateBaseTime
                0x08000df8                findTheNodeNearPeriodForBase
                0x08000e58                getWholeActionTime
                0x08000e90                updateActionTime
                0x08000eac                insertTimeElement
                0x08000ed0                timerListAdd
                0x08001014                timerQueue
                0x08001144                timerDequeue
                0x08001164                updateHead
                0x080011d0                timerListDelete
 .text          0x08001204       0x88 ..\obj\DMA_setting.o
                0x08001204                DMA_conf
                0x08001254                setDataNumber
                0x08001270                setMemoryAddress
 .text          0x0800128c      0x104 ..\obj\Timer.o
                0x0800128c                timerDelay
                0x080012d4                timerSetExpiry
                0x080012fc                TIM2_IRQHandler
 .text          0x08001390     0x1e0c ..\obj\stm32f10x_tim.o
                0x08001390                TIM_DeInit
                0x080015bc                TIM_TimeBaseInit
                0x080016b4                TIM_OC1Init
                0x080017cc                TIM_OC2Init
                0x080018dc                TIM_OC3Init
                0x080019e8                TIM_OC4Init
                0x08001ab8                TIM_ICInit
                0x08001b60                TIM_PWMIConfig
                0x08001c18                TIM_BDTRConfig
                0x08001c68                TIM_TimeBaseStructInit
                0x08001c9c                TIM_OCStructInit
                0x08001ce0                TIM_ICStructInit
                0x08001d10                TIM_BDTRStructInit
                0x08001d4c                TIM_Cmd
                0x08001d8c                TIM_CtrlPWMOutputs
                0x08001dd8                TIM_ITConfig
                0x08001e20                TIM_GenerateEvent
                0x08001e3c                TIM_DMAConfig
                0x08001e64                TIM_DMACmd
                0x08001eac                TIM_InternalClockConfig
                0x08001ed0                TIM_ITRxExternalClockConfig
                0x08001f00                TIM_TIxExternalClockConfig
                0x08001f5c                TIM_ETRClockMode1Config
                0x08001fbc                TIM_ETRClockMode2Config
                0x08001ffc                TIM_ETRConfig
                0x08002050                TIM_PrescalerConfig
                0x08002078                TIM_CounterModeConfig
                0x080020b0                TIM_SelectInputTrigger
                0x080020e8                TIM_EncoderInterfaceConfig
                0x08002180                TIM_ForcedOC1Config
                0x080021b8                TIM_ForcedOC2Config
                0x080021f4                TIM_ForcedOC3Config
                0x0800222c                TIM_ForcedOC4Config
                0x08002268                TIM_ARRPreloadConfig
                0x080022a8                TIM_SelectCOM
                0x080022e8                TIM_SelectCCDMA
                0x08002328                TIM_CCPreloadControl
                0x08002368                TIM_OC1PreloadConfig
                0x080023a0                TIM_OC2PreloadConfig
                0x080023dc                TIM_OC3PreloadConfig
                0x08002414                TIM_OC4PreloadConfig
                0x08002450                TIM_OC1FastConfig
                0x08002488                TIM_OC2FastConfig
                0x080024c4                TIM_OC3FastConfig
                0x080024fc                TIM_OC4FastConfig
                0x08002538                TIM_ClearOC1Ref
                0x08002570                TIM_ClearOC2Ref
                0x080025ac                TIM_ClearOC3Ref
                0x080025e4                TIM_ClearOC4Ref
                0x08002620                TIM_OC1PolarityConfig
                0x08002658                TIM_OC1NPolarityConfig
                0x08002690                TIM_OC2PolarityConfig
                0x080026cc                TIM_OC2NPolarityConfig
                0x08002708                TIM_OC3PolarityConfig
                0x08002744                TIM_OC3NPolarityConfig
                0x08002780                TIM_OC4PolarityConfig
                0x080027bc                TIM_CCxCmd
                0x08002814                TIM_CCxNCmd
                0x0800286c                TIM_SelectOCxM
                0x08002918                TIM_UpdateDisableConfig
                0x08002958                TIM_UpdateRequestConfig
                0x08002998                TIM_SelectHallSensor
                0x080029d8                TIM_SelectOnePulseMode
                0x08002a10                TIM_SelectOutputTrigger
                0x08002a48                TIM_SelectSlaveMode
                0x08002a80                TIM_SelectMasterSlaveMode
                0x08002ab8                TIM_SetCounter
                0x08002ad4                TIM_SetAutoreload
                0x08002af0                TIM_SetCompare1
                0x08002b0c                TIM_SetCompare2
                0x08002b28                TIM_SetCompare3
                0x08002b44                TIM_SetCompare4
                0x08002b64                TIM_SetIC1Prescaler
                0x08002b9c                TIM_SetIC2Prescaler
                0x08002bd8                TIM_SetIC3Prescaler
                0x08002c10                TIM_SetIC4Prescaler
                0x08002c4c                TIM_SetClockDivision
                0x08002c84                TIM_GetCapture1
                0x08002c9c                TIM_GetCapture2
                0x08002cb4                TIM_GetCapture3
                0x08002ccc                TIM_GetCapture4
                0x08002ce8                TIM_GetCounter
                0x08002d00                TIM_GetPrescaler
                0x08002d18                TIM_GetFlagStatus
                0x08002d50                TIM_ClearFlag
                0x08002d70                TIM_GetITStatus
                0x08002dc4                TIM_ClearITPendingBit
 .text          0x0800319c      0x5e8 ..\obj\stm32f10x_gpio.o
                0x0800319c                GPIO_DeInit
                0x08003280                GPIO_AFIODeInit
                0x08003298                GPIO_Init
                0x08003410                GPIO_StructInit
                0x08003438                GPIO_ReadInputDataBit
                0x0800346c                GPIO_ReadInputData
                0x08003484                GPIO_ReadOutputDataBit
                0x080034b8                GPIO_ReadOutputData
                0x080034d0                GPIO_SetBits
                0x080034ec                GPIO_ResetBits
                0x08003508                GPIO_WriteBit
                0x08003538                GPIO_Write
                0x08003554                GPIO_PinLockConfig
                0x08003598                GPIO_EventOutputConfig
                0x080035e4                GPIO_EventOutputCmd
                0x08003604                GPIO_PinRemapConfig
                0x080036e4                GPIO_EXTILineConfig
                0x08003768                GPIO_ETH_MediaInterfaceConfig
 .text          0x08003784       0xd4 ..\obj\SPI_setting.o
                0x08003784                enableSPI
                0x080037c4                SPI_conf
 .text          0x08003858      0x7d0 ..\obj\stm32f10x_rcc.o
                0x08003858                RCC_DeInit
                0x080038b4                RCC_HSEConfig
                0x08003910                RCC_WaitForHSEStartUp
                0x08003960                RCC_AdjustHSICalibrationValue
                0x0800399c                RCC_HSICmd
                0x080039bc                RCC_PLLConfig
                0x080039f8                RCC_PLLCmd
                0x08003a18                RCC_SYSCLKConfig
                0x08003a50                RCC_GetSYSCLKSource
                0x08003a6c                RCC_HCLKConfig
                0x08003aa4                RCC_PCLK1Config
                0x08003adc                RCC_PCLK2Config
                0x08003b14                RCC_ITConfig
                0x08003b60                RCC_USBCLKConfig
                0x08003b7c                RCC_ADCCLKConfig
                0x08003bb4                RCC_LSEConfig
                0x08003bf4                RCC_LSICmd
                0x08003c14                RCC_RTCCLKConfig
                0x08003c38                RCC_RTCCLKCmd
                0x08003c58                RCC_GetClocksFreq
                0x08003db8                RCC_AHBPeriphClockCmd
                0x08003df4                RCC_APB2PeriphClockCmd
                0x08003e30                RCC_APB1PeriphClockCmd
                0x08003e6c                RCC_APB2PeriphResetCmd
                0x08003ea8                RCC_APB1PeriphResetCmd
                0x08003ee4                RCC_BackupResetCmd
                0x08003f04                RCC_ClockSecuritySystemCmd
                0x08003f24                RCC_MCOConfig
                0x08003f44                RCC_GetFlagStatus
                0x08003fb8                RCC_ClearFlag
                0x08003fd4                RCC_GetITStatus
                0x08004008                RCC_ClearITPendingBit
 .text          0x08004028      0x120 ..\obj\Linklist.o
                0x08004028                createLinkedList
                0x0800405c                createLinkedElement
                0x0800408c                addList
                0x080040e8                addListInCycle
 .text          0x08004148      0x6e8 ..\obj\stm32f10x_spi.o
                0x08004148                SPI_I2S_DeInit
                0x080041bc                SPI_Init
                0x08004244                I2S_Init
                0x080043ac                SPI_StructInit
                0x080043f4                I2S_StructInit
                0x0800442c                SPI_Cmd
                0x0800446c                I2S_Cmd
                0x080044ac                SPI_I2S_ITConfig
                0x0800450c                SPI_I2S_DMACmd
                0x08004554                SPI_I2S_SendData
                0x08004570                SPI_I2S_ReceiveData
                0x08004588                SPI_NSSInternalSoftwareConfig
                0x080045cc                SPI_SSOutputCmd
                0x0800460c                SPI_DataSizeConfig
                0x08004644                SPI_TransmitCRC
                0x08004668                SPI_CalculateCRC
                0x080046a8                SPI_GetCRC
                0x080046d8                SPI_GetCRCPolynomial
                0x080046f0                SPI_BiDirectionalLineConfig
                0x08004730                SPI_I2S_GetFlagStatus
                0x08004768                SPI_I2S_ClearFlag
                0x08004788                SPI_I2S_GetITStatus
                0x080047fc                SPI_I2S_ClearITPendingBit
 .text          0x08004830      0x258 ..\obj\main.o
                0x08004860                main
                0x080048d8                SPI1_DMA1_init
                0x08004938                Tim2_init
                0x0800499c                SPI1_init
                0x08004a2c                initializeTxBuffer
                0x08004a5c                delay
 *(.text*)
 .text.__libc_init_array
                0x08004a88       0x50 c:/program files (x86)/gnu tools arm embedded/5.3 2016q1/bin/../lib/gcc/arm-none-eabi/5.3.1/../../../../arm-none-eabi/lib/armv7-m\libc.a(lib_a-init.o)
                0x08004a88                __libc_init_array
 .text.startup.register_fini
                0x08004ad8       0x14 c:/program files (x86)/gnu tools arm embedded/5.3 2016q1/bin/../lib/gcc/arm-none-eabi/5.3.1/../../../../arm-none-eabi/lib/armv7-m\libc.a(lib_a-__call_atexit.o)
 .text.atexit   0x08004aec        0xc c:/program files (x86)/gnu tools arm embedded/5.3 2016q1/bin/../lib/gcc/arm-none-eabi/5.3.1/../../../../arm-none-eabi/lib/armv7-m\libc.a(lib_a-atexit.o)
                0x08004aec                atexit
 .text.__libc_fini_array
                0x08004af8       0x28 c:/program files (x86)/gnu tools arm embedded/5.3 2016q1/bin/../lib/gcc/arm-none-eabi/5.3.1/../../../../arm-none-eabi/lib/armv7-m\libc.a(lib_a-fini.o)
                0x08004af8                __libc_fini_array
 .text.__register_exitproc
                0x08004b20       0xa4 c:/program files (x86)/gnu tools arm embedded/5.3 2016q1/bin/../lib/gcc/arm-none-eabi/5.3.1/../../../../arm-none-eabi/lib/armv7-m\libc.a(lib_a-__atexit.o)
                0x08004b20                __register_exitproc
 .text.Reset_Handler
                0x08004bc4       0x48 ..\obj\startup_stm32f103xb.o
                0x08004bc4                Reset_Handler
 .text.Default_Handler
                0x08004c0c        0x2 ..\obj\startup_stm32f103xb.o
                0x08004c0c                RTC_Alarm_IRQHandler
                0x08004c0c                EXTI2_IRQHandler
                0x08004c0c                DebugMon_Handler
                0x08004c0c                TIM1_CC_IRQHandler
                0x08004c0c                HardFault_Handler
                0x08004c0c                SysTick_Handler
                0x08004c0c                PVD_IRQHandler
                0x08004c0c                PendSV_Handler
                0x08004c0c                NMI_Handler
                0x08004c0c                EXTI3_IRQHandler
                0x08004c0c                EXTI0_IRQHandler
                0x08004c0c                I2C2_EV_IRQHandler
                0x08004c0c                UsageFault_Handler
                0x08004c0c                ADC1_2_IRQHandler
                0x08004c0c                SPI1_IRQHandler
                0x08004c0c                TAMPER_IRQHandler
                0x08004c0c                DMA1_Channel4_IRQHandler
                0x08004c0c                USART3_IRQHandler
                0x08004c0c                RTC_IRQHandler
                0x08004c0c                DMA1_Channel7_IRQHandler
                0x08004c0c                CAN1_RX1_IRQHandler
                0x08004c0c                TIM4_IRQHandler
                0x08004c0c                I2C1_EV_IRQHandler
                0x08004c0c                DMA1_Channel6_IRQHandler
                0x08004c0c                TIM3_IRQHandler
                0x08004c0c                RCC_IRQHandler
                0x08004c0c                TIM1_TRG_COM_IRQHandler
                0x08004c0c                DMA1_Channel1_IRQHandler
                0x08004c0c                Default_Handler
                0x08004c0c                EXTI15_10_IRQHandler
                0x08004c0c                EXTI9_5_IRQHandler
                0x08004c0c                SPI2_IRQHandler
                0x08004c0c                MemManage_Handler
                0x08004c0c                SVC_Handler
                0x08004c0c                DMA1_Channel5_IRQHandler
                0x08004c0c                EXTI4_IRQHandler
                0x08004c0c                USB_LP_CAN1_RX0_IRQHandler
                0x08004c0c                USB_HP_CAN1_TX_IRQHandler
                0x08004c0c                TIM1_UP_IRQHandler
                0x08004c0c                WWDG_IRQHandler
                0x08004c0c                TIM1_BRK_IRQHandler
                0x08004c0c                EXTI1_IRQHandler
                0x08004c0c                USART2_IRQHandler
                0x08004c0c                I2C2_ER_IRQHandler
                0x08004c0c                DMA1_Channel2_IRQHandler
                0x08004c0c                CAN1_SCE_IRQHandler
                0x08004c0c                FLASH_IRQHandler
                0x08004c0c                BusFault_Handler
                0x08004c0c                USART1_IRQHandler
                0x08004c0c                I2C1_ER_IRQHandler
                0x08004c0c                USBWakeUp_IRQHandler
 *fill*         0x08004c0e        0x2 
 .text.__errno  0x08004c10        0xc c:/program files (x86)/gnu tools arm embedded/5.3 2016q1/bin/../lib/gcc/arm-none-eabi/5.3.1/../../../../arm-none-eabi/lib/armv7-m\libg.a(lib_a-errno.o)
                0x08004c10                __errno
 .text.malloc   0x08004c1c       0x10 c:/program files (x86)/gnu tools arm embedded/5.3 2016q1/bin/../lib/gcc/arm-none-eabi/5.3.1/../../../../arm-none-eabi/lib/armv7-m\libg.a(lib_a-malloc.o)
                0x08004c1c                malloc
 .text._malloc_r
                0x08004c2c      0x558 c:/program files (x86)/gnu tools arm embedded/5.3 2016q1/bin/../lib/gcc/arm-none-eabi/5.3.1/../../../../arm-none-eabi/lib/armv7-m\libg.a(lib_a-mallocr.o)
                0x08004c2c                _malloc_r
 .text.__malloc_lock
                0x08005184        0x4 c:/program files (x86)/gnu tools arm embedded/5.3 2016q1/bin/../lib/gcc/arm-none-eabi/5.3.1/../../../../arm-none-eabi/lib/armv7-m\libg.a(lib_a-mlock.o)
                0x08005184                __malloc_lock
 .text.__malloc_unlock
                0x08005188        0x4 c:/program files (x86)/gnu tools arm embedded/5.3 2016q1/bin/../lib/gcc/arm-none-eabi/5.3.1/../../../../arm-none-eabi/lib/armv7-m\libg.a(lib_a-mlock.o)
                0x08005188                __malloc_unlock
 .text._sbrk_r  0x0800518c       0x24 c:/program files (x86)/gnu tools arm embedded/5.3 2016q1/bin/../lib/gcc/arm-none-eabi/5.3.1/../../../../arm-none-eabi/lib/armv7-m\libg.a(lib_a-sbrkr.o)
                0x0800518c                _sbrk_r
 .text._malloc_trim_r
                0x080051b0       0x9c c:/program files (x86)/gnu tools arm embedded/5.3 2016q1/bin/../lib/gcc/arm-none-eabi/5.3.1/../../../../arm-none-eabi/lib/armv7-m\libg.a(lib_a-freer.o)
                0x080051b0                _malloc_trim_r
 .text._free_r  0x0800524c      0x1d0 c:/program files (x86)/gnu tools arm embedded/5.3 2016q1/bin/../lib/gcc/arm-none-eabi/5.3.1/../../../../arm-none-eabi/lib/armv7-m\libg.a(lib_a-freer.o)
                0x0800524c                _free_r
 *(.glue_7)
 .glue_7        0x0800541c        0x0 linker stubs
 *(.glue_7t)
 .glue_7t       0x0800541c        0x0 linker stubs
 *(.eh_frame)
 .eh_frame      0x0800541c        0x0 c:/program files (x86)/gnu tools arm embedded/5.3 2016q1/bin/../lib/gcc/arm-none-eabi/5.3.1/armv7-m/crtbegin.o
 *(.init)
 .init          0x0800541c        0x4 c:/program files (x86)/gnu tools arm embedded/5.3 2016q1/bin/../lib/gcc/arm-none-eabi/5.3.1/armv7-m/crti.o
                0x0800541c                _init
 .init          0x08005420        0x8 c:/program files (x86)/gnu tools arm embedded/5.3 2016q1/bin/../lib/gcc/arm-none-eabi/5.3.1/armv7-m/crtn.o
 *(.fini)
 .fini          0x08005428        0x4 c:/program files (x86)/gnu tools arm embedded/5.3 2016q1/bin/../lib/gcc/arm-none-eabi/5.3.1/armv7-m/crti.o
                0x08005428                _fini
 .fini          0x0800542c        0x8 c:/program files (x86)/gnu tools arm embedded/5.3 2016q1/bin/../lib/gcc/arm-none-eabi/5.3.1/armv7-m/crtn.o
                0x08005434                . = ALIGN (0x4)
                0x08005434                _etext = .

.vfp11_veneer   0x08005434        0x0
 .vfp11_veneer  0x08005434        0x0 linker stubs

.v4_bx          0x08005434        0x0
 .v4_bx         0x08005434        0x0 linker stubs

.iplt           0x08005434        0x0
 .iplt          0x08005434        0x0 c:/program files (x86)/gnu tools arm embedded/5.3 2016q1/bin/../lib/gcc/arm-none-eabi/5.3.1/armv7-m/crtbegin.o

.rodata         0x08005434        0x8
                0x08005434                . = ALIGN (0x4)
 *(.rodata)
 *(.rodata*)
 .rodata.str1.4
                0x08005434        0x4 c:/program files (x86)/gnu tools arm embedded/5.3 2016q1/bin/../lib/gcc/arm-none-eabi/5.3.1/../../../../arm-none-eabi/lib/armv7-m\libc.a(lib_a-impure.o)
                                  0x2 (size before relaxing)
 .rodata._global_impure_ptr
                0x08005438        0x4 c:/program files (x86)/gnu tools arm embedded/5.3 2016q1/bin/../lib/gcc/arm-none-eabi/5.3.1/../../../../arm-none-eabi/lib/armv7-m\libc.a(lib_a-impure.o)
                0x08005438                _global_impure_ptr
                0x0800543c                . = ALIGN (0x4)

.rel.dyn        0x0800543c        0x0
 .rel.iplt      0x0800543c        0x0 c:/program files (x86)/gnu tools arm embedded/5.3 2016q1/bin/../lib/gcc/arm-none-eabi/5.3.1/armv7-m/crtbegin.o

.ARM.extab
 *(.ARM.extab* .gnu.linkonce.armextab.*)

.ARM            0x0800543c        0x0
                0x0800543c                __exidx_start = .
 *(.ARM.exidx*)
                0x0800543c                __exidx_end = .

.preinit_array  0x0800543c        0x0
                0x0800543c                PROVIDE (__preinit_array_start, .)
 *(.preinit_array*)
                0x0800543c                PROVIDE (__preinit_array_end, .)

.init_array     0x0800543c        0x8
                0x0800543c                PROVIDE (__init_array_start, .)
 *(SORT(.init_array.*))
 .init_array.00000
                0x0800543c        0x4 c:/program files (x86)/gnu tools arm embedded/5.3 2016q1/bin/../lib/gcc/arm-none-eabi/5.3.1/../../../../arm-none-eabi/lib/armv7-m\libc.a(lib_a-__call_atexit.o)
 *(.init_array*)
 .init_array    0x08005440        0x4 c:/program files (x86)/gnu tools arm embedded/5.3 2016q1/bin/../lib/gcc/arm-none-eabi/5.3.1/armv7-m/crtbegin.o
                0x08005444                PROVIDE (__init_array_end, .)

.fini_array     0x08005444        0x4
                0x08005444                PROVIDE (__fini_array_start, .)
 *(SORT(.fini_array.*))
 *(.fini_array*)
 .fini_array    0x08005444        0x4 c:/program files (x86)/gnu tools arm embedded/5.3 2016q1/bin/../lib/gcc/arm-none-eabi/5.3.1/armv7-m/crtbegin.o
                0x08005448                PROVIDE (__fini_array_end, .)
                0x08005448                _sidata = LOADADDR (.data)

.data           0x20000000      0x864 load address 0x08005448
                0x20000000                . = ALIGN (0x4)
                0x20000000                _sdata = .
 *(.data)
 .data          0x20000000       0x14 ..\obj\system_stm32f10x.o
                0x20000000                SystemCoreClock
                0x20000004                AHBPrescTable
 .data          0x20000014       0x14 ..\obj\stm32f10x_rcc.o
 *(.data*)
 .data.impure_data
                0x20000028      0x428 c:/program files (x86)/gnu tools arm embedded/5.3 2016q1/bin/../lib/gcc/arm-none-eabi/5.3.1/../../../../arm-none-eabi/lib/armv7-m\libc.a(lib_a-impure.o)
 .data._impure_ptr
                0x20000450        0x4 c:/program files (x86)/gnu tools arm embedded/5.3 2016q1/bin/../lib/gcc/arm-none-eabi/5.3.1/../../../../arm-none-eabi/lib/armv7-m\libc.a(lib_a-impure.o)
                0x20000450                _impure_ptr
 .data.__malloc_av_
                0x20000454      0x408 c:/program files (x86)/gnu tools arm embedded/5.3 2016q1/bin/../lib/gcc/arm-none-eabi/5.3.1/../../../../arm-none-eabi/lib/armv7-m\libg.a(lib_a-mallocr.o)
                0x20000454                __malloc_av_
 .data.__malloc_trim_threshold
                0x2000085c        0x4 c:/program files (x86)/gnu tools arm embedded/5.3 2016q1/bin/../lib/gcc/arm-none-eabi/5.3.1/../../../../arm-none-eabi/lib/armv7-m\libg.a(lib_a-mallocr.o)
                0x2000085c                __malloc_trim_threshold
 .data.__malloc_sbrk_base
                0x20000860        0x4 c:/program files (x86)/gnu tools arm embedded/5.3 2016q1/bin/../lib/gcc/arm-none-eabi/5.3.1/../../../../arm-none-eabi/lib/armv7-m\libg.a(lib_a-mallocr.o)
                0x20000860                __malloc_sbrk_base
                0x20000864                . = ALIGN (0x4)
                0x20000864                _edata = .

.jcr            0x20000864        0x0 load address 0x08005cac
 .jcr           0x20000864        0x0 c:/program files (x86)/gnu tools arm embedded/5.3 2016q1/bin/../lib/gcc/arm-none-eabi/5.3.1/armv7-m/crtbegin.o

.igot.plt       0x20000864        0x0 load address 0x08005cac
 .igot.plt      0x20000864        0x0 c:/program files (x86)/gnu tools arm embedded/5.3 2016q1/bin/../lib/gcc/arm-none-eabi/5.3.1/armv7-m/crtbegin.o
                0x20000864                . = ALIGN (0x4)

.bss            0x20000864       0x68 load address 0x08005cac
                0x20000864                _sbss = .
                0x20000864                __bss_start__ = _sbss
 *(.bss)
 .bss           0x20000864       0x1c c:/program files (x86)/gnu tools arm embedded/5.3 2016q1/bin/../lib/gcc/arm-none-eabi/5.3.1/armv7-m/crtbegin.o
 .bss           0x20000880        0x8 ..\obj\syscalls.o
                0x20000880                __env
 *(.bss*)
 .bss.__malloc_max_total_mem
                0x20000888        0x4 c:/program files (x86)/gnu tools arm embedded/5.3 2016q1/bin/../lib/gcc/arm-none-eabi/5.3.1/../../../../arm-none-eabi/lib/armv7-m\libg.a(lib_a-mallocr.o)
                0x20000888                __malloc_max_total_mem
 .bss.__malloc_max_sbrked_mem
                0x2000088c        0x4 c:/program files (x86)/gnu tools arm embedded/5.3 2016q1/bin/../lib/gcc/arm-none-eabi/5.3.1/../../../../arm-none-eabi/lib/armv7-m\libg.a(lib_a-mallocr.o)
                0x2000088c                __malloc_max_sbrked_mem
 .bss.__malloc_top_pad
                0x20000890        0x4 c:/program files (x86)/gnu tools arm embedded/5.3 2016q1/bin/../lib/gcc/arm-none-eabi/5.3.1/../../../../arm-none-eabi/lib/armv7-m\libg.a(lib_a-mallocr.o)
                0x20000890                __malloc_top_pad
 .bss.__malloc_current_mallinfo
                0x20000894       0x28 c:/program files (x86)/gnu tools arm embedded/5.3 2016q1/bin/../lib/gcc/arm-none-eabi/5.3.1/../../../../arm-none-eabi/lib/armv7-m\libg.a(lib_a-mallocr.o)
                0x20000894                __malloc_current_mallinfo
 *(COMMON)
 COMMON         0x200008bc        0x7 ..\obj\DMA.o
                0x200008bc                txBuffer
                0x200008c0                txStorage
 *fill*         0x200008c3        0x1 
 COMMON         0x200008c4        0x4 ..\obj\RelativeTimeLinkList.o
                0x200008c4                root
 COMMON         0x200008c8        0x4 c:/program files (x86)/gnu tools arm embedded/5.3 2016q1/bin/../lib/gcc/arm-none-eabi/5.3.1/../../../../arm-none-eabi/lib/armv7-m\libg.a(lib_a-reent.o)
                0x200008c8                errno
                0x200008cc                . = ALIGN (0x4)
                0x200008cc                _ebss = .
                0x200008cc                __bss_end__ = _ebss

._user_heap_stack
                0x200008cc      0x600 load address 0x08005cac
                0x200008cc                . = ALIGN (0x4)
                0x200008cc                PROVIDE (end, .)
                [!provide]                PROVIDE (_end, .)
                0x20000acc                . = (. + _Min_Heap_Size)
 *fill*         0x200008cc      0x200 
                0x20000ecc                . = (. + _Min_Stack_Size)
 *fill*         0x20000acc      0x400 
                0x20000ecc                . = ALIGN (0x4)

/DISCARD/
 libc.a(*)
 libm.a(*)
 libgcc.a(*)

.ARM.attributes
                0x00000000       0x29
 *(.ARM.attributes)
 .ARM.attributes
                0x00000000       0x1d c:/program files (x86)/gnu tools arm embedded/5.3 2016q1/bin/../lib/gcc/arm-none-eabi/5.3.1/armv7-m/crti.o
 .ARM.attributes
                0x0000001d       0x2d c:/program files (x86)/gnu tools arm embedded/5.3 2016q1/bin/../lib/gcc/arm-none-eabi/5.3.1/armv7-m/crtbegin.o
 .ARM.attributes
                0x0000004a       0x33 ..\obj\stm32f10x_dma.o
 .ARM.attributes
                0x0000007d       0x33 ..\obj\DMA.o
 .ARM.attributes
                0x000000b0       0x33 ..\obj\GPIO_setting.o
 .ARM.attributes
                0x000000e3       0x33 ..\obj\Timer_setting.o
 .ARM.attributes
                0x00000116       0x33 ..\obj\syscalls.o
 .ARM.attributes
                0x00000149       0x33 ..\obj\system_stm32f10x.o
 .ARM.attributes
                0x0000017c       0x33 ..\obj\stepperMotor.o
 .ARM.attributes
                0x000001af       0x33 ..\obj\RelativeTimeLinkList.o
 .ARM.attributes
                0x000001e2       0x33 ..\obj\DMA_setting.o
 .ARM.attributes
                0x00000215       0x33 ..\obj\Timer.o
 .ARM.attributes
                0x00000248       0x21 ..\obj\startup_stm32f103xb.o
 .ARM.attributes
                0x00000269       0x33 ..\obj\stm32f10x_tim.o
 .ARM.attributes
                0x0000029c       0x33 ..\obj\stm32f10x_gpio.o
 .ARM.attributes
                0x000002cf       0x33 ..\obj\SPI_setting.o
 .ARM.attributes
                0x00000302       0x33 ..\obj\stm32f10x_rcc.o
 .ARM.attributes
                0x00000335       0x33 ..\obj\Linklist.o
 .ARM.attributes
                0x00000368       0x33 ..\obj\stm32f10x_spi.o
 .ARM.attributes
                0x0000039b       0x33 ..\obj\main.o
 .ARM.attributes
                0x000003ce       0x2d c:/program files (x86)/gnu tools arm embedded/5.3 2016q1/bin/../lib/gcc/arm-none-eabi/5.3.1/../../../../arm-none-eabi/lib/armv7-m\libg.a(lib_a-errno.o)
 .ARM.attributes
                0x000003fb       0x2d c:/program files (x86)/gnu tools arm embedded/5.3 2016q1/bin/../lib/gcc/arm-none-eabi/5.3.1/../../../../arm-none-eabi/lib/armv7-m\libg.a(lib_a-malloc.o)
 .ARM.attributes
                0x00000428       0x2d c:/program files (x86)/gnu tools arm embedded/5.3 2016q1/bin/../lib/gcc/arm-none-eabi/5.3.1/../../../../arm-none-eabi/lib/armv7-m\libg.a(lib_a-mallocr.o)
 .ARM.attributes
                0x00000455       0x2d c:/program files (x86)/gnu tools arm embedded/5.3 2016q1/bin/../lib/gcc/arm-none-eabi/5.3.1/../../../../arm-none-eabi/lib/armv7-m\libg.a(lib_a-mlock.o)
 .ARM.attributes
                0x00000482       0x2d c:/program files (x86)/gnu tools arm embedded/5.3 2016q1/bin/../lib/gcc/arm-none-eabi/5.3.1/../../../../arm-none-eabi/lib/armv7-m\libg.a(lib_a-sbrkr.o)
 .ARM.attributes
                0x000004af       0x2d c:/program files (x86)/gnu tools arm embedded/5.3 2016q1/bin/../lib/gcc/arm-none-eabi/5.3.1/../../../../arm-none-eabi/lib/armv7-m\libg.a(lib_a-freer.o)
 .ARM.attributes
                0x000004dc       0x2d c:/program files (x86)/gnu tools arm embedded/5.3 2016q1/bin/../lib/gcc/arm-none-eabi/5.3.1/../../../../arm-none-eabi/lib/armv7-m\libg.a(lib_a-reent.o)
 .ARM.attributes
                0x00000509       0x1d c:/program files (x86)/gnu tools arm embedded/5.3 2016q1/bin/../lib/gcc/arm-none-eabi/5.3.1/armv7-m/crtn.o
LOAD ..\obj\stm32f10x_dma.o
LOAD ..\obj\DMA.o
LOAD ..\obj\GPIO_setting.o
LOAD ..\obj\Timer_setting.o
LOAD ..\obj\syscalls.o
LOAD ..\obj\system_stm32f10x.o
LOAD ..\obj\stepperMotor.o
LOAD ..\obj\RelativeTimeLinkList.o
LOAD ..\obj\DMA_setting.o
LOAD ..\obj\Timer.o
LOAD ..\obj\startup_stm32f103xb.o
LOAD ..\obj\Coroutine.o
LOAD ..\obj\stm32f10x_tim.o
LOAD ..\obj\stm32f10x_gpio.o
LOAD ..\obj\SPI_setting.o
LOAD ..\obj\projectStruct.o
LOAD ..\obj\stm32f10x_rcc.o
LOAD ..\obj\Linklist.o
LOAD ..\obj\stm32f10x_spi.o
LOAD ..\obj\main.o
START GROUP
LOAD c:/program files (x86)/gnu tools arm embedded/5.3 2016q1/bin/../lib/gcc/arm-none-eabi/5.3.1/armv7-m\libgcc.a
LOAD c:/program files (x86)/gnu tools arm embedded/5.3 2016q1/bin/../lib/gcc/arm-none-eabi/5.3.1/../../../../arm-none-eabi/lib/armv7-m\libg.a
LOAD c:/program files (x86)/gnu tools arm embedded/5.3 2016q1/bin/../lib/gcc/arm-none-eabi/5.3.1/../../../../arm-none-eabi/lib/armv7-m\libc.a
END GROUP
LOAD c:/program files (x86)/gnu tools arm embedded/5.3 2016q1/bin/../lib/gcc/arm-none-eabi/5.3.1/armv7-m/crtend.o
LOAD c:/program files (x86)/gnu tools arm embedded/5.3 2016q1/bin/../lib/gcc/arm-none-eabi/5.3.1/armv7-m/crtn.o
OUTPUT(PCB Laser Etcher.elf elf32-littlearm)

.debug_info     0x00000000     0x6fee
 .debug_info    0x00000000      0x47b ..\obj\stm32f10x_dma.o
 .debug_info    0x0000047b      0x22e ..\obj\DMA.o
 .debug_info    0x000006a9      0x244 ..\obj\GPIO_setting.o
 .debug_info    0x000008ed      0x448 ..\obj\Timer_setting.o
 .debug_info    0x00000d35      0x663 ..\obj\syscalls.o
 .debug_info    0x00001398      0x49c ..\obj\system_stm32f10x.o
 .debug_info    0x00001834      0x59c ..\obj\stepperMotor.o
 .debug_info    0x00001dd0      0x55c ..\obj\RelativeTimeLinkList.o
 .debug_info    0x0000232c      0x293 ..\obj\DMA_setting.o
 .debug_info    0x000025bf      0x446 ..\obj\Timer.o
 .debug_info    0x00002a05       0xca ..\obj\startup_stm32f103xb.o
 .debug_info    0x00002acf     0x1c60 ..\obj\stm32f10x_tim.o
 .debug_info    0x0000472f      0x6f6 ..\obj\stm32f10x_gpio.o
 .debug_info    0x00004e25      0x305 ..\obj\SPI_setting.o
 .debug_info    0x0000512a      0x8a3 ..\obj\stm32f10x_rcc.o
 .debug_info    0x000059cd      0x204 ..\obj\Linklist.o
 .debug_info    0x00005bd1      0x8fb ..\obj\stm32f10x_spi.o
 .debug_info    0x000064cc      0xb22 ..\obj\main.o

.debug_abbrev   0x00000000     0x17b8
 .debug_abbrev  0x00000000      0x157 ..\obj\stm32f10x_dma.o
 .debug_abbrev  0x00000157      0x14b ..\obj\DMA.o
 .debug_abbrev  0x000002a2      0x109 ..\obj\GPIO_setting.o
 .debug_abbrev  0x000003ab      0x130 ..\obj\Timer_setting.o
 .debug_abbrev  0x000004db      0x174 ..\obj\syscalls.o
 .debug_abbrev  0x0000064f      0x14e ..\obj\system_stm32f10x.o
 .debug_abbrev  0x0000079d      0x199 ..\obj\stepperMotor.o
 .debug_abbrev  0x00000936      0x152 ..\obj\RelativeTimeLinkList.o
 .debug_abbrev  0x00000a88       0xfc ..\obj\DMA_setting.o
 .debug_abbrev  0x00000b84      0x13e ..\obj\Timer.o
 .debug_abbrev  0x00000cc2       0x12 ..\obj\startup_stm32f103xb.o
 .debug_abbrev  0x00000cd4      0x1b2 ..\obj\stm32f10x_tim.o
 .debug_abbrev  0x00000e86      0x1cc ..\obj\stm32f10x_gpio.o
 .debug_abbrev  0x00001052      0x114 ..\obj\SPI_setting.o
 .debug_abbrev  0x00001166      0x1bc ..\obj\stm32f10x_rcc.o
 .debug_abbrev  0x00001322      0x10a ..\obj\Linklist.o
 .debug_abbrev  0x0000142c      0x180 ..\obj\stm32f10x_spi.o
 .debug_abbrev  0x000015ac      0x20c ..\obj\main.o

.debug_aranges  0x00000000      0x248
 .debug_aranges
                0x00000000       0x20 ..\obj\stm32f10x_dma.o
 .debug_aranges
                0x00000020       0x20 ..\obj\DMA.o
 .debug_aranges
                0x00000040       0x20 ..\obj\GPIO_setting.o
 .debug_aranges
                0x00000060       0x20 ..\obj\Timer_setting.o
 .debug_aranges
                0x00000080       0x20 ..\obj\syscalls.o
 .debug_aranges
                0x000000a0       0x20 ..\obj\system_stm32f10x.o
 .debug_aranges
                0x000000c0       0x20 ..\obj\stepperMotor.o
 .debug_aranges
                0x000000e0       0x20 ..\obj\RelativeTimeLinkList.o
 .debug_aranges
                0x00000100       0x20 ..\obj\DMA_setting.o
 .debug_aranges
                0x00000120       0x20 ..\obj\Timer.o
 .debug_aranges
                0x00000140       0x28 ..\obj\startup_stm32f103xb.o
 .debug_aranges
                0x00000168       0x20 ..\obj\stm32f10x_tim.o
 .debug_aranges
                0x00000188       0x20 ..\obj\stm32f10x_gpio.o
 .debug_aranges
                0x000001a8       0x20 ..\obj\SPI_setting.o
 .debug_aranges
                0x000001c8       0x20 ..\obj\stm32f10x_rcc.o
 .debug_aranges
                0x000001e8       0x20 ..\obj\Linklist.o
 .debug_aranges
                0x00000208       0x20 ..\obj\stm32f10x_spi.o
 .debug_aranges
                0x00000228       0x20 ..\obj\main.o

.debug_line     0x00000000     0x2f71
 .debug_line    0x00000000      0x31f ..\obj\stm32f10x_dma.o
 .debug_line    0x0000031f      0x216 ..\obj\DMA.o
 .debug_line    0x00000535      0x245 ..\obj\GPIO_setting.o
 .debug_line    0x0000077a      0x252 ..\obj\Timer_setting.o
 .debug_line    0x000009cc      0x178 ..\obj\syscalls.o
 .debug_line    0x00000b44      0x223 ..\obj\system_stm32f10x.o
 .debug_line    0x00000d67      0x23c ..\obj\stepperMotor.o
 .debug_line    0x00000fa3      0x250 ..\obj\RelativeTimeLinkList.o
 .debug_line    0x000011f3      0x253 ..\obj\DMA_setting.o
 .debug_line    0x00001446      0x22d ..\obj\Timer.o
 .debug_line    0x00001673       0xb4 ..\obj\startup_stm32f103xb.o
 .debug_line    0x00001727      0x71c ..\obj\stm32f10x_tim.o
 .debug_line    0x00001e43      0x357 ..\obj\stm32f10x_gpio.o
 .debug_line    0x0000219a      0x25d ..\obj\SPI_setting.o
 .debug_line    0x000023f7      0x3a0 ..\obj\stm32f10x_rcc.o
 .debug_line    0x00002797      0x179 ..\obj\Linklist.o
 .debug_line    0x00002910      0x36e ..\obj\stm32f10x_spi.o
 .debug_line    0x00002c7e      0x2f3 ..\obj\main.o

.debug_str      0x00000000     0x2aa2
 .debug_str     0x00000000      0x357 ..\obj\stm32f10x_dma.o
                                0x3ca (size before relaxing)
 .debug_str     0x00000357      0x148 ..\obj\DMA.o
                                0x2b1 (size before relaxing)
 .debug_str     0x0000049f      0x178 ..\obj\GPIO_setting.o
                                0x2c0 (size before relaxing)
 .debug_str     0x00000617      0x205 ..\obj\Timer_setting.o
                                0x385 (size before relaxing)
 .debug_str     0x0000081c      0x238 ..\obj\syscalls.o
                                0x3ba (size before relaxing)
 .debug_str     0x00000a54      0x17f ..\obj\system_stm32f10x.o
                                0x2f6 (size before relaxing)
 .debug_str     0x00000bd3      0x1e7 ..\obj\stepperMotor.o
                                0x448 (size before relaxing)
 .debug_str     0x00000dba      0x1c9 ..\obj\RelativeTimeLinkList.o
                                0x399 (size before relaxing)
 .debug_str     0x00000f83       0xd7 ..\obj\DMA_setting.o
                                0x2eb (size before relaxing)
 .debug_str     0x0000105a       0x69 ..\obj\Timer.o
                                0x3ac (size before relaxing)
 .debug_str     0x000010c3      0xa7d ..\obj\stm32f10x_tim.o
                                0xdf0 (size before relaxing)
 .debug_str     0x00001b40      0x272 ..\obj\stm32f10x_gpio.o
                                0x52c (size before relaxing)
 .debug_str     0x00001db2       0xe5 ..\obj\SPI_setting.o
                                0x2ec (size before relaxing)
 .debug_str     0x00001e97      0x406 ..\obj\stm32f10x_rcc.o
                                0x62d (size before relaxing)
 .debug_str     0x0000229d       0x8b ..\obj\Linklist.o
                                0x26e (size before relaxing)
 .debug_str     0x00002328      0x2eb ..\obj\stm32f10x_spi.o
                                0x610 (size before relaxing)
 .debug_str     0x00002613      0x48f ..\obj\main.o
                                0x9ba (size before relaxing)

.comment        0x00000000       0x6e
 .comment       0x00000000       0x6e ..\obj\stm32f10x_dma.o
                                 0x6f (size before relaxing)
 .comment       0x0000006e       0x6f ..\obj\DMA.o
 .comment       0x0000006e       0x6f ..\obj\GPIO_setting.o
 .comment       0x0000006e       0x6f ..\obj\Timer_setting.o
 .comment       0x0000006e       0x6f ..\obj\syscalls.o
 .comment       0x0000006e       0x6f ..\obj\system_stm32f10x.o
 .comment       0x0000006e       0x6f ..\obj\stepperMotor.o
 .comment       0x0000006e       0x6f ..\obj\RelativeTimeLinkList.o
 .comment       0x0000006e       0x6f ..\obj\DMA_setting.o
 .comment       0x0000006e       0x6f ..\obj\Timer.o
 .comment       0x0000006e       0x6f ..\obj\stm32f10x_tim.o
 .comment       0x0000006e       0x6f ..\obj\stm32f10x_gpio.o
 .comment       0x0000006e       0x6f ..\obj\SPI_setting.o
 .comment       0x0000006e       0x6f ..\obj\stm32f10x_rcc.o
 .comment       0x0000006e       0x6f ..\obj\Linklist.o
 .comment       0x0000006e       0x6f ..\obj\stm32f10x_spi.o
 .comment       0x0000006e       0x6f ..\obj\main.o

.debug_frame    0x00000000     0x2840
 .debug_frame   0x00000000      0x1c8 ..\obj\stm32f10x_dma.o
 .debug_frame   0x000001c8       0x7c ..\obj\DMA.o
 .debug_frame   0x00000244       0x34 ..\obj\GPIO_setting.o
 .debug_frame   0x00000278       0xac ..\obj\Timer_setting.o
 .debug_frame   0x00000324      0x2d4 ..\obj\syscalls.o
 .debug_frame   0x000005f8       0x98 ..\obj\system_stm32f10x.o
 .debug_frame   0x00000690      0x184 ..\obj\stepperMotor.o
 .debug_frame   0x00000814      0x1bc ..\obj\RelativeTimeLinkList.o
 .debug_frame   0x000009d0       0x84 ..\obj\DMA_setting.o
 .debug_frame   0x00000a54       0x80 ..\obj\Timer.o
 .debug_frame   0x00000ad4      0xe2c ..\obj\stm32f10x_tim.o
 .debug_frame   0x00001900      0x2d0 ..\obj\stm32f10x_gpio.o
 .debug_frame   0x00001bd0       0x5c ..\obj\SPI_setting.o
 .debug_frame   0x00001c2c      0x4f4 ..\obj\stm32f10x_rcc.o
 .debug_frame   0x00002120       0xa8 ..\obj\Linklist.o
 .debug_frame   0x000021c8      0x3a0 ..\obj\stm32f10x_spi.o
 .debug_frame   0x00002568      0x10c ..\obj\main.o
 .debug_frame   0x00002674       0x20 c:/program files (x86)/gnu tools arm embedded/5.3 2016q1/bin/../lib/gcc/arm-none-eabi/5.3.1/../../../../arm-none-eabi/lib/armv7-m\libg.a(lib_a-errno.o)
 .debug_frame   0x00002694       0x30 c:/program files (x86)/gnu tools arm embedded/5.3 2016q1/bin/../lib/gcc/arm-none-eabi/5.3.1/../../../../arm-none-eabi/lib/armv7-m\libg.a(lib_a-malloc.o)
 .debug_frame   0x000026c4       0x54 c:/program files (x86)/gnu tools arm embedded/5.3 2016q1/bin/../lib/gcc/arm-none-eabi/5.3.1/../../../../arm-none-eabi/lib/armv7-m\libg.a(lib_a-mallocr.o)
 .debug_frame   0x00002718       0x30 c:/program files (x86)/gnu tools arm embedded/5.3 2016q1/bin/../lib/gcc/arm-none-eabi/5.3.1/../../../../arm-none-eabi/lib/armv7-m\libg.a(lib_a-mlock.o)
 .debug_frame   0x00002748       0x2c c:/program files (x86)/gnu tools arm embedded/5.3 2016q1/bin/../lib/gcc/arm-none-eabi/5.3.1/../../../../arm-none-eabi/lib/armv7-m\libg.a(lib_a-sbrkr.o)
 .debug_frame   0x00002774       0x74 c:/program files (x86)/gnu tools arm embedded/5.3 2016q1/bin/../lib/gcc/arm-none-eabi/5.3.1/../../../../arm-none-eabi/lib/armv7-m\libg.a(lib_a-freer.o)
 .debug_frame   0x000027e8       0x58 c:/program files (x86)/gnu tools arm embedded/5.3 2016q1/bin/../lib/gcc/arm-none-eabi/5.3.1/../../../../arm-none-eabi/lib/armv7-m\libg.a(lib_a-reent.o)

.debug_ranges   0x00000000       0x20
 .debug_ranges  0x00000000       0x20 ..\obj\startup_stm32f103xb.o
