Archive member included to satisfy reference by file (symbol)

c:/program files (x86)/gnu tools arm embedded/5.3 2016q1/bin/../lib/gcc/arm-none-eabi/5.3.1/../../../../arm-none-eabi/lib/armv7-m\libc.a(lib_a-exit.o)
                              c:/program files (x86)/gnu tools arm embedded/5.3 2016q1/bin/../lib/gcc/arm-none-eabi/5.3.1/../../../../arm-none-eabi/lib/armv7-m/crt0.o (exit)
c:/program files (x86)/gnu tools arm embedded/5.3 2016q1/bin/../lib/gcc/arm-none-eabi/5.3.1/../../../../arm-none-eabi/lib/armv7-m\libc.a(lib_a-impure.o)
                              c:/program files (x86)/gnu tools arm embedded/5.3 2016q1/bin/../lib/gcc/arm-none-eabi/5.3.1/../../../../arm-none-eabi/lib/armv7-m\libc.a(lib_a-exit.o) (_global_impure_ptr)
c:/program files (x86)/gnu tools arm embedded/5.3 2016q1/bin/../lib/gcc/arm-none-eabi/5.3.1/../../../../arm-none-eabi/lib/armv7-m\libc.a(lib_a-init.o)
                              c:/program files (x86)/gnu tools arm embedded/5.3 2016q1/bin/../lib/gcc/arm-none-eabi/5.3.1/../../../../arm-none-eabi/lib/armv7-m/crt0.o (__libc_init_array)
c:/program files (x86)/gnu tools arm embedded/5.3 2016q1/bin/../lib/gcc/arm-none-eabi/5.3.1/../../../../arm-none-eabi/lib/armv7-m\libc.a(lib_a-memset.o)
                              c:/program files (x86)/gnu tools arm embedded/5.3 2016q1/bin/../lib/gcc/arm-none-eabi/5.3.1/../../../../arm-none-eabi/lib/armv7-m/crt0.o (memset)
c:/program files (x86)/gnu tools arm embedded/5.3 2016q1/bin/../lib/gcc/arm-none-eabi/5.3.1/../../../../arm-none-eabi/lib/armv7-m\libc.a(lib_a-__call_atexit.o)
                              c:/program files (x86)/gnu tools arm embedded/5.3 2016q1/bin/../lib/gcc/arm-none-eabi/5.3.1/../../../../arm-none-eabi/lib/armv7-m\libc.a(lib_a-exit.o) (__call_exitprocs)
c:/program files (x86)/gnu tools arm embedded/5.3 2016q1/bin/../lib/gcc/arm-none-eabi/5.3.1/../../../../arm-none-eabi/lib/armv7-m\libc.a(lib_a-atexit.o)
                              c:/program files (x86)/gnu tools arm embedded/5.3 2016q1/bin/../lib/gcc/arm-none-eabi/5.3.1/../../../../arm-none-eabi/lib/armv7-m\libc.a(lib_a-__call_atexit.o) (atexit)
c:/program files (x86)/gnu tools arm embedded/5.3 2016q1/bin/../lib/gcc/arm-none-eabi/5.3.1/../../../../arm-none-eabi/lib/armv7-m\libc.a(lib_a-fini.o)
                              c:/program files (x86)/gnu tools arm embedded/5.3 2016q1/bin/../lib/gcc/arm-none-eabi/5.3.1/../../../../arm-none-eabi/lib/armv7-m\libc.a(lib_a-__call_atexit.o) (__libc_fini_array)
c:/program files (x86)/gnu tools arm embedded/5.3 2016q1/bin/../lib/gcc/arm-none-eabi/5.3.1/../../../../arm-none-eabi/lib/armv7-m\libc.a(lib_a-__atexit.o)
                              c:/program files (x86)/gnu tools arm embedded/5.3 2016q1/bin/../lib/gcc/arm-none-eabi/5.3.1/../../../../arm-none-eabi/lib/armv7-m\libc.a(lib_a-atexit.o) (__register_exitproc)
c:/program files (x86)/gnu tools arm embedded/5.3 2016q1/bin/../lib/gcc/arm-none-eabi/5.3.1/../../../../arm-none-eabi/lib/armv7-m\libg.a(lib_a-errno.o)
                              ..\obj\syscalls.o (__errno)

Discarded input sections

 .text          0x00000000        0x0 c:/program files (x86)/gnu tools arm embedded/5.3 2016q1/bin/../lib/gcc/arm-none-eabi/5.3.1/armv7-m/crti.o
 .data          0x00000000        0x0 c:/program files (x86)/gnu tools arm embedded/5.3 2016q1/bin/../lib/gcc/arm-none-eabi/5.3.1/armv7-m/crti.o
 .bss           0x00000000        0x0 c:/program files (x86)/gnu tools arm embedded/5.3 2016q1/bin/../lib/gcc/arm-none-eabi/5.3.1/armv7-m/crti.o
 .data          0x00000000        0x4 c:/program files (x86)/gnu tools arm embedded/5.3 2016q1/bin/../lib/gcc/arm-none-eabi/5.3.1/armv7-m/crtbegin.o
 .text          0x00000000       0x74 c:/program files (x86)/gnu tools arm embedded/5.3 2016q1/bin/../lib/gcc/arm-none-eabi/5.3.1/../../../../arm-none-eabi/lib/armv7-m/crt0.o
 .data          0x00000000        0x0 c:/program files (x86)/gnu tools arm embedded/5.3 2016q1/bin/../lib/gcc/arm-none-eabi/5.3.1/../../../../arm-none-eabi/lib/armv7-m/crt0.o
 .bss           0x00000000        0x0 c:/program files (x86)/gnu tools arm embedded/5.3 2016q1/bin/../lib/gcc/arm-none-eabi/5.3.1/../../../../arm-none-eabi/lib/armv7-m/crt0.o
 .ARM.extab     0x00000000        0x0 c:/program files (x86)/gnu tools arm embedded/5.3 2016q1/bin/../lib/gcc/arm-none-eabi/5.3.1/../../../../arm-none-eabi/lib/armv7-m/crt0.o
 .ARM.exidx     0x00000000        0x8 c:/program files (x86)/gnu tools arm embedded/5.3 2016q1/bin/../lib/gcc/arm-none-eabi/5.3.1/../../../../arm-none-eabi/lib/armv7-m/crt0.o
 .ARM.attributes
                0x00000000       0x1b c:/program files (x86)/gnu tools arm embedded/5.3 2016q1/bin/../lib/gcc/arm-none-eabi/5.3.1/../../../../arm-none-eabi/lib/armv7-m/crt0.o
 .text          0x00000000        0x0 c:/program files (x86)/gnu tools arm embedded/5.3 2016q1/bin/../lib/gcc/arm-none-eabi/5.3.1/../../../../arm-none-eabi/lib/armv7-m\libc.a(lib_a-exit.o)
 .data          0x00000000        0x0 c:/program files (x86)/gnu tools arm embedded/5.3 2016q1/bin/../lib/gcc/arm-none-eabi/5.3.1/../../../../arm-none-eabi/lib/armv7-m\libc.a(lib_a-exit.o)
 .bss           0x00000000        0x0 c:/program files (x86)/gnu tools arm embedded/5.3 2016q1/bin/../lib/gcc/arm-none-eabi/5.3.1/../../../../arm-none-eabi/lib/armv7-m\libc.a(lib_a-exit.o)
 .text.exit     0x00000000       0x20 c:/program files (x86)/gnu tools arm embedded/5.3 2016q1/bin/../lib/gcc/arm-none-eabi/5.3.1/../../../../arm-none-eabi/lib/armv7-m\libc.a(lib_a-exit.o)
 .debug_frame   0x00000000       0x28 c:/program files (x86)/gnu tools arm embedded/5.3 2016q1/bin/../lib/gcc/arm-none-eabi/5.3.1/../../../../arm-none-eabi/lib/armv7-m\libc.a(lib_a-exit.o)
 .ARM.attributes
                0x00000000       0x2d c:/program files (x86)/gnu tools arm embedded/5.3 2016q1/bin/../lib/gcc/arm-none-eabi/5.3.1/../../../../arm-none-eabi/lib/armv7-m\libc.a(lib_a-exit.o)
 .text          0x00000000        0x0 c:/program files (x86)/gnu tools arm embedded/5.3 2016q1/bin/../lib/gcc/arm-none-eabi/5.3.1/../../../../arm-none-eabi/lib/armv7-m\libc.a(lib_a-impure.o)
 .data          0x00000000        0x0 c:/program files (x86)/gnu tools arm embedded/5.3 2016q1/bin/../lib/gcc/arm-none-eabi/5.3.1/../../../../arm-none-eabi/lib/armv7-m\libc.a(lib_a-impure.o)
 .bss           0x00000000        0x0 c:/program files (x86)/gnu tools arm embedded/5.3 2016q1/bin/../lib/gcc/arm-none-eabi/5.3.1/../../../../arm-none-eabi/lib/armv7-m\libc.a(lib_a-impure.o)
 .data._impure_ptr
                0x00000000        0x4 c:/program files (x86)/gnu tools arm embedded/5.3 2016q1/bin/../lib/gcc/arm-none-eabi/5.3.1/../../../../arm-none-eabi/lib/armv7-m\libc.a(lib_a-impure.o)
 .ARM.attributes
                0x00000000       0x2d c:/program files (x86)/gnu tools arm embedded/5.3 2016q1/bin/../lib/gcc/arm-none-eabi/5.3.1/../../../../arm-none-eabi/lib/armv7-m\libc.a(lib_a-impure.o)
 .text          0x00000000        0x0 c:/program files (x86)/gnu tools arm embedded/5.3 2016q1/bin/../lib/gcc/arm-none-eabi/5.3.1/../../../../arm-none-eabi/lib/armv7-m\libc.a(lib_a-init.o)
 .data          0x00000000        0x0 c:/program files (x86)/gnu tools arm embedded/5.3 2016q1/bin/../lib/gcc/arm-none-eabi/5.3.1/../../../../arm-none-eabi/lib/armv7-m\libc.a(lib_a-init.o)
 .bss           0x00000000        0x0 c:/program files (x86)/gnu tools arm embedded/5.3 2016q1/bin/../lib/gcc/arm-none-eabi/5.3.1/../../../../arm-none-eabi/lib/armv7-m\libc.a(lib_a-init.o)
 .debug_frame   0x00000000       0x2c c:/program files (x86)/gnu tools arm embedded/5.3 2016q1/bin/../lib/gcc/arm-none-eabi/5.3.1/../../../../arm-none-eabi/lib/armv7-m\libc.a(lib_a-init.o)
 .ARM.attributes
                0x00000000       0x2d c:/program files (x86)/gnu tools arm embedded/5.3 2016q1/bin/../lib/gcc/arm-none-eabi/5.3.1/../../../../arm-none-eabi/lib/armv7-m\libc.a(lib_a-init.o)
 .text          0x00000000        0x0 c:/program files (x86)/gnu tools arm embedded/5.3 2016q1/bin/../lib/gcc/arm-none-eabi/5.3.1/../../../../arm-none-eabi/lib/armv7-m\libc.a(lib_a-memset.o)
 .data          0x00000000        0x0 c:/program files (x86)/gnu tools arm embedded/5.3 2016q1/bin/../lib/gcc/arm-none-eabi/5.3.1/../../../../arm-none-eabi/lib/armv7-m\libc.a(lib_a-memset.o)
 .bss           0x00000000        0x0 c:/program files (x86)/gnu tools arm embedded/5.3 2016q1/bin/../lib/gcc/arm-none-eabi/5.3.1/../../../../arm-none-eabi/lib/armv7-m\libc.a(lib_a-memset.o)
 .text.memset   0x00000000       0x9c c:/program files (x86)/gnu tools arm embedded/5.3 2016q1/bin/../lib/gcc/arm-none-eabi/5.3.1/../../../../arm-none-eabi/lib/armv7-m\libc.a(lib_a-memset.o)
 .debug_frame   0x00000000       0x34 c:/program files (x86)/gnu tools arm embedded/5.3 2016q1/bin/../lib/gcc/arm-none-eabi/5.3.1/../../../../arm-none-eabi/lib/armv7-m\libc.a(lib_a-memset.o)
 .ARM.attributes
                0x00000000       0x2d c:/program files (x86)/gnu tools arm embedded/5.3 2016q1/bin/../lib/gcc/arm-none-eabi/5.3.1/../../../../arm-none-eabi/lib/armv7-m\libc.a(lib_a-memset.o)
 .text          0x00000000        0x0 c:/program files (x86)/gnu tools arm embedded/5.3 2016q1/bin/../lib/gcc/arm-none-eabi/5.3.1/../../../../arm-none-eabi/lib/armv7-m\libc.a(lib_a-__call_atexit.o)
 .data          0x00000000        0x0 c:/program files (x86)/gnu tools arm embedded/5.3 2016q1/bin/../lib/gcc/arm-none-eabi/5.3.1/../../../../arm-none-eabi/lib/armv7-m\libc.a(lib_a-__call_atexit.o)
 .bss           0x00000000        0x0 c:/program files (x86)/gnu tools arm embedded/5.3 2016q1/bin/../lib/gcc/arm-none-eabi/5.3.1/../../../../arm-none-eabi/lib/armv7-m\libc.a(lib_a-__call_atexit.o)
 .text.__call_exitprocs
                0x00000000       0xd8 c:/program files (x86)/gnu tools arm embedded/5.3 2016q1/bin/../lib/gcc/arm-none-eabi/5.3.1/../../../../arm-none-eabi/lib/armv7-m\libc.a(lib_a-__call_atexit.o)
 .debug_frame   0x00000000       0x50 c:/program files (x86)/gnu tools arm embedded/5.3 2016q1/bin/../lib/gcc/arm-none-eabi/5.3.1/../../../../arm-none-eabi/lib/armv7-m\libc.a(lib_a-__call_atexit.o)
 .ARM.attributes
                0x00000000       0x2d c:/program files (x86)/gnu tools arm embedded/5.3 2016q1/bin/../lib/gcc/arm-none-eabi/5.3.1/../../../../arm-none-eabi/lib/armv7-m\libc.a(lib_a-__call_atexit.o)
 .text          0x00000000        0x0 c:/program files (x86)/gnu tools arm embedded/5.3 2016q1/bin/../lib/gcc/arm-none-eabi/5.3.1/../../../../arm-none-eabi/lib/armv7-m\libc.a(lib_a-atexit.o)
 .data          0x00000000        0x0 c:/program files (x86)/gnu tools arm embedded/5.3 2016q1/bin/../lib/gcc/arm-none-eabi/5.3.1/../../../../arm-none-eabi/lib/armv7-m\libc.a(lib_a-atexit.o)
 .bss           0x00000000        0x0 c:/program files (x86)/gnu tools arm embedded/5.3 2016q1/bin/../lib/gcc/arm-none-eabi/5.3.1/../../../../arm-none-eabi/lib/armv7-m\libc.a(lib_a-atexit.o)
 .debug_frame   0x00000000       0x20 c:/program files (x86)/gnu tools arm embedded/5.3 2016q1/bin/../lib/gcc/arm-none-eabi/5.3.1/../../../../arm-none-eabi/lib/armv7-m\libc.a(lib_a-atexit.o)
 .ARM.attributes
                0x00000000       0x2d c:/program files (x86)/gnu tools arm embedded/5.3 2016q1/bin/../lib/gcc/arm-none-eabi/5.3.1/../../../../arm-none-eabi/lib/armv7-m\libc.a(lib_a-atexit.o)
 .text          0x00000000        0x0 c:/program files (x86)/gnu tools arm embedded/5.3 2016q1/bin/../lib/gcc/arm-none-eabi/5.3.1/../../../../arm-none-eabi/lib/armv7-m\libc.a(lib_a-fini.o)
 .data          0x00000000        0x0 c:/program files (x86)/gnu tools arm embedded/5.3 2016q1/bin/../lib/gcc/arm-none-eabi/5.3.1/../../../../arm-none-eabi/lib/armv7-m\libc.a(lib_a-fini.o)
 .bss           0x00000000        0x0 c:/program files (x86)/gnu tools arm embedded/5.3 2016q1/bin/../lib/gcc/arm-none-eabi/5.3.1/../../../../arm-none-eabi/lib/armv7-m\libc.a(lib_a-fini.o)
 .debug_frame   0x00000000       0x34 c:/program files (x86)/gnu tools arm embedded/5.3 2016q1/bin/../lib/gcc/arm-none-eabi/5.3.1/../../../../arm-none-eabi/lib/armv7-m\libc.a(lib_a-fini.o)
 .ARM.attributes
                0x00000000       0x2d c:/program files (x86)/gnu tools arm embedded/5.3 2016q1/bin/../lib/gcc/arm-none-eabi/5.3.1/../../../../arm-none-eabi/lib/armv7-m\libc.a(lib_a-fini.o)
 .text          0x00000000        0x0 c:/program files (x86)/gnu tools arm embedded/5.3 2016q1/bin/../lib/gcc/arm-none-eabi/5.3.1/../../../../arm-none-eabi/lib/armv7-m\libc.a(lib_a-__atexit.o)
 .data          0x00000000        0x0 c:/program files (x86)/gnu tools arm embedded/5.3 2016q1/bin/../lib/gcc/arm-none-eabi/5.3.1/../../../../arm-none-eabi/lib/armv7-m\libc.a(lib_a-__atexit.o)
 .bss           0x00000000        0x0 c:/program files (x86)/gnu tools arm embedded/5.3 2016q1/bin/../lib/gcc/arm-none-eabi/5.3.1/../../../../arm-none-eabi/lib/armv7-m\libc.a(lib_a-__atexit.o)
 .debug_frame   0x00000000       0x34 c:/program files (x86)/gnu tools arm embedded/5.3 2016q1/bin/../lib/gcc/arm-none-eabi/5.3.1/../../../../arm-none-eabi/lib/armv7-m\libc.a(lib_a-__atexit.o)
 .ARM.attributes
                0x00000000       0x2d c:/program files (x86)/gnu tools arm embedded/5.3 2016q1/bin/../lib/gcc/arm-none-eabi/5.3.1/../../../../arm-none-eabi/lib/armv7-m\libc.a(lib_a-__atexit.o)
 .text          0x00000000       0x34 ..\obj\GPIO_setting.o
 .data          0x00000000        0x0 ..\obj\GPIO_setting.o
 .bss           0x00000000        0x0 ..\obj\GPIO_setting.o
 .debug_info    0x00000000      0x244 ..\obj\GPIO_setting.o
 .debug_abbrev  0x00000000      0x109 ..\obj\GPIO_setting.o
 .debug_aranges
                0x00000000       0x20 ..\obj\GPIO_setting.o
 .debug_line    0x00000000      0x245 ..\obj\GPIO_setting.o
 .debug_str     0x00000000      0x2c0 ..\obj\GPIO_setting.o
 .comment       0x00000000       0x6f ..\obj\GPIO_setting.o
 .debug_frame   0x00000000       0x34 ..\obj\GPIO_setting.o
 .ARM.attributes
                0x00000000       0x33 ..\obj\GPIO_setting.o
 .data          0x00000000        0x0 ..\obj\Timer_setting.o
 .bss           0x00000000        0x0 ..\obj\Timer_setting.o
 .text          0x00000000      0x270 ..\obj\syscalls.o
 .data          0x00000000        0x4 ..\obj\syscalls.o
 .bss           0x00000000        0x8 ..\obj\syscalls.o
 .debug_info    0x00000000      0x663 ..\obj\syscalls.o
 .debug_abbrev  0x00000000      0x174 ..\obj\syscalls.o
 .debug_aranges
                0x00000000       0x20 ..\obj\syscalls.o
 .debug_line    0x00000000      0x178 ..\obj\syscalls.o
 .debug_str     0x00000000      0x3ba ..\obj\syscalls.o
 .comment       0x00000000       0x6f ..\obj\syscalls.o
 .debug_frame   0x00000000      0x2d4 ..\obj\syscalls.o
 .ARM.attributes
                0x00000000       0x33 ..\obj\syscalls.o
 .bss           0x00000000        0x0 ..\obj\system_stm32f10x.o
 .text          0x00000000       0x14 ..\obj\startup_stm32f103xb.o
 .data          0x00000000        0x0 ..\obj\startup_stm32f103xb.o
 .bss           0x00000000        0x0 ..\obj\startup_stm32f103xb.o
 .data          0x00000000        0x0 ..\obj\stm32f10x_tim.o
 .bss           0x00000000        0x0 ..\obj\stm32f10x_tim.o
 .text          0x00000000      0x5e8 ..\obj\stm32f10x_gpio.o
 .data          0x00000000        0x0 ..\obj\stm32f10x_gpio.o
 .bss           0x00000000        0x0 ..\obj\stm32f10x_gpio.o
 .debug_info    0x00000000      0x6f6 ..\obj\stm32f10x_gpio.o
 .debug_abbrev  0x00000000      0x1cc ..\obj\stm32f10x_gpio.o
 .debug_aranges
                0x00000000       0x20 ..\obj\stm32f10x_gpio.o
 .debug_line    0x00000000      0x357 ..\obj\stm32f10x_gpio.o
 .debug_str     0x00000000      0x52c ..\obj\stm32f10x_gpio.o
 .comment       0x00000000       0x6f ..\obj\stm32f10x_gpio.o
 .debug_frame   0x00000000      0x2d0 ..\obj\stm32f10x_gpio.o
 .ARM.attributes
                0x00000000       0x33 ..\obj\stm32f10x_gpio.o
 .bss           0x00000000        0x0 ..\obj\stm32f10x_rcc.o
 .text          0x00000000      0x6e8 ..\obj\stm32f10x_spi.o
 .data          0x00000000        0x0 ..\obj\stm32f10x_spi.o
 .bss           0x00000000        0x0 ..\obj\stm32f10x_spi.o
 .debug_info    0x00000000      0x8fb ..\obj\stm32f10x_spi.o
 .debug_abbrev  0x00000000      0x180 ..\obj\stm32f10x_spi.o
 .debug_aranges
                0x00000000       0x20 ..\obj\stm32f10x_spi.o
 .debug_line    0x00000000      0x36e ..\obj\stm32f10x_spi.o
 .debug_str     0x00000000      0x610 ..\obj\stm32f10x_spi.o
 .comment       0x00000000       0x6f ..\obj\stm32f10x_spi.o
 .debug_frame   0x00000000      0x3a0 ..\obj\stm32f10x_spi.o
 .ARM.attributes
                0x00000000       0x33 ..\obj\stm32f10x_spi.o
 .data          0x00000000        0x0 ..\obj\main.o
 .bss           0x00000000        0x0 ..\obj\main.o
 .text          0x00000000        0x0 c:/program files (x86)/gnu tools arm embedded/5.3 2016q1/bin/../lib/gcc/arm-none-eabi/5.3.1/../../../../arm-none-eabi/lib/armv7-m\libg.a(lib_a-errno.o)
 .data          0x00000000        0x0 c:/program files (x86)/gnu tools arm embedded/5.3 2016q1/bin/../lib/gcc/arm-none-eabi/5.3.1/../../../../arm-none-eabi/lib/armv7-m\libg.a(lib_a-errno.o)
 .bss           0x00000000        0x0 c:/program files (x86)/gnu tools arm embedded/5.3 2016q1/bin/../lib/gcc/arm-none-eabi/5.3.1/../../../../arm-none-eabi/lib/armv7-m\libg.a(lib_a-errno.o)
 .text.__errno  0x00000000        0xc c:/program files (x86)/gnu tools arm embedded/5.3 2016q1/bin/../lib/gcc/arm-none-eabi/5.3.1/../../../../arm-none-eabi/lib/armv7-m\libg.a(lib_a-errno.o)
 .debug_frame   0x00000000       0x20 c:/program files (x86)/gnu tools arm embedded/5.3 2016q1/bin/../lib/gcc/arm-none-eabi/5.3.1/../../../../arm-none-eabi/lib/armv7-m\libg.a(lib_a-errno.o)
 .ARM.attributes
                0x00000000       0x2d c:/program files (x86)/gnu tools arm embedded/5.3 2016q1/bin/../lib/gcc/arm-none-eabi/5.3.1/../../../../arm-none-eabi/lib/armv7-m\libg.a(lib_a-errno.o)
 .text          0x00000000        0x0 c:/program files (x86)/gnu tools arm embedded/5.3 2016q1/bin/../lib/gcc/arm-none-eabi/5.3.1/armv7-m/crtend.o
 .data          0x00000000        0x0 c:/program files (x86)/gnu tools arm embedded/5.3 2016q1/bin/../lib/gcc/arm-none-eabi/5.3.1/armv7-m/crtend.o
 .bss           0x00000000        0x0 c:/program files (x86)/gnu tools arm embedded/5.3 2016q1/bin/../lib/gcc/arm-none-eabi/5.3.1/armv7-m/crtend.o
 .eh_frame      0x00000000        0x4 c:/program files (x86)/gnu tools arm embedded/5.3 2016q1/bin/../lib/gcc/arm-none-eabi/5.3.1/armv7-m/crtend.o
 .jcr           0x00000000        0x4 c:/program files (x86)/gnu tools arm embedded/5.3 2016q1/bin/../lib/gcc/arm-none-eabi/5.3.1/armv7-m/crtend.o
 .ARM.attributes
                0x00000000       0x2d c:/program files (x86)/gnu tools arm embedded/5.3 2016q1/bin/../lib/gcc/arm-none-eabi/5.3.1/armv7-m/crtend.o
 .text          0x00000000        0x0 c:/program files (x86)/gnu tools arm embedded/5.3 2016q1/bin/../lib/gcc/arm-none-eabi/5.3.1/armv7-m/crtn.o
 .data          0x00000000        0x0 c:/program files (x86)/gnu tools arm embedded/5.3 2016q1/bin/../lib/gcc/arm-none-eabi/5.3.1/armv7-m/crtn.o
 .bss           0x00000000        0x0 c:/program files (x86)/gnu tools arm embedded/5.3 2016q1/bin/../lib/gcc/arm-none-eabi/5.3.1/armv7-m/crtn.o

Memory Configuration

Name             Origin             Length             Attributes
FLASH            0x08000000         0x00010000         xr
RAM              0x20000000         0x00005000         xrw
*default*        0x00000000         0xffffffff

Linker script and memory map

LOAD c:/program files (x86)/gnu tools arm embedded/5.3 2016q1/bin/../lib/gcc/arm-none-eabi/5.3.1/armv7-m/crti.o
LOAD c:/program files (x86)/gnu tools arm embedded/5.3 2016q1/bin/../lib/gcc/arm-none-eabi/5.3.1/armv7-m/crtbegin.o
LOAD c:/program files (x86)/gnu tools arm embedded/5.3 2016q1/bin/../lib/gcc/arm-none-eabi/5.3.1/../../../../arm-none-eabi/lib/armv7-m/crt0.o
                0x20004fff                _estack = 0x20004fff
                0x00000200                _Min_Heap_Size = 0x200
                0x00000400                _Min_Stack_Size = 0x400

.isr_vector     0x08000000      0x10c
                0x08000000                . = ALIGN (0x4)
 *(.isr_vector)
 .isr_vector    0x08000000      0x10c ..\obj\startup_stm32f103xb.o
                0x08000000                g_pfnVectors
                0x0800010c                . = ALIGN (0x4)

.text           0x0800010c     0x2bd0
                0x0800010c                . = ALIGN (0x4)
 *(.text)
 .text          0x0800010c       0x5c c:/program files (x86)/gnu tools arm embedded/5.3 2016q1/bin/../lib/gcc/arm-none-eabi/5.3.1/armv7-m/crtbegin.o
 .text          0x08000168       0x98 ..\obj\Timer_setting.o
                0x08000168                Timer_conf
                0x080001a8                enableTimer
                0x080001e8                getTime
 .text          0x08000200      0x24c ..\obj\system_stm32f10x.o
                0x08000200                SystemInit
                0x08000268                SystemCoreClockUpdate
 .text          0x0800044c     0x1e0c ..\obj\stm32f10x_tim.o
                0x0800044c                TIM_DeInit
                0x08000678                TIM_TimeBaseInit
                0x08000770                TIM_OC1Init
                0x08000888                TIM_OC2Init
                0x08000998                TIM_OC3Init
                0x08000aa4                TIM_OC4Init
                0x08000b74                TIM_ICInit
                0x08000c1c                TIM_PWMIConfig
                0x08000cd4                TIM_BDTRConfig
                0x08000d24                TIM_TimeBaseStructInit
                0x08000d58                TIM_OCStructInit
                0x08000d9c                TIM_ICStructInit
                0x08000dcc                TIM_BDTRStructInit
                0x08000e08                TIM_Cmd
                0x08000e48                TIM_CtrlPWMOutputs
                0x08000e94                TIM_ITConfig
                0x08000edc                TIM_GenerateEvent
                0x08000ef8                TIM_DMAConfig
                0x08000f20                TIM_DMACmd
                0x08000f68                TIM_InternalClockConfig
                0x08000f8c                TIM_ITRxExternalClockConfig
                0x08000fbc                TIM_TIxExternalClockConfig
                0x08001018                TIM_ETRClockMode1Config
                0x08001078                TIM_ETRClockMode2Config
                0x080010b8                TIM_ETRConfig
                0x0800110c                TIM_PrescalerConfig
                0x08001134                TIM_CounterModeConfig
                0x0800116c                TIM_SelectInputTrigger
                0x080011a4                TIM_EncoderInterfaceConfig
                0x0800123c                TIM_ForcedOC1Config
                0x08001274                TIM_ForcedOC2Config
                0x080012b0                TIM_ForcedOC3Config
                0x080012e8                TIM_ForcedOC4Config
                0x08001324                TIM_ARRPreloadConfig
                0x08001364                TIM_SelectCOM
                0x080013a4                TIM_SelectCCDMA
                0x080013e4                TIM_CCPreloadControl
                0x08001424                TIM_OC1PreloadConfig
                0x0800145c                TIM_OC2PreloadConfig
                0x08001498                TIM_OC3PreloadConfig
                0x080014d0                TIM_OC4PreloadConfig
                0x0800150c                TIM_OC1FastConfig
                0x08001544                TIM_OC2FastConfig
                0x08001580                TIM_OC3FastConfig
                0x080015b8                TIM_OC4FastConfig
                0x080015f4                TIM_ClearOC1Ref
                0x0800162c                TIM_ClearOC2Ref
                0x08001668                TIM_ClearOC3Ref
                0x080016a0                TIM_ClearOC4Ref
                0x080016dc                TIM_OC1PolarityConfig
                0x08001714                TIM_OC1NPolarityConfig
                0x0800174c                TIM_OC2PolarityConfig
                0x08001788                TIM_OC2NPolarityConfig
                0x080017c4                TIM_OC3PolarityConfig
                0x08001800                TIM_OC3NPolarityConfig
                0x0800183c                TIM_OC4PolarityConfig
                0x08001878                TIM_CCxCmd
                0x080018d0                TIM_CCxNCmd
                0x08001928                TIM_SelectOCxM
                0x080019d4                TIM_UpdateDisableConfig
                0x08001a14                TIM_UpdateRequestConfig
                0x08001a54                TIM_SelectHallSensor
                0x08001a94                TIM_SelectOnePulseMode
                0x08001acc                TIM_SelectOutputTrigger
                0x08001b04                TIM_SelectSlaveMode
                0x08001b3c                TIM_SelectMasterSlaveMode
                0x08001b74                TIM_SetCounter
                0x08001b90                TIM_SetAutoreload
                0x08001bac                TIM_SetCompare1
                0x08001bc8                TIM_SetCompare2
                0x08001be4                TIM_SetCompare3
                0x08001c00                TIM_SetCompare4
                0x08001c20                TIM_SetIC1Prescaler
                0x08001c58                TIM_SetIC2Prescaler
                0x08001c94                TIM_SetIC3Prescaler
                0x08001ccc                TIM_SetIC4Prescaler
                0x08001d08                TIM_SetClockDivision
                0x08001d40                TIM_GetCapture1
                0x08001d58                TIM_GetCapture2
                0x08001d70                TIM_GetCapture3
                0x08001d88                TIM_GetCapture4
                0x08001da4                TIM_GetCounter
                0x08001dbc                TIM_GetPrescaler
                0x08001dd4                TIM_GetFlagStatus
                0x08001e0c                TIM_ClearFlag
                0x08001e2c                TIM_GetITStatus
                0x08001e80                TIM_ClearITPendingBit
 .text          0x08002258      0x7d0 ..\obj\stm32f10x_rcc.o
                0x08002258                RCC_DeInit
                0x080022b4                RCC_HSEConfig
                0x08002310                RCC_WaitForHSEStartUp
                0x08002360                RCC_AdjustHSICalibrationValue
                0x0800239c                RCC_HSICmd
                0x080023bc                RCC_PLLConfig
                0x080023f8                RCC_PLLCmd
                0x08002418                RCC_SYSCLKConfig
                0x08002450                RCC_GetSYSCLKSource
                0x0800246c                RCC_HCLKConfig
                0x080024a4                RCC_PCLK1Config
                0x080024dc                RCC_PCLK2Config
                0x08002514                RCC_ITConfig
                0x08002560                RCC_USBCLKConfig
                0x0800257c                RCC_ADCCLKConfig
                0x080025b4                RCC_LSEConfig
                0x080025f4                RCC_LSICmd
                0x08002614                RCC_RTCCLKConfig
                0x08002638                RCC_RTCCLKCmd
                0x08002658                RCC_GetClocksFreq
                0x080027b8                RCC_AHBPeriphClockCmd
                0x080027f4                RCC_APB2PeriphClockCmd
                0x08002830                RCC_APB1PeriphClockCmd
                0x0800286c                RCC_APB2PeriphResetCmd
                0x080028a8                RCC_APB1PeriphResetCmd
                0x080028e4                RCC_BackupResetCmd
                0x08002904                RCC_ClockSecuritySystemCmd
                0x08002924                RCC_MCOConfig
                0x08002944                RCC_GetFlagStatus
                0x080029b8                RCC_ClearFlag
                0x080029d4                RCC_GetITStatus
                0x08002a08                RCC_ClearITPendingBit
 .text          0x08002a28      0x114 ..\obj\main.o
                0x08002a58                TIM2_IRQHandler
                0x08002a7c                delay
                0x08002aa8                main
 *(.text*)
 .text.__libc_init_array
                0x08002b3c       0x50 c:/program files (x86)/gnu tools arm embedded/5.3 2016q1/bin/../lib/gcc/arm-none-eabi/5.3.1/../../../../arm-none-eabi/lib/armv7-m\libc.a(lib_a-init.o)
                0x08002b3c                __libc_init_array
 .text.startup.register_fini
                0x08002b8c       0x14 c:/program files (x86)/gnu tools arm embedded/5.3 2016q1/bin/../lib/gcc/arm-none-eabi/5.3.1/../../../../arm-none-eabi/lib/armv7-m\libc.a(lib_a-__call_atexit.o)
 .text.atexit   0x08002ba0        0xc c:/program files (x86)/gnu tools arm embedded/5.3 2016q1/bin/../lib/gcc/arm-none-eabi/5.3.1/../../../../arm-none-eabi/lib/armv7-m\libc.a(lib_a-atexit.o)
                0x08002ba0                atexit
 .text.__libc_fini_array
                0x08002bac       0x28 c:/program files (x86)/gnu tools arm embedded/5.3 2016q1/bin/../lib/gcc/arm-none-eabi/5.3.1/../../../../arm-none-eabi/lib/armv7-m\libc.a(lib_a-fini.o)
                0x08002bac                __libc_fini_array
 .text.__register_exitproc
                0x08002bd4       0xa4 c:/program files (x86)/gnu tools arm embedded/5.3 2016q1/bin/../lib/gcc/arm-none-eabi/5.3.1/../../../../arm-none-eabi/lib/armv7-m\libc.a(lib_a-__atexit.o)
                0x08002bd4                __register_exitproc
 .text.Reset_Handler
                0x08002c78       0x48 ..\obj\startup_stm32f103xb.o
                0x08002c78                Reset_Handler
 .text.Default_Handler
                0x08002cc0        0x2 ..\obj\startup_stm32f103xb.o
                0x08002cc0                RTC_Alarm_IRQHandler
                0x08002cc0                EXTI2_IRQHandler
                0x08002cc0                DebugMon_Handler
                0x08002cc0                TIM1_CC_IRQHandler
                0x08002cc0                HardFault_Handler
                0x08002cc0                SysTick_Handler
                0x08002cc0                PVD_IRQHandler
                0x08002cc0                PendSV_Handler
                0x08002cc0                NMI_Handler
                0x08002cc0                EXTI3_IRQHandler
                0x08002cc0                EXTI0_IRQHandler
                0x08002cc0                I2C2_EV_IRQHandler
                0x08002cc0                UsageFault_Handler
                0x08002cc0                ADC1_2_IRQHandler
                0x08002cc0                SPI1_IRQHandler
                0x08002cc0                TAMPER_IRQHandler
                0x08002cc0                DMA1_Channel4_IRQHandler
                0x08002cc0                USART3_IRQHandler
                0x08002cc0                RTC_IRQHandler
                0x08002cc0                DMA1_Channel7_IRQHandler
                0x08002cc0                CAN1_RX1_IRQHandler
                0x08002cc0                TIM4_IRQHandler
                0x08002cc0                I2C1_EV_IRQHandler
                0x08002cc0                DMA1_Channel6_IRQHandler
                0x08002cc0                TIM3_IRQHandler
                0x08002cc0                RCC_IRQHandler
                0x08002cc0                TIM1_TRG_COM_IRQHandler
                0x08002cc0                DMA1_Channel1_IRQHandler
                0x08002cc0                Default_Handler
                0x08002cc0                EXTI15_10_IRQHandler
                0x08002cc0                EXTI9_5_IRQHandler
                0x08002cc0                SPI2_IRQHandler
                0x08002cc0                MemManage_Handler
                0x08002cc0                SVC_Handler
                0x08002cc0                DMA1_Channel5_IRQHandler
                0x08002cc0                EXTI4_IRQHandler
                0x08002cc0                USB_LP_CAN1_RX0_IRQHandler
                0x08002cc0                USB_HP_CAN1_TX_IRQHandler
                0x08002cc0                DMA1_Channel3_IRQHandler
                0x08002cc0                TIM1_UP_IRQHandler
                0x08002cc0                WWDG_IRQHandler
                0x08002cc0                TIM1_BRK_IRQHandler
                0x08002cc0                EXTI1_IRQHandler
                0x08002cc0                USART2_IRQHandler
                0x08002cc0                I2C2_ER_IRQHandler
                0x08002cc0                DMA1_Channel2_IRQHandler
                0x08002cc0                CAN1_SCE_IRQHandler
                0x08002cc0                FLASH_IRQHandler
                0x08002cc0                BusFault_Handler
                0x08002cc0                USART1_IRQHandler
                0x08002cc0                I2C1_ER_IRQHandler
                0x08002cc0                USBWakeUp_IRQHandler
 *(.glue_7)
 .glue_7        0x08002cc2        0x0 linker stubs
 *(.glue_7t)
 .glue_7t       0x08002cc2        0x0 linker stubs
 *(.eh_frame)
 *fill*         0x08002cc2        0x2 
 .eh_frame      0x08002cc4        0x0 c:/program files (x86)/gnu tools arm embedded/5.3 2016q1/bin/../lib/gcc/arm-none-eabi/5.3.1/armv7-m/crtbegin.o
 *(.init)
 .init          0x08002cc4        0x4 c:/program files (x86)/gnu tools arm embedded/5.3 2016q1/bin/../lib/gcc/arm-none-eabi/5.3.1/armv7-m/crti.o
                0x08002cc4                _init
 .init          0x08002cc8        0x8 c:/program files (x86)/gnu tools arm embedded/5.3 2016q1/bin/../lib/gcc/arm-none-eabi/5.3.1/armv7-m/crtn.o
 *(.fini)
 .fini          0x08002cd0        0x4 c:/program files (x86)/gnu tools arm embedded/5.3 2016q1/bin/../lib/gcc/arm-none-eabi/5.3.1/armv7-m/crti.o
                0x08002cd0                _fini
 .fini          0x08002cd4        0x8 c:/program files (x86)/gnu tools arm embedded/5.3 2016q1/bin/../lib/gcc/arm-none-eabi/5.3.1/armv7-m/crtn.o
                0x08002cdc                . = ALIGN (0x4)
                0x08002cdc                _etext = .

.vfp11_veneer   0x08002cdc        0x0
 .vfp11_veneer  0x08002cdc        0x0 linker stubs

.v4_bx          0x08002cdc        0x0
 .v4_bx         0x08002cdc        0x0 linker stubs

.iplt           0x08002cdc        0x0
 .iplt          0x08002cdc        0x0 c:/program files (x86)/gnu tools arm embedded/5.3 2016q1/bin/../lib/gcc/arm-none-eabi/5.3.1/armv7-m/crtbegin.o

.rodata         0x08002cdc        0x8
                0x08002cdc                . = ALIGN (0x4)
 *(.rodata)
 *(.rodata*)
 .rodata.str1.4
                0x08002cdc        0x4 c:/program files (x86)/gnu tools arm embedded/5.3 2016q1/bin/../lib/gcc/arm-none-eabi/5.3.1/../../../../arm-none-eabi/lib/armv7-m\libc.a(lib_a-impure.o)
                                  0x2 (size before relaxing)
 .rodata._global_impure_ptr
                0x08002ce0        0x4 c:/program files (x86)/gnu tools arm embedded/5.3 2016q1/bin/../lib/gcc/arm-none-eabi/5.3.1/../../../../arm-none-eabi/lib/armv7-m\libc.a(lib_a-impure.o)
                0x08002ce0                _global_impure_ptr
                0x08002ce4                . = ALIGN (0x4)

.rel.dyn        0x08002ce4        0x0
 .rel.iplt      0x08002ce4        0x0 c:/program files (x86)/gnu tools arm embedded/5.3 2016q1/bin/../lib/gcc/arm-none-eabi/5.3.1/armv7-m/crtbegin.o

.ARM.extab
 *(.ARM.extab* .gnu.linkonce.armextab.*)

.ARM            0x08002ce4        0x0
                0x08002ce4                __exidx_start = .
 *(.ARM.exidx*)
                0x08002ce4                __exidx_end = .

.preinit_array  0x08002ce4        0x0
                0x08002ce4                PROVIDE (__preinit_array_start, .)
 *(.preinit_array*)
                0x08002ce4                PROVIDE (__preinit_array_end, .)

.init_array     0x08002ce4        0x8
                0x08002ce4                PROVIDE (__init_array_start, .)
 *(SORT(.init_array.*))
 .init_array.00000
                0x08002ce4        0x4 c:/program files (x86)/gnu tools arm embedded/5.3 2016q1/bin/../lib/gcc/arm-none-eabi/5.3.1/../../../../arm-none-eabi/lib/armv7-m\libc.a(lib_a-__call_atexit.o)
 *(.init_array*)
 .init_array    0x08002ce8        0x4 c:/program files (x86)/gnu tools arm embedded/5.3 2016q1/bin/../lib/gcc/arm-none-eabi/5.3.1/armv7-m/crtbegin.o
                0x08002cec                PROVIDE (__init_array_end, .)

.fini_array     0x08002cec        0x4
                0x08002cec                PROVIDE (__fini_array_start, .)
 *(SORT(.fini_array.*))
 *(.fini_array*)
 .fini_array    0x08002cec        0x4 c:/program files (x86)/gnu tools arm embedded/5.3 2016q1/bin/../lib/gcc/arm-none-eabi/5.3.1/armv7-m/crtbegin.o
                0x08002cf0                PROVIDE (__fini_array_end, .)
                0x08002cf0                _sidata = LOADADDR (.data)

.data           0x20000000      0x450 load address 0x08002cf0
                0x20000000                . = ALIGN (0x4)
                0x20000000                _sdata = .
 *(.data)
 .data          0x20000000       0x14 ..\obj\system_stm32f10x.o
                0x20000000                SystemCoreClock
                0x20000004                AHBPrescTable
 .data          0x20000014       0x14 ..\obj\stm32f10x_rcc.o
 *(.data*)
 .data.impure_data
                0x20000028      0x428 c:/program files (x86)/gnu tools arm embedded/5.3 2016q1/bin/../lib/gcc/arm-none-eabi/5.3.1/../../../../arm-none-eabi/lib/armv7-m\libc.a(lib_a-impure.o)
                0x20000450                . = ALIGN (0x4)
                0x20000450                _edata = .

.jcr            0x20000450        0x0 load address 0x08003140
 .jcr           0x20000450        0x0 c:/program files (x86)/gnu tools arm embedded/5.3 2016q1/bin/../lib/gcc/arm-none-eabi/5.3.1/armv7-m/crtbegin.o

.igot.plt       0x20000450        0x0 load address 0x08003140
 .igot.plt      0x20000450        0x0 c:/program files (x86)/gnu tools arm embedded/5.3 2016q1/bin/../lib/gcc/arm-none-eabi/5.3.1/armv7-m/crtbegin.o
                0x20000450                . = ALIGN (0x4)

.bss            0x20000450       0x1c load address 0x08003140
                0x20000450                _sbss = .
                0x20000450                __bss_start__ = _sbss
 *(.bss)
 .bss           0x20000450       0x1c c:/program files (x86)/gnu tools arm embedded/5.3 2016q1/bin/../lib/gcc/arm-none-eabi/5.3.1/armv7-m/crtbegin.o
 *(.bss*)
 *(COMMON)
                0x2000046c                . = ALIGN (0x4)
                0x2000046c                _ebss = .
                0x2000046c                __bss_end__ = _ebss

._user_heap_stack
                0x2000046c      0x600 load address 0x08003140
                0x2000046c                . = ALIGN (0x4)
                0x2000046c                PROVIDE (end, .)
                [!provide]                PROVIDE (_end, .)
                0x2000066c                . = (. + _Min_Heap_Size)
 *fill*         0x2000046c      0x200 
                0x20000a6c                . = (. + _Min_Stack_Size)
 *fill*         0x2000066c      0x400 
                0x20000a6c                . = ALIGN (0x4)

/DISCARD/
 libc.a(*)
 libm.a(*)
 libgcc.a(*)

.ARM.attributes
                0x00000000       0x29
 *(.ARM.attributes)
 .ARM.attributes
                0x00000000       0x1d c:/program files (x86)/gnu tools arm embedded/5.3 2016q1/bin/../lib/gcc/arm-none-eabi/5.3.1/armv7-m/crti.o
 .ARM.attributes
                0x0000001d       0x2d c:/program files (x86)/gnu tools arm embedded/5.3 2016q1/bin/../lib/gcc/arm-none-eabi/5.3.1/armv7-m/crtbegin.o
 .ARM.attributes
                0x0000004a       0x33 ..\obj\Timer_setting.o
 .ARM.attributes
                0x0000007d       0x33 ..\obj\system_stm32f10x.o
 .ARM.attributes
                0x000000b0       0x21 ..\obj\startup_stm32f103xb.o
 .ARM.attributes
                0x000000d1       0x33 ..\obj\stm32f10x_tim.o
 .ARM.attributes
                0x00000104       0x33 ..\obj\stm32f10x_rcc.o
 .ARM.attributes
                0x00000137       0x33 ..\obj\main.o
 .ARM.attributes
                0x0000016a       0x1d c:/program files (x86)/gnu tools arm embedded/5.3 2016q1/bin/../lib/gcc/arm-none-eabi/5.3.1/armv7-m/crtn.o
LOAD ..\obj\GPIO_setting.o
LOAD ..\obj\Timer_setting.o
LOAD ..\obj\syscalls.o
LOAD ..\obj\system_stm32f10x.o
LOAD ..\obj\startup_stm32f103xb.o
LOAD ..\obj\stm32f10x_tim.o
LOAD ..\obj\stm32f10x_gpio.o
LOAD ..\obj\stm32f10x_rcc.o
LOAD ..\obj\stm32f10x_spi.o
LOAD ..\obj\main.o
START GROUP
LOAD c:/program files (x86)/gnu tools arm embedded/5.3 2016q1/bin/../lib/gcc/arm-none-eabi/5.3.1/armv7-m\libgcc.a
LOAD c:/program files (x86)/gnu tools arm embedded/5.3 2016q1/bin/../lib/gcc/arm-none-eabi/5.3.1/../../../../arm-none-eabi/lib/armv7-m\libg.a
LOAD c:/program files (x86)/gnu tools arm embedded/5.3 2016q1/bin/../lib/gcc/arm-none-eabi/5.3.1/../../../../arm-none-eabi/lib/armv7-m\libc.a
END GROUP
LOAD c:/program files (x86)/gnu tools arm embedded/5.3 2016q1/bin/../lib/gcc/arm-none-eabi/5.3.1/armv7-m/crtend.o
LOAD c:/program files (x86)/gnu tools arm embedded/5.3 2016q1/bin/../lib/gcc/arm-none-eabi/5.3.1/armv7-m/crtn.o
OUTPUT(PCB Laser Etcher.elf elf32-littlearm)

.debug_info     0x00000000     0x357f
 .debug_info    0x00000000      0x424 ..\obj\Timer_setting.o
 .debug_info    0x00000424      0x49c ..\obj\system_stm32f10x.o
 .debug_info    0x000008c0       0xca ..\obj\startup_stm32f103xb.o
 .debug_info    0x0000098a     0x1c60 ..\obj\stm32f10x_tim.o
 .debug_info    0x000025ea      0x8a3 ..\obj\stm32f10x_rcc.o
 .debug_info    0x00002e8d      0x6f2 ..\obj\main.o

.debug_abbrev   0x00000000      0x79d
 .debug_abbrev  0x00000000      0x130 ..\obj\Timer_setting.o
 .debug_abbrev  0x00000130      0x14e ..\obj\system_stm32f10x.o
 .debug_abbrev  0x0000027e       0x12 ..\obj\startup_stm32f103xb.o
 .debug_abbrev  0x00000290      0x1b2 ..\obj\stm32f10x_tim.o
 .debug_abbrev  0x00000442      0x1bc ..\obj\stm32f10x_rcc.o
 .debug_abbrev  0x000005fe      0x19f ..\obj\main.o

.debug_aranges  0x00000000       0xc8
 .debug_aranges
                0x00000000       0x20 ..\obj\Timer_setting.o
 .debug_aranges
                0x00000020       0x20 ..\obj\system_stm32f10x.o
 .debug_aranges
                0x00000040       0x28 ..\obj\startup_stm32f103xb.o
 .debug_aranges
                0x00000068       0x20 ..\obj\stm32f10x_tim.o
 .debug_aranges
                0x00000088       0x20 ..\obj\stm32f10x_rcc.o
 .debug_aranges
                0x000000a8       0x20 ..\obj\main.o

.debug_line     0x00000000     0x11f1
 .debug_line    0x00000000      0x251 ..\obj\Timer_setting.o
 .debug_line    0x00000251      0x223 ..\obj\system_stm32f10x.o
 .debug_line    0x00000474       0xb4 ..\obj\startup_stm32f103xb.o
 .debug_line    0x00000528      0x71c ..\obj\stm32f10x_tim.o
 .debug_line    0x00000c44      0x3a0 ..\obj\stm32f10x_rcc.o
 .debug_line    0x00000fe4      0x20d ..\obj\main.o

.debug_str      0x00000000     0x17c5
 .debug_str     0x00000000      0x307 ..\obj\Timer_setting.o
                                0x37f (size before relaxing)
 .debug_str     0x00000307      0x195 ..\obj\system_stm32f10x.o
                                0x2f6 (size before relaxing)
 .debug_str     0x0000049c      0xa87 ..\obj\stm32f10x_tim.o
                                0xdf0 (size before relaxing)
 .debug_str     0x00000f23      0x40d ..\obj\stm32f10x_rcc.o
                                0x62d (size before relaxing)
 .debug_str     0x00001330      0x495 ..\obj\main.o
                                0x70f (size before relaxing)

.comment        0x00000000       0x6e
 .comment       0x00000000       0x6e ..\obj\Timer_setting.o
                                 0x6f (size before relaxing)
 .comment       0x0000006e       0x6f ..\obj\system_stm32f10x.o
 .comment       0x0000006e       0x6f ..\obj\stm32f10x_tim.o
 .comment       0x0000006e       0x6f ..\obj\stm32f10x_rcc.o
 .comment       0x0000006e       0x6f ..\obj\main.o

.debug_frame    0x00000000     0x14e0
 .debug_frame   0x00000000       0x84 ..\obj\Timer_setting.o
 .debug_frame   0x00000084       0x98 ..\obj\system_stm32f10x.o
 .debug_frame   0x0000011c      0xe2c ..\obj\stm32f10x_tim.o
 .debug_frame   0x00000f48      0x4f4 ..\obj\stm32f10x_rcc.o
 .debug_frame   0x0000143c       0xa4 ..\obj\main.o

.debug_ranges   0x00000000       0x20
 .debug_ranges  0x00000000       0x20 ..\obj\startup_stm32f103xb.o
