Archive member included because of file (symbol)

c:/program files/gnu tools arm embedded/4.9 2015q1/bin/../lib/gcc/arm-none-eabi/4.9.3/../../../../arm-none-eabi/lib/armv7-m\libc.a(lib_a-exit.o)
                              c:/program files/gnu tools arm embedded/4.9 2015q1/bin/../lib/gcc/arm-none-eabi/4.9.3/../../../../arm-none-eabi/lib/armv7-m/crt0.o (exit)
c:/program files/gnu tools arm embedded/4.9 2015q1/bin/../lib/gcc/arm-none-eabi/4.9.3/../../../../arm-none-eabi/lib/armv7-m\libc.a(lib_a-impure.o)
                              c:/program files/gnu tools arm embedded/4.9 2015q1/bin/../lib/gcc/arm-none-eabi/4.9.3/../../../../arm-none-eabi/lib/armv7-m\libc.a(lib_a-exit.o) (_global_impure_ptr)
c:/program files/gnu tools arm embedded/4.9 2015q1/bin/../lib/gcc/arm-none-eabi/4.9.3/../../../../arm-none-eabi/lib/armv7-m\libc.a(lib_a-init.o)
                              c:/program files/gnu tools arm embedded/4.9 2015q1/bin/../lib/gcc/arm-none-eabi/4.9.3/../../../../arm-none-eabi/lib/armv7-m/crt0.o (__libc_init_array)
c:/program files/gnu tools arm embedded/4.9 2015q1/bin/../lib/gcc/arm-none-eabi/4.9.3/../../../../arm-none-eabi/lib/armv7-m\libc.a(lib_a-memset.o)
                              c:/program files/gnu tools arm embedded/4.9 2015q1/bin/../lib/gcc/arm-none-eabi/4.9.3/../../../../arm-none-eabi/lib/armv7-m/crt0.o (memset)
c:/program files/gnu tools arm embedded/4.9 2015q1/bin/../lib/gcc/arm-none-eabi/4.9.3/../../../../arm-none-eabi/lib/armv7-m\libc.a(lib_a-__call_atexit.o)
                              c:/program files/gnu tools arm embedded/4.9 2015q1/bin/../lib/gcc/arm-none-eabi/4.9.3/../../../../arm-none-eabi/lib/armv7-m\libc.a(lib_a-exit.o) (__call_exitprocs)
c:/program files/gnu tools arm embedded/4.9 2015q1/bin/../lib/gcc/arm-none-eabi/4.9.3/../../../../arm-none-eabi/lib/armv7-m\libc.a(lib_a-atexit.o)
                              c:/program files/gnu tools arm embedded/4.9 2015q1/bin/../lib/gcc/arm-none-eabi/4.9.3/../../../../arm-none-eabi/lib/armv7-m\libc.a(lib_a-__call_atexit.o) (atexit)
c:/program files/gnu tools arm embedded/4.9 2015q1/bin/../lib/gcc/arm-none-eabi/4.9.3/../../../../arm-none-eabi/lib/armv7-m\libc.a(lib_a-fini.o)
                              c:/program files/gnu tools arm embedded/4.9 2015q1/bin/../lib/gcc/arm-none-eabi/4.9.3/../../../../arm-none-eabi/lib/armv7-m\libc.a(lib_a-__call_atexit.o) (__libc_fini_array)
c:/program files/gnu tools arm embedded/4.9 2015q1/bin/../lib/gcc/arm-none-eabi/4.9.3/../../../../arm-none-eabi/lib/armv7-m\libc.a(lib_a-__atexit.o)
                              c:/program files/gnu tools arm embedded/4.9 2015q1/bin/../lib/gcc/arm-none-eabi/4.9.3/../../../../arm-none-eabi/lib/armv7-m\libc.a(lib_a-atexit.o) (__register_exitproc)
c:/program files/gnu tools arm embedded/4.9 2015q1/bin/../lib/gcc/arm-none-eabi/4.9.3/../../../../arm-none-eabi/lib/armv7-m\libg.a(lib_a-errno.o)
                              ..\obj\syscalls.o (__errno)
c:/program files/gnu tools arm embedded/4.9 2015q1/bin/../lib/gcc/arm-none-eabi/4.9.3/../../../../arm-none-eabi/lib/armv7-m\libg.a(lib_a-malloc.o)
                              ..\obj\Linklist.o (malloc)
c:/program files/gnu tools arm embedded/4.9 2015q1/bin/../lib/gcc/arm-none-eabi/4.9.3/../../../../arm-none-eabi/lib/armv7-m\libg.a(lib_a-mallocr.o)
                              c:/program files/gnu tools arm embedded/4.9 2015q1/bin/../lib/gcc/arm-none-eabi/4.9.3/../../../../arm-none-eabi/lib/armv7-m\libg.a(lib_a-malloc.o) (_malloc_r)
c:/program files/gnu tools arm embedded/4.9 2015q1/bin/../lib/gcc/arm-none-eabi/4.9.3/../../../../arm-none-eabi/lib/armv7-m\libg.a(lib_a-mlock.o)
                              c:/program files/gnu tools arm embedded/4.9 2015q1/bin/../lib/gcc/arm-none-eabi/4.9.3/../../../../arm-none-eabi/lib/armv7-m\libg.a(lib_a-mallocr.o) (__malloc_lock)
c:/program files/gnu tools arm embedded/4.9 2015q1/bin/../lib/gcc/arm-none-eabi/4.9.3/../../../../arm-none-eabi/lib/armv7-m\libg.a(lib_a-sbrkr.o)
                              c:/program files/gnu tools arm embedded/4.9 2015q1/bin/../lib/gcc/arm-none-eabi/4.9.3/../../../../arm-none-eabi/lib/armv7-m\libg.a(lib_a-mallocr.o) (_sbrk_r)
c:/program files/gnu tools arm embedded/4.9 2015q1/bin/../lib/gcc/arm-none-eabi/4.9.3/../../../../arm-none-eabi/lib/armv7-m\libg.a(lib_a-freer.o)
                              c:/program files/gnu tools arm embedded/4.9 2015q1/bin/../lib/gcc/arm-none-eabi/4.9.3/../../../../arm-none-eabi/lib/armv7-m\libg.a(lib_a-malloc.o) (_free_r)
c:/program files/gnu tools arm embedded/4.9 2015q1/bin/../lib/gcc/arm-none-eabi/4.9.3/../../../../arm-none-eabi/lib/armv7-m\libg.a(lib_a-reent.o)
                              c:/program files/gnu tools arm embedded/4.9 2015q1/bin/../lib/gcc/arm-none-eabi/4.9.3/../../../../arm-none-eabi/lib/armv7-m\libg.a(lib_a-sbrkr.o) (errno)

Allocating common symbols
Common symbol       size              file

errno               0x4               c:/program files/gnu tools arm embedded/4.9 2015q1/bin/../lib/gcc/arm-none-eabi/4.9.3/../../../../arm-none-eabi/lib/armv7-m\libg.a(lib_a-reent.o)
freeRunningCounter  0x8               ..\obj\main.o
root                0x4               ..\obj\RelativeTimeLinkList.o
tickRecord1         0x4               ..\obj\Timer.o
txBuffer            0x4               ..\obj\main.o
motorDriveBuffer    0x4               ..\obj\main.o
tickRecord2         0x4               ..\obj\Timer.o
motorRoot           0x4               ..\obj\DMA.o
timeInterval        0x2               ..\obj\main.o

Discarded input sections

 .text          0x00000000        0x0 c:/program files/gnu tools arm embedded/4.9 2015q1/bin/../lib/gcc/arm-none-eabi/4.9.3/armv7-m/crti.o
 .data          0x00000000        0x0 c:/program files/gnu tools arm embedded/4.9 2015q1/bin/../lib/gcc/arm-none-eabi/4.9.3/armv7-m/crti.o
 .bss           0x00000000        0x0 c:/program files/gnu tools arm embedded/4.9 2015q1/bin/../lib/gcc/arm-none-eabi/4.9.3/armv7-m/crti.o
 .data          0x00000000        0x4 c:/program files/gnu tools arm embedded/4.9 2015q1/bin/../lib/gcc/arm-none-eabi/4.9.3/armv7-m/crtbegin.o
 .text          0x00000000       0x74 c:/program files/gnu tools arm embedded/4.9 2015q1/bin/../lib/gcc/arm-none-eabi/4.9.3/../../../../arm-none-eabi/lib/armv7-m/crt0.o
 .data          0x00000000        0x0 c:/program files/gnu tools arm embedded/4.9 2015q1/bin/../lib/gcc/arm-none-eabi/4.9.3/../../../../arm-none-eabi/lib/armv7-m/crt0.o
 .bss           0x00000000        0x0 c:/program files/gnu tools arm embedded/4.9 2015q1/bin/../lib/gcc/arm-none-eabi/4.9.3/../../../../arm-none-eabi/lib/armv7-m/crt0.o
 .ARM.extab     0x00000000        0x0 c:/program files/gnu tools arm embedded/4.9 2015q1/bin/../lib/gcc/arm-none-eabi/4.9.3/../../../../arm-none-eabi/lib/armv7-m/crt0.o
 .ARM.exidx     0x00000000        0x8 c:/program files/gnu tools arm embedded/4.9 2015q1/bin/../lib/gcc/arm-none-eabi/4.9.3/../../../../arm-none-eabi/lib/armv7-m/crt0.o
 .ARM.attributes
                0x00000000       0x1b c:/program files/gnu tools arm embedded/4.9 2015q1/bin/../lib/gcc/arm-none-eabi/4.9.3/../../../../arm-none-eabi/lib/armv7-m/crt0.o
 .text          0x00000000        0x0 c:/program files/gnu tools arm embedded/4.9 2015q1/bin/../lib/gcc/arm-none-eabi/4.9.3/../../../../arm-none-eabi/lib/armv7-m\libc.a(lib_a-exit.o)
 .data          0x00000000        0x0 c:/program files/gnu tools arm embedded/4.9 2015q1/bin/../lib/gcc/arm-none-eabi/4.9.3/../../../../arm-none-eabi/lib/armv7-m\libc.a(lib_a-exit.o)
 .bss           0x00000000        0x0 c:/program files/gnu tools arm embedded/4.9 2015q1/bin/../lib/gcc/arm-none-eabi/4.9.3/../../../../arm-none-eabi/lib/armv7-m\libc.a(lib_a-exit.o)
 .text.exit     0x00000000       0x20 c:/program files/gnu tools arm embedded/4.9 2015q1/bin/../lib/gcc/arm-none-eabi/4.9.3/../../../../arm-none-eabi/lib/armv7-m\libc.a(lib_a-exit.o)
 .debug_frame   0x00000000       0x28 c:/program files/gnu tools arm embedded/4.9 2015q1/bin/../lib/gcc/arm-none-eabi/4.9.3/../../../../arm-none-eabi/lib/armv7-m\libc.a(lib_a-exit.o)
 .ARM.attributes
                0x00000000       0x2d c:/program files/gnu tools arm embedded/4.9 2015q1/bin/../lib/gcc/arm-none-eabi/4.9.3/../../../../arm-none-eabi/lib/armv7-m\libc.a(lib_a-exit.o)
 .text          0x00000000        0x0 c:/program files/gnu tools arm embedded/4.9 2015q1/bin/../lib/gcc/arm-none-eabi/4.9.3/../../../../arm-none-eabi/lib/armv7-m\libc.a(lib_a-impure.o)
 .data          0x00000000        0x0 c:/program files/gnu tools arm embedded/4.9 2015q1/bin/../lib/gcc/arm-none-eabi/4.9.3/../../../../arm-none-eabi/lib/armv7-m\libc.a(lib_a-impure.o)
 .bss           0x00000000        0x0 c:/program files/gnu tools arm embedded/4.9 2015q1/bin/../lib/gcc/arm-none-eabi/4.9.3/../../../../arm-none-eabi/lib/armv7-m\libc.a(lib_a-impure.o)
 .ARM.attributes
                0x00000000       0x2d c:/program files/gnu tools arm embedded/4.9 2015q1/bin/../lib/gcc/arm-none-eabi/4.9.3/../../../../arm-none-eabi/lib/armv7-m\libc.a(lib_a-impure.o)
 .text          0x00000000        0x0 c:/program files/gnu tools arm embedded/4.9 2015q1/bin/../lib/gcc/arm-none-eabi/4.9.3/../../../../arm-none-eabi/lib/armv7-m\libc.a(lib_a-init.o)
 .data          0x00000000        0x0 c:/program files/gnu tools arm embedded/4.9 2015q1/bin/../lib/gcc/arm-none-eabi/4.9.3/../../../../arm-none-eabi/lib/armv7-m\libc.a(lib_a-init.o)
 .bss           0x00000000        0x0 c:/program files/gnu tools arm embedded/4.9 2015q1/bin/../lib/gcc/arm-none-eabi/4.9.3/../../../../arm-none-eabi/lib/armv7-m\libc.a(lib_a-init.o)
 .debug_frame   0x00000000       0x2c c:/program files/gnu tools arm embedded/4.9 2015q1/bin/../lib/gcc/arm-none-eabi/4.9.3/../../../../arm-none-eabi/lib/armv7-m\libc.a(lib_a-init.o)
 .ARM.attributes
                0x00000000       0x2d c:/program files/gnu tools arm embedded/4.9 2015q1/bin/../lib/gcc/arm-none-eabi/4.9.3/../../../../arm-none-eabi/lib/armv7-m\libc.a(lib_a-init.o)
 .text          0x00000000        0x0 c:/program files/gnu tools arm embedded/4.9 2015q1/bin/../lib/gcc/arm-none-eabi/4.9.3/../../../../arm-none-eabi/lib/armv7-m\libc.a(lib_a-memset.o)
 .data          0x00000000        0x0 c:/program files/gnu tools arm embedded/4.9 2015q1/bin/../lib/gcc/arm-none-eabi/4.9.3/../../../../arm-none-eabi/lib/armv7-m\libc.a(lib_a-memset.o)
 .bss           0x00000000        0x0 c:/program files/gnu tools arm embedded/4.9 2015q1/bin/../lib/gcc/arm-none-eabi/4.9.3/../../../../arm-none-eabi/lib/armv7-m\libc.a(lib_a-memset.o)
 .text.memset   0x00000000       0x9c c:/program files/gnu tools arm embedded/4.9 2015q1/bin/../lib/gcc/arm-none-eabi/4.9.3/../../../../arm-none-eabi/lib/armv7-m\libc.a(lib_a-memset.o)
 .debug_frame   0x00000000       0x34 c:/program files/gnu tools arm embedded/4.9 2015q1/bin/../lib/gcc/arm-none-eabi/4.9.3/../../../../arm-none-eabi/lib/armv7-m\libc.a(lib_a-memset.o)
 .ARM.attributes
                0x00000000       0x2d c:/program files/gnu tools arm embedded/4.9 2015q1/bin/../lib/gcc/arm-none-eabi/4.9.3/../../../../arm-none-eabi/lib/armv7-m\libc.a(lib_a-memset.o)
 .text          0x00000000        0x0 c:/program files/gnu tools arm embedded/4.9 2015q1/bin/../lib/gcc/arm-none-eabi/4.9.3/../../../../arm-none-eabi/lib/armv7-m\libc.a(lib_a-__call_atexit.o)
 .data          0x00000000        0x0 c:/program files/gnu tools arm embedded/4.9 2015q1/bin/../lib/gcc/arm-none-eabi/4.9.3/../../../../arm-none-eabi/lib/armv7-m\libc.a(lib_a-__call_atexit.o)
 .bss           0x00000000        0x0 c:/program files/gnu tools arm embedded/4.9 2015q1/bin/../lib/gcc/arm-none-eabi/4.9.3/../../../../arm-none-eabi/lib/armv7-m\libc.a(lib_a-__call_atexit.o)
 .text.__call_exitprocs
                0x00000000       0xd4 c:/program files/gnu tools arm embedded/4.9 2015q1/bin/../lib/gcc/arm-none-eabi/4.9.3/../../../../arm-none-eabi/lib/armv7-m\libc.a(lib_a-__call_atexit.o)
 .debug_frame   0x00000000       0x50 c:/program files/gnu tools arm embedded/4.9 2015q1/bin/../lib/gcc/arm-none-eabi/4.9.3/../../../../arm-none-eabi/lib/armv7-m\libc.a(lib_a-__call_atexit.o)
 .ARM.attributes
                0x00000000       0x2d c:/program files/gnu tools arm embedded/4.9 2015q1/bin/../lib/gcc/arm-none-eabi/4.9.3/../../../../arm-none-eabi/lib/armv7-m\libc.a(lib_a-__call_atexit.o)
 .text          0x00000000        0x0 c:/program files/gnu tools arm embedded/4.9 2015q1/bin/../lib/gcc/arm-none-eabi/4.9.3/../../../../arm-none-eabi/lib/armv7-m\libc.a(lib_a-atexit.o)
 .data          0x00000000        0x0 c:/program files/gnu tools arm embedded/4.9 2015q1/bin/../lib/gcc/arm-none-eabi/4.9.3/../../../../arm-none-eabi/lib/armv7-m\libc.a(lib_a-atexit.o)
 .bss           0x00000000        0x0 c:/program files/gnu tools arm embedded/4.9 2015q1/bin/../lib/gcc/arm-none-eabi/4.9.3/../../../../arm-none-eabi/lib/armv7-m\libc.a(lib_a-atexit.o)
 .debug_frame   0x00000000       0x20 c:/program files/gnu tools arm embedded/4.9 2015q1/bin/../lib/gcc/arm-none-eabi/4.9.3/../../../../arm-none-eabi/lib/armv7-m\libc.a(lib_a-atexit.o)
 .ARM.attributes
                0x00000000       0x2d c:/program files/gnu tools arm embedded/4.9 2015q1/bin/../lib/gcc/arm-none-eabi/4.9.3/../../../../arm-none-eabi/lib/armv7-m\libc.a(lib_a-atexit.o)
 .text          0x00000000        0x0 c:/program files/gnu tools arm embedded/4.9 2015q1/bin/../lib/gcc/arm-none-eabi/4.9.3/../../../../arm-none-eabi/lib/armv7-m\libc.a(lib_a-fini.o)
 .data          0x00000000        0x0 c:/program files/gnu tools arm embedded/4.9 2015q1/bin/../lib/gcc/arm-none-eabi/4.9.3/../../../../arm-none-eabi/lib/armv7-m\libc.a(lib_a-fini.o)
 .bss           0x00000000        0x0 c:/program files/gnu tools arm embedded/4.9 2015q1/bin/../lib/gcc/arm-none-eabi/4.9.3/../../../../arm-none-eabi/lib/armv7-m\libc.a(lib_a-fini.o)
 .debug_frame   0x00000000       0x34 c:/program files/gnu tools arm embedded/4.9 2015q1/bin/../lib/gcc/arm-none-eabi/4.9.3/../../../../arm-none-eabi/lib/armv7-m\libc.a(lib_a-fini.o)
 .ARM.attributes
                0x00000000       0x2d c:/program files/gnu tools arm embedded/4.9 2015q1/bin/../lib/gcc/arm-none-eabi/4.9.3/../../../../arm-none-eabi/lib/armv7-m\libc.a(lib_a-fini.o)
 .text          0x00000000        0x0 c:/program files/gnu tools arm embedded/4.9 2015q1/bin/../lib/gcc/arm-none-eabi/4.9.3/../../../../arm-none-eabi/lib/armv7-m\libc.a(lib_a-__atexit.o)
 .data          0x00000000        0x0 c:/program files/gnu tools arm embedded/4.9 2015q1/bin/../lib/gcc/arm-none-eabi/4.9.3/../../../../arm-none-eabi/lib/armv7-m\libc.a(lib_a-__atexit.o)
 .bss           0x00000000        0x0 c:/program files/gnu tools arm embedded/4.9 2015q1/bin/../lib/gcc/arm-none-eabi/4.9.3/../../../../arm-none-eabi/lib/armv7-m\libc.a(lib_a-__atexit.o)
 .debug_frame   0x00000000       0x34 c:/program files/gnu tools arm embedded/4.9 2015q1/bin/../lib/gcc/arm-none-eabi/4.9.3/../../../../arm-none-eabi/lib/armv7-m\libc.a(lib_a-__atexit.o)
 .ARM.attributes
                0x00000000       0x2d c:/program files/gnu tools arm embedded/4.9 2015q1/bin/../lib/gcc/arm-none-eabi/4.9.3/../../../../arm-none-eabi/lib/armv7-m\libc.a(lib_a-__atexit.o)
 .data          0x00000000        0x0 ..\obj\stm32f10x_dma.o
 .bss           0x00000000        0x0 ..\obj\stm32f10x_dma.o
 .data          0x00000000        0x0 ..\obj\DMA.o
 .bss           0x00000000        0x0 ..\obj\DMA.o
 .data          0x00000000        0x0 ..\obj\GPIO_setting.o
 .bss           0x00000000        0x0 ..\obj\GPIO_setting.o
 .data          0x00000000        0x0 ..\obj\Timer_setting.o
 .bss           0x00000000        0x0 ..\obj\Timer_setting.o
 .data          0x00000000        0x4 ..\obj\syscalls.o
 .bss           0x00000000        0x0 ..\obj\system_stm32f10x.o
 .text          0x00000000        0x0 ..\obj\stepperMotor.o
 .data          0x00000000        0x0 ..\obj\stepperMotor.o
 .bss           0x00000000        0x0 ..\obj\stepperMotor.o
 .debug_info    0x00000000       0x99 ..\obj\stepperMotor.o
 .debug_abbrev  0x00000000       0x4b ..\obj\stepperMotor.o
 .debug_aranges
                0x00000000       0x18 ..\obj\stepperMotor.o
 .debug_line    0x00000000      0x11d ..\obj\stepperMotor.o
 .debug_str     0x00000000      0x19e ..\obj\stepperMotor.o
 .comment       0x00000000       0x71 ..\obj\stepperMotor.o
 .ARM.attributes
                0x00000000       0x33 ..\obj\stepperMotor.o
 .data          0x00000000        0x0 ..\obj\RelativeTimeLinkList.o
 .bss           0x00000000        0x0 ..\obj\RelativeTimeLinkList.o
 .data          0x00000000        0x0 ..\obj\DMA_setting.o
 .bss           0x00000000        0x0 ..\obj\DMA_setting.o
 .data          0x00000000        0x0 ..\obj\Timer.o
 .bss           0x00000000        0x0 ..\obj\Timer.o
 .text          0x00000000       0x14 ..\obj\startup_stm32f103xb.o
 .data          0x00000000        0x0 ..\obj\startup_stm32f103xb.o
 .bss           0x00000000        0x0 ..\obj\startup_stm32f103xb.o
 .data          0x00000000        0x0 ..\obj\stm32f10x_tim.o
 .bss           0x00000000        0x0 ..\obj\stm32f10x_tim.o
 .data          0x00000000        0x0 ..\obj\stm32f10x_gpio.o
 .bss           0x00000000        0x0 ..\obj\stm32f10x_gpio.o
 .data          0x00000000        0x0 ..\obj\SPI_setting.o
 .bss           0x00000000        0x0 ..\obj\SPI_setting.o
 .bss           0x00000000        0x0 ..\obj\stm32f10x_rcc.o
 .text          0x00000000        0x0 ..\obj\projectStruct.o
 .data          0x00000000        0x0 ..\obj\projectStruct.o
 .bss           0x00000000        0x0 ..\obj\projectStruct.o
 .debug_info    0x00000000       0x60 ..\obj\projectStruct.o
 .debug_abbrev  0x00000000       0x24 ..\obj\projectStruct.o
 .debug_aranges
                0x00000000       0x18 ..\obj\projectStruct.o
 .debug_line    0x00000000       0x1d ..\obj\projectStruct.o
 .debug_str     0x00000000      0x12c ..\obj\projectStruct.o
 .comment       0x00000000       0x71 ..\obj\projectStruct.o
 .ARM.attributes
                0x00000000       0x33 ..\obj\projectStruct.o
 .data          0x00000000        0x0 ..\obj\Linklist.o
 .bss           0x00000000        0x0 ..\obj\Linklist.o
 .data          0x00000000        0x0 ..\obj\Motor.o
 .bss           0x00000000        0x0 ..\obj\Motor.o
 COMMON         0x00000000        0x0 ..\obj\Motor.o
 .data          0x00000000        0x0 ..\obj\stm32f10x_spi.o
 .bss           0x00000000        0x0 ..\obj\stm32f10x_spi.o
 .text          0x00000000      0x18c ..\obj\misc.o
 .data          0x00000000        0x0 ..\obj\misc.o
 .bss           0x00000000        0x0 ..\obj\misc.o
 .debug_info    0x00000000      0x53d ..\obj\misc.o
 .debug_abbrev  0x00000000      0x145 ..\obj\misc.o
 .debug_aranges
                0x00000000       0x20 ..\obj\misc.o
 .debug_line    0x00000000      0x240 ..\obj\misc.o
 .debug_str     0x00000000      0x3c9 ..\obj\misc.o
 .comment       0x00000000       0x71 ..\obj\misc.o
 .debug_frame   0x00000000       0xd8 ..\obj\misc.o
 .ARM.attributes
                0x00000000       0x33 ..\obj\misc.o
 .data          0x00000000        0x0 ..\obj\main.o
 .text          0x00000000        0x0 ..\obj\Config.o
 .data          0x00000000        0x0 ..\obj\Config.o
 .bss           0x00000000        0x0 ..\obj\Config.o
 .debug_line    0x00000000        0x0 ..\obj\Config.o
 .debug_str     0x00000000       0xa1 ..\obj\Config.o
 .comment       0x00000000       0x71 ..\obj\Config.o
 .ARM.attributes
                0x00000000       0x33 ..\obj\Config.o
 .text          0x00000000        0x0 c:/program files/gnu tools arm embedded/4.9 2015q1/bin/../lib/gcc/arm-none-eabi/4.9.3/../../../../arm-none-eabi/lib/armv7-m\libg.a(lib_a-errno.o)
 .data          0x00000000        0x0 c:/program files/gnu tools arm embedded/4.9 2015q1/bin/../lib/gcc/arm-none-eabi/4.9.3/../../../../arm-none-eabi/lib/armv7-m\libg.a(lib_a-errno.o)
 .bss           0x00000000        0x0 c:/program files/gnu tools arm embedded/4.9 2015q1/bin/../lib/gcc/arm-none-eabi/4.9.3/../../../../arm-none-eabi/lib/armv7-m\libg.a(lib_a-errno.o)
 .text          0x00000000        0x0 c:/program files/gnu tools arm embedded/4.9 2015q1/bin/../lib/gcc/arm-none-eabi/4.9.3/../../../../arm-none-eabi/lib/armv7-m\libg.a(lib_a-malloc.o)
 .data          0x00000000        0x0 c:/program files/gnu tools arm embedded/4.9 2015q1/bin/../lib/gcc/arm-none-eabi/4.9.3/../../../../arm-none-eabi/lib/armv7-m\libg.a(lib_a-malloc.o)
 .bss           0x00000000        0x0 c:/program files/gnu tools arm embedded/4.9 2015q1/bin/../lib/gcc/arm-none-eabi/4.9.3/../../../../arm-none-eabi/lib/armv7-m\libg.a(lib_a-malloc.o)
 .text.free     0x00000000       0x10 c:/program files/gnu tools arm embedded/4.9 2015q1/bin/../lib/gcc/arm-none-eabi/4.9.3/../../../../arm-none-eabi/lib/armv7-m\libg.a(lib_a-malloc.o)
 .text          0x00000000        0x0 c:/program files/gnu tools arm embedded/4.9 2015q1/bin/../lib/gcc/arm-none-eabi/4.9.3/../../../../arm-none-eabi/lib/armv7-m\libg.a(lib_a-mallocr.o)
 .data          0x00000000        0x0 c:/program files/gnu tools arm embedded/4.9 2015q1/bin/../lib/gcc/arm-none-eabi/4.9.3/../../../../arm-none-eabi/lib/armv7-m\libg.a(lib_a-mallocr.o)
 .bss           0x00000000        0x0 c:/program files/gnu tools arm embedded/4.9 2015q1/bin/../lib/gcc/arm-none-eabi/4.9.3/../../../../arm-none-eabi/lib/armv7-m\libg.a(lib_a-mallocr.o)
 .text          0x00000000        0x0 c:/program files/gnu tools arm embedded/4.9 2015q1/bin/../lib/gcc/arm-none-eabi/4.9.3/../../../../arm-none-eabi/lib/armv7-m\libg.a(lib_a-mlock.o)
 .data          0x00000000        0x0 c:/program files/gnu tools arm embedded/4.9 2015q1/bin/../lib/gcc/arm-none-eabi/4.9.3/../../../../arm-none-eabi/lib/armv7-m\libg.a(lib_a-mlock.o)
 .bss           0x00000000        0x0 c:/program files/gnu tools arm embedded/4.9 2015q1/bin/../lib/gcc/arm-none-eabi/4.9.3/../../../../arm-none-eabi/lib/armv7-m\libg.a(lib_a-mlock.o)
 .text          0x00000000        0x0 c:/program files/gnu tools arm embedded/4.9 2015q1/bin/../lib/gcc/arm-none-eabi/4.9.3/../../../../arm-none-eabi/lib/armv7-m\libg.a(lib_a-sbrkr.o)
 .data          0x00000000        0x0 c:/program files/gnu tools arm embedded/4.9 2015q1/bin/../lib/gcc/arm-none-eabi/4.9.3/../../../../arm-none-eabi/lib/armv7-m\libg.a(lib_a-sbrkr.o)
 .bss           0x00000000        0x0 c:/program files/gnu tools arm embedded/4.9 2015q1/bin/../lib/gcc/arm-none-eabi/4.9.3/../../../../arm-none-eabi/lib/armv7-m\libg.a(lib_a-sbrkr.o)
 .text          0x00000000        0x0 c:/program files/gnu tools arm embedded/4.9 2015q1/bin/../lib/gcc/arm-none-eabi/4.9.3/../../../../arm-none-eabi/lib/armv7-m\libg.a(lib_a-freer.o)
 .data          0x00000000        0x0 c:/program files/gnu tools arm embedded/4.9 2015q1/bin/../lib/gcc/arm-none-eabi/4.9.3/../../../../arm-none-eabi/lib/armv7-m\libg.a(lib_a-freer.o)
 .bss           0x00000000        0x0 c:/program files/gnu tools arm embedded/4.9 2015q1/bin/../lib/gcc/arm-none-eabi/4.9.3/../../../../arm-none-eabi/lib/armv7-m\libg.a(lib_a-freer.o)
 .text          0x00000000        0x0 c:/program files/gnu tools arm embedded/4.9 2015q1/bin/../lib/gcc/arm-none-eabi/4.9.3/../../../../arm-none-eabi/lib/armv7-m\libg.a(lib_a-reent.o)
 .data          0x00000000        0x0 c:/program files/gnu tools arm embedded/4.9 2015q1/bin/../lib/gcc/arm-none-eabi/4.9.3/../../../../arm-none-eabi/lib/armv7-m\libg.a(lib_a-reent.o)
 .bss           0x00000000        0x0 c:/program files/gnu tools arm embedded/4.9 2015q1/bin/../lib/gcc/arm-none-eabi/4.9.3/../../../../arm-none-eabi/lib/armv7-m\libg.a(lib_a-reent.o)
 .text.cleanup_glue
                0x00000000       0x1c c:/program files/gnu tools arm embedded/4.9 2015q1/bin/../lib/gcc/arm-none-eabi/4.9.3/../../../../arm-none-eabi/lib/armv7-m\libg.a(lib_a-reent.o)
 .text._reclaim_reent
                0x00000000       0x88 c:/program files/gnu tools arm embedded/4.9 2015q1/bin/../lib/gcc/arm-none-eabi/4.9.3/../../../../arm-none-eabi/lib/armv7-m\libg.a(lib_a-reent.o)
 .text          0x00000000        0x0 c:/program files/gnu tools arm embedded/4.9 2015q1/bin/../lib/gcc/arm-none-eabi/4.9.3/armv7-m/crtend.o
 .data          0x00000000        0x0 c:/program files/gnu tools arm embedded/4.9 2015q1/bin/../lib/gcc/arm-none-eabi/4.9.3/armv7-m/crtend.o
 .bss           0x00000000        0x0 c:/program files/gnu tools arm embedded/4.9 2015q1/bin/../lib/gcc/arm-none-eabi/4.9.3/armv7-m/crtend.o
 .eh_frame      0x00000000        0x4 c:/program files/gnu tools arm embedded/4.9 2015q1/bin/../lib/gcc/arm-none-eabi/4.9.3/armv7-m/crtend.o
 .jcr           0x00000000        0x4 c:/program files/gnu tools arm embedded/4.9 2015q1/bin/../lib/gcc/arm-none-eabi/4.9.3/armv7-m/crtend.o
 .ARM.attributes
                0x00000000       0x2d c:/program files/gnu tools arm embedded/4.9 2015q1/bin/../lib/gcc/arm-none-eabi/4.9.3/armv7-m/crtend.o
 .text          0x00000000        0x0 c:/program files/gnu tools arm embedded/4.9 2015q1/bin/../lib/gcc/arm-none-eabi/4.9.3/armv7-m/crtn.o
 .data          0x00000000        0x0 c:/program files/gnu tools arm embedded/4.9 2015q1/bin/../lib/gcc/arm-none-eabi/4.9.3/armv7-m/crtn.o
 .bss           0x00000000        0x0 c:/program files/gnu tools arm embedded/4.9 2015q1/bin/../lib/gcc/arm-none-eabi/4.9.3/armv7-m/crtn.o

Memory Configuration

Name             Origin             Length             Attributes
FLASH            0x08000000         0x00010000         xr
RAM              0x20000000         0x00005000         xrw
*default*        0x00000000         0xffffffff

Linker script and memory map

LOAD c:/program files/gnu tools arm embedded/4.9 2015q1/bin/../lib/gcc/arm-none-eabi/4.9.3/armv7-m/crti.o
LOAD c:/program files/gnu tools arm embedded/4.9 2015q1/bin/../lib/gcc/arm-none-eabi/4.9.3/armv7-m/crtbegin.o
LOAD c:/program files/gnu tools arm embedded/4.9 2015q1/bin/../lib/gcc/arm-none-eabi/4.9.3/../../../../arm-none-eabi/lib/armv7-m/crt0.o
                0x20004fff                _estack = 0x20004fff
                0x00000200                _Min_Heap_Size = 0x200
                0x00000400                _Min_Stack_Size = 0x400

.isr_vector     0x08000000      0x10c
                0x08000000                . = ALIGN (0x4)
 *(.isr_vector)
 .isr_vector    0x08000000      0x10c ..\obj\startup_stm32f103xb.o
                0x08000000                g_pfnVectors
                0x0800010c                . = ALIGN (0x4)

.text           0x0800010c     0x57c0
                0x0800010c                . = ALIGN (0x4)
 *(.text)
 .text          0x0800010c       0x5c c:/program files/gnu tools arm embedded/4.9 2015q1/bin/../lib/gcc/arm-none-eabi/4.9.3/armv7-m/crtbegin.o
 .text          0x08000168      0x404 ..\obj\stm32f10x_dma.o
                0x08000168                DMA_DeInit
                0x080002e0                DMA_Init
                0x0800035c                DMA_StructInit
                0x080003b0                DMA_Cmd
                0x080003e8                DMA_ITConfig
                0x08000424                DMA_SetCurrDataCounter
                0x08000440                DMA_GetCurrDataCounter
                0x0800045c                DMA_GetFlagStatus
                0x080004b0                DMA_ClearFlag
                0x080004e4                DMA_GetITStatus
                0x08000538                DMA_ClearITPendingBit
 .text          0x0800056c       0x20 ..\obj\DMA.o
                0x0800056c                dmaQueue
 .text          0x0800058c       0x34 ..\obj\GPIO_setting.o
                0x0800058c                GPIO_conf
 .text          0x080005c0       0xb4 ..\obj\Timer_setting.o
                0x080005c0                Timer_conf
                0x080005fc                enableTimer
                0x0800063c                updatePeriod
                0x08000658                getTime
 .text          0x08000674      0x278 ..\obj\syscalls.o
                0x08000674                initialise_monitor_handles
                0x08000680                _getpid
                0x08000690                _kill
                0x080006b0                _exit
                0x080006c4                _read
                0x08000700                _write
                0x08000738                _sbrk
                0x08000790                _close
                0x080007a8                _fstat
                0x080007c8                _isatty
                0x080007e0                _lseek
                0x080007fc                _open
                0x08000818                _wait
                0x08000838                _unlink
                0x08000858                _times
                0x08000870                _stat
                0x08000890                _link
                0x080008b0                _fork
                0x080008c8                _execve
 .text          0x080008ec      0x250 ..\obj\system_stm32f10x.o
                0x080008ec                SystemInit
                0x08000954                SystemCoreClockUpdate
 .text          0x08000b3c      0x468 ..\obj\RelativeTimeLinkList.o
                0x08000b3c                timerQueue
                0x08000c8c                updateCurTime
                0x08000ca8                _updateBaseTime
                0x08000cc4                searchTheNodeActionTimeNearbyPeriodFromBase
                0x08000d24                getWholeActionTime
                0x08000d60                updateActionTime
                0x08000d7c                insertTimeElementIntoLeft
                0x08000dac                insertTimeElementIntoRight
                0x08000ddc                dequeue
                0x08000dfc                updateHead
                0x08000e54                timerListAdd
 .text          0x08000fa4       0xa0 ..\obj\DMA_setting.o
                0x08000fa4                DMA_conf
                0x08000ff4                setDataNumber
                0x08001010                getDataNumber
                0x08001028                setMemoryAddress
 .text          0x08001044      0x1d8 ..\obj\Timer.o
                0x08001044                timerDelay
                0x080010f0                timerSetExpiry
                0x0800110c                TIM2_IRQHandler
                0x080011d4                getTick
                0x080011fc                getTickInterval
 .text          0x0800121c     0x1e10 ..\obj\stm32f10x_tim.o
                0x0800121c                TIM_DeInit
                0x08001448                TIM_TimeBaseInit
                0x08001540                TIM_OC1Init
                0x08001658                TIM_OC2Init
                0x08001768                TIM_OC3Init
                0x08001874                TIM_OC4Init
                0x08001944                TIM_ICInit
                0x080019ec                TIM_PWMIConfig
                0x08001aa4                TIM_BDTRConfig
                0x08001af4                TIM_TimeBaseStructInit
                0x08001b28                TIM_OCStructInit
                0x08001b6c                TIM_ICStructInit
                0x08001b9c                TIM_BDTRStructInit
                0x08001bd8                TIM_Cmd
                0x08001c18                TIM_CtrlPWMOutputs
                0x08001c64                TIM_ITConfig
                0x08001cac                TIM_GenerateEvent
                0x08001cc8                TIM_DMAConfig
                0x08001cf0                TIM_DMACmd
                0x08001d38                TIM_InternalClockConfig
                0x08001d5c                TIM_ITRxExternalClockConfig
                0x08001d88                TIM_TIxExternalClockConfig
                0x08001de8                TIM_ETRClockMode1Config
                0x08001e44                TIM_ETRClockMode2Config
                0x08001e80                TIM_ETRConfig
                0x08001ed4                TIM_PrescalerConfig
                0x08001efc                TIM_CounterModeConfig
                0x08001f34                TIM_SelectInputTrigger
                0x08001f6c                TIM_EncoderInterfaceConfig
                0x08002004                TIM_ForcedOC1Config
                0x0800203c                TIM_ForcedOC2Config
                0x08002078                TIM_ForcedOC3Config
                0x080020b0                TIM_ForcedOC4Config
                0x080020ec                TIM_ARRPreloadConfig
                0x0800212c                TIM_SelectCOM
                0x0800216c                TIM_SelectCCDMA
                0x080021ac                TIM_CCPreloadControl
                0x080021ec                TIM_OC1PreloadConfig
                0x08002224                TIM_OC2PreloadConfig
                0x08002260                TIM_OC3PreloadConfig
                0x08002298                TIM_OC4PreloadConfig
                0x080022d4                TIM_OC1FastConfig
                0x0800230c                TIM_OC2FastConfig
                0x08002348                TIM_OC3FastConfig
                0x08002380                TIM_OC4FastConfig
                0x080023bc                TIM_ClearOC1Ref
                0x080023f4                TIM_ClearOC2Ref
                0x08002430                TIM_ClearOC3Ref
                0x08002468                TIM_ClearOC4Ref
                0x080024a4                TIM_OC1PolarityConfig
                0x080024dc                TIM_OC1NPolarityConfig
                0x08002514                TIM_OC2PolarityConfig
                0x08002550                TIM_OC2NPolarityConfig
                0x0800258c                TIM_OC3PolarityConfig
                0x080025c8                TIM_OC3NPolarityConfig
                0x08002604                TIM_OC4PolarityConfig
                0x08002640                TIM_CCxCmd
                0x08002694                TIM_CCxNCmd
                0x080026e8                TIM_SelectOCxM
                0x08002794                TIM_UpdateDisableConfig
                0x080027d4                TIM_UpdateRequestConfig
                0x08002814                TIM_SelectHallSensor
                0x08002854                TIM_SelectOnePulseMode
                0x0800288c                TIM_SelectOutputTrigger
                0x080028c4                TIM_SelectSlaveMode
                0x080028fc                TIM_SelectMasterSlaveMode
                0x08002934                TIM_SetCounter
                0x08002950                TIM_SetAutoreload
                0x0800296c                TIM_SetCompare1
                0x08002988                TIM_SetCompare2
                0x080029a4                TIM_SetCompare3
                0x080029c0                TIM_SetCompare4
                0x080029e0                TIM_SetIC1Prescaler
                0x08002a18                TIM_SetIC2Prescaler
                0x08002a54                TIM_SetIC3Prescaler
                0x08002a8c                TIM_SetIC4Prescaler
                0x08002ac8                TIM_SetClockDivision
                0x08002b00                TIM_GetCapture1
                0x08002b1c                TIM_GetCapture2
                0x08002b38                TIM_GetCapture3
                0x08002b54                TIM_GetCapture4
                0x08002b70                TIM_GetCounter
                0x08002b8c                TIM_GetPrescaler
                0x08002ba8                TIM_GetFlagStatus
                0x08002be0                TIM_ClearFlag
                0x08002c00                TIM_GetITStatus
                0x08002c54                TIM_ClearITPendingBit
 .text          0x0800302c      0x5f8 ..\obj\stm32f10x_gpio.o
                0x0800302c                GPIO_DeInit
                0x08003110                GPIO_AFIODeInit
                0x08003128                GPIO_Init
                0x080032a8                GPIO_StructInit
                0x080032d0                GPIO_ReadInputDataBit
                0x08003304                GPIO_ReadInputData
                0x08003320                GPIO_ReadOutputDataBit
                0x08003354                GPIO_ReadOutputData
                0x08003370                GPIO_SetBits
                0x0800338c                GPIO_ResetBits
                0x080033a8                GPIO_WriteBit
                0x080033d8                GPIO_Write
                0x080033f4                GPIO_PinLockConfig
                0x08003438                GPIO_EventOutputConfig
                0x08003484                GPIO_EventOutputCmd
                0x080034a4                GPIO_PinRemapConfig
                0x08003584                GPIO_EXTILineConfig
                0x08003608                GPIO_ETH_MediaInterfaceConfig
 .text          0x08003624       0xd0 ..\obj\SPI_setting.o
                0x08003624                enableSPI
                0x08003664                SPI_conf
 .text          0x080036f4      0x7dc ..\obj\stm32f10x_rcc.o
                0x080036f4                RCC_DeInit
                0x08003750                RCC_HSEConfig
                0x080037ac                RCC_WaitForHSEStartUp
                0x080037fc                RCC_AdjustHSICalibrationValue
                0x08003838                RCC_HSICmd
                0x08003858                RCC_PLLConfig
                0x08003894                RCC_PLLCmd
                0x080038b4                RCC_SYSCLKConfig
                0x080038ec                RCC_GetSYSCLKSource
                0x0800390c                RCC_HCLKConfig
                0x08003944                RCC_PCLK1Config
                0x0800397c                RCC_PCLK2Config
                0x080039b4                RCC_ITConfig
                0x08003a00                RCC_USBCLKConfig
                0x08003a1c                RCC_ADCCLKConfig
                0x08003a54                RCC_LSEConfig
                0x08003a94                RCC_LSICmd
                0x08003ab4                RCC_RTCCLKConfig
                0x08003ad8                RCC_RTCCLKCmd
                0x08003af8                RCC_GetClocksFreq
                0x08003c5c                RCC_AHBPeriphClockCmd
                0x08003c98                RCC_APB2PeriphClockCmd
                0x08003cd4                RCC_APB1PeriphClockCmd
                0x08003d10                RCC_APB2PeriphResetCmd
                0x08003d4c                RCC_APB1PeriphResetCmd
                0x08003d88                RCC_BackupResetCmd
                0x08003da8                RCC_ClockSecuritySystemCmd
                0x08003dc8                RCC_MCOConfig
                0x08003de8                RCC_GetFlagStatus
                0x08003e5c                RCC_ClearFlag
                0x08003e78                RCC_GetITStatus
                0x08003eb0                RCC_ClearITPendingBit
 .text          0x08003ed0      0x168 ..\obj\Linklist.o
                0x08003ed0                createLinkedList
                0x08003f08                createLinkedElement
                0x08003f38                addList
                0x08003fa4                elementDelete
                0x08003fd8                linkedListRemove
 .text          0x08004038      0x50c ..\obj\Motor.o
                0x08004038                getInterval
                0x0800407c                motorController
                0x080040e4                motorStep
                0x08004138                getMotorSetUp
                0x08004174                setUpCommand
                0x080041a8                motorSet
                0x080041e8                DMA1_Channel3_IRQHandler
                0x080042a0                updateMotorDriveBuffer
                0x080042ec                extractMotorConfigInfo
                0x08004308                getCommand
                0x08004340                motorInit
                0x080043c4                motorConfigInit
                0x08004414                setArgs
                0x0800442c                setCallBack
                0x08004448                setPeriod
                0x08004464                stdMtr_drive_conf
                0x08004498                sendConfToShiftReg
                0x080044c4                triggerOutputData
                0x080044e0                getMotorSetting
                0x08004510                resetMotorDrive
 .text          0x08004544      0x6f4 ..\obj\stm32f10x_spi.o
                0x08004544                SPI_I2S_DeInit
                0x080045b8                SPI_Init
                0x08004640                I2S_Init
                0x080047a4                SPI_StructInit
                0x080047ec                I2S_StructInit
                0x08004824                SPI_Cmd
                0x08004864                I2S_Cmd
                0x080048a4                SPI_I2S_ITConfig
                0x08004904                SPI_I2S_DMACmd
                0x0800494c                SPI_I2S_SendData
                0x08004968                SPI_I2S_ReceiveData
                0x08004984                SPI_NSSInternalSoftwareConfig
                0x080049c8                SPI_SSOutputCmd
                0x08004a08                SPI_DataSizeConfig
                0x08004a40                SPI_TransmitCRC
                0x08004a64                SPI_CalculateCRC
                0x08004aa4                SPI_GetCRC
                0x08004ad8                SPI_GetCRCPolynomial
                0x08004af4                SPI_BiDirectionalLineConfig
                0x08004b34                SPI_I2S_GetFlagStatus
                0x08004b6c                SPI_I2S_ClearFlag
                0x08004b8c                SPI_I2S_GetITStatus
                0x08004c04                SPI_I2S_ClearITPendingBit
 .text          0x08004c38      0x350 ..\obj\main.o
                0x08004d0c                main
                0x08004db8                SPI1_DMA1_init
                0x08004e28                TIM_init
                0x08004ea0                SPI_init
                0x08004f2c                initializeTxBuffer
                0x08004f5c                delay
 *(.text*)
 .text.__libc_init_array
                0x08004f88       0x50 c:/program files/gnu tools arm embedded/4.9 2015q1/bin/../lib/gcc/arm-none-eabi/4.9.3/../../../../arm-none-eabi/lib/armv7-m\libc.a(lib_a-init.o)
                0x08004f88                __libc_init_array
 .text.startup.register_fini
                0x08004fd8       0x14 c:/program files/gnu tools arm embedded/4.9 2015q1/bin/../lib/gcc/arm-none-eabi/4.9.3/../../../../arm-none-eabi/lib/armv7-m\libc.a(lib_a-__call_atexit.o)
 .text.atexit   0x08004fec        0xc c:/program files/gnu tools arm embedded/4.9 2015q1/bin/../lib/gcc/arm-none-eabi/4.9.3/../../../../arm-none-eabi/lib/armv7-m\libc.a(lib_a-atexit.o)
                0x08004fec                atexit
 .text.__libc_fini_array
                0x08004ff8       0x2c c:/program files/gnu tools arm embedded/4.9 2015q1/bin/../lib/gcc/arm-none-eabi/4.9.3/../../../../arm-none-eabi/lib/armv7-m\libc.a(lib_a-fini.o)
                0x08004ff8                __libc_fini_array
 .text.__register_exitproc
                0x08005024       0xa4 c:/program files/gnu tools arm embedded/4.9 2015q1/bin/../lib/gcc/arm-none-eabi/4.9.3/../../../../arm-none-eabi/lib/armv7-m\libc.a(lib_a-__atexit.o)
                0x08005024                __register_exitproc
 .text.Reset_Handler
                0x080050c8       0x48 ..\obj\startup_stm32f103xb.o
                0x080050c8                Reset_Handler
 .text.Default_Handler
                0x08005110        0x2 ..\obj\startup_stm32f103xb.o
                0x08005110                RTC_Alarm_IRQHandler
                0x08005110                EXTI2_IRQHandler
                0x08005110                DebugMon_Handler
                0x08005110                TIM1_CC_IRQHandler
                0x08005110                HardFault_Handler
                0x08005110                SysTick_Handler
                0x08005110                PVD_IRQHandler
                0x08005110                PendSV_Handler
                0x08005110                NMI_Handler
                0x08005110                EXTI3_IRQHandler
                0x08005110                EXTI0_IRQHandler
                0x08005110                I2C2_EV_IRQHandler
                0x08005110                UsageFault_Handler
                0x08005110                ADC1_2_IRQHandler
                0x08005110                SPI1_IRQHandler
                0x08005110                TAMPER_IRQHandler
                0x08005110                DMA1_Channel4_IRQHandler
                0x08005110                USART3_IRQHandler
                0x08005110                RTC_IRQHandler
                0x08005110                DMA1_Channel7_IRQHandler
                0x08005110                CAN1_RX1_IRQHandler
                0x08005110                TIM4_IRQHandler
                0x08005110                I2C1_EV_IRQHandler
                0x08005110                DMA1_Channel6_IRQHandler
                0x08005110                TIM3_IRQHandler
                0x08005110                RCC_IRQHandler
                0x08005110                TIM1_TRG_COM_IRQHandler
                0x08005110                DMA1_Channel1_IRQHandler
                0x08005110                Default_Handler
                0x08005110                EXTI15_10_IRQHandler
                0x08005110                EXTI9_5_IRQHandler
                0x08005110                SPI2_IRQHandler
                0x08005110                MemManage_Handler
                0x08005110                SVC_Handler
                0x08005110                DMA1_Channel5_IRQHandler
                0x08005110                EXTI4_IRQHandler
                0x08005110                USB_LP_CAN1_RX0_IRQHandler
                0x08005110                USB_HP_CAN1_TX_IRQHandler
                0x08005110                TIM1_UP_IRQHandler
                0x08005110                WWDG_IRQHandler
                0x08005110                TIM1_BRK_IRQHandler
                0x08005110                EXTI1_IRQHandler
                0x08005110                USART2_IRQHandler
                0x08005110                I2C2_ER_IRQHandler
                0x08005110                DMA1_Channel2_IRQHandler
                0x08005110                CAN1_SCE_IRQHandler
                0x08005110                FLASH_IRQHandler
                0x08005110                BusFault_Handler
                0x08005110                USART1_IRQHandler
                0x08005110                I2C1_ER_IRQHandler
                0x08005110                USBWakeUp_IRQHandler
 *fill*         0x08005112        0x2 
 .text.__errno  0x08005114        0xc c:/program files/gnu tools arm embedded/4.9 2015q1/bin/../lib/gcc/arm-none-eabi/4.9.3/../../../../arm-none-eabi/lib/armv7-m\libg.a(lib_a-errno.o)
                0x08005114                __errno
 .text.malloc   0x08005120       0x10 c:/program files/gnu tools arm embedded/4.9 2015q1/bin/../lib/gcc/arm-none-eabi/4.9.3/../../../../arm-none-eabi/lib/armv7-m\libg.a(lib_a-malloc.o)
                0x08005120                malloc
 .text._malloc_r
                0x08005130      0x50c c:/program files/gnu tools arm embedded/4.9 2015q1/bin/../lib/gcc/arm-none-eabi/4.9.3/../../../../arm-none-eabi/lib/armv7-m\libg.a(lib_a-mallocr.o)
                0x08005130                _malloc_r
 .text.__malloc_lock
                0x0800563c        0x4 c:/program files/gnu tools arm embedded/4.9 2015q1/bin/../lib/gcc/arm-none-eabi/4.9.3/../../../../arm-none-eabi/lib/armv7-m\libg.a(lib_a-mlock.o)
                0x0800563c                __malloc_lock
 .text.__malloc_unlock
                0x08005640        0x4 c:/program files/gnu tools arm embedded/4.9 2015q1/bin/../lib/gcc/arm-none-eabi/4.9.3/../../../../arm-none-eabi/lib/armv7-m\libg.a(lib_a-mlock.o)
                0x08005640                __malloc_unlock
 .text._sbrk_r  0x08005644       0x24 c:/program files/gnu tools arm embedded/4.9 2015q1/bin/../lib/gcc/arm-none-eabi/4.9.3/../../../../arm-none-eabi/lib/armv7-m\libg.a(lib_a-sbrkr.o)
                0x08005644                _sbrk_r
 .text._malloc_trim_r
                0x08005668       0x9c c:/program files/gnu tools arm embedded/4.9 2015q1/bin/../lib/gcc/arm-none-eabi/4.9.3/../../../../arm-none-eabi/lib/armv7-m\libg.a(lib_a-freer.o)
                0x08005668                _malloc_trim_r
 .text._free_r  0x08005704      0x1b0 c:/program files/gnu tools arm embedded/4.9 2015q1/bin/../lib/gcc/arm-none-eabi/4.9.3/../../../../arm-none-eabi/lib/armv7-m\libg.a(lib_a-freer.o)
                0x08005704                _free_r
 *(.glue_7)
 .glue_7        0x00000000        0x0 linker stubs
 *(.glue_7t)
 .glue_7t       0x00000000        0x0 linker stubs
 *(.eh_frame)
 .eh_frame      0x080058b4        0x0 c:/program files/gnu tools arm embedded/4.9 2015q1/bin/../lib/gcc/arm-none-eabi/4.9.3/armv7-m/crtbegin.o
 *(.init)
 .init          0x080058b4        0x4 c:/program files/gnu tools arm embedded/4.9 2015q1/bin/../lib/gcc/arm-none-eabi/4.9.3/armv7-m/crti.o
                0x080058b4                _init
 .init          0x080058b8        0x8 c:/program files/gnu tools arm embedded/4.9 2015q1/bin/../lib/gcc/arm-none-eabi/4.9.3/armv7-m/crtn.o
 *(.fini)
 .fini          0x080058c0        0x4 c:/program files/gnu tools arm embedded/4.9 2015q1/bin/../lib/gcc/arm-none-eabi/4.9.3/armv7-m/crti.o
                0x080058c0                _fini
 .fini          0x080058c4        0x8 c:/program files/gnu tools arm embedded/4.9 2015q1/bin/../lib/gcc/arm-none-eabi/4.9.3/armv7-m/crtn.o
                0x080058cc                . = ALIGN (0x4)
                0x080058cc                _etext = .

.vfp11_veneer   0x080058cc        0x0
 .vfp11_veneer  0x00000000        0x0 linker stubs

.v4_bx          0x080058cc        0x0
 .v4_bx         0x00000000        0x0 linker stubs

.iplt           0x080058cc        0x0
 .iplt          0x00000000        0x0 c:/program files/gnu tools arm embedded/4.9 2015q1/bin/../lib/gcc/arm-none-eabi/4.9.3/armv7-m/crtbegin.o

.rodata         0x080058cc        0x8
                0x080058cc                . = ALIGN (0x4)
 *(.rodata)
 *(.rodata*)
 .rodata.str1.4
                0x080058cc        0x4 c:/program files/gnu tools arm embedded/4.9 2015q1/bin/../lib/gcc/arm-none-eabi/4.9.3/../../../../arm-none-eabi/lib/armv7-m\libc.a(lib_a-impure.o)
 .rodata._global_impure_ptr
                0x080058d0        0x4 c:/program files/gnu tools arm embedded/4.9 2015q1/bin/../lib/gcc/arm-none-eabi/4.9.3/../../../../arm-none-eabi/lib/armv7-m\libc.a(lib_a-impure.o)
                0x080058d0                _global_impure_ptr
                0x080058d4                . = ALIGN (0x4)

.rel.dyn        0x080058d4        0x0
 .rel.iplt      0x00000000        0x0 c:/program files/gnu tools arm embedded/4.9 2015q1/bin/../lib/gcc/arm-none-eabi/4.9.3/armv7-m/crtbegin.o

.ARM.extab
 *(.ARM.extab* .gnu.linkonce.armextab.*)

.ARM            0x080058d4        0x0
                0x080058d4                __exidx_start = .
 *(.ARM.exidx*)
                0x080058d4                __exidx_end = .

.preinit_array  0x080058d4        0x0
                0x080058d4                PROVIDE (__preinit_array_start, .)
 *(.preinit_array*)
                0x080058d4                PROVIDE (__preinit_array_end, .)

.init_array     0x080058d4        0x8
                0x080058d4                PROVIDE (__init_array_start, .)
 *(SORT(.init_array.*))
 .init_array.00000
                0x080058d4        0x4 c:/program files/gnu tools arm embedded/4.9 2015q1/bin/../lib/gcc/arm-none-eabi/4.9.3/../../../../arm-none-eabi/lib/armv7-m\libc.a(lib_a-__call_atexit.o)
 *(.init_array*)
 .init_array    0x080058d8        0x4 c:/program files/gnu tools arm embedded/4.9 2015q1/bin/../lib/gcc/arm-none-eabi/4.9.3/armv7-m/crtbegin.o
                0x080058dc                PROVIDE (__init_array_end, .)

.fini_array     0x080058dc        0x4
                0x080058dc                PROVIDE (__fini_array_start, .)
 *(SORT(.fini_array.*))
 *(.fini_array*)
 .fini_array    0x080058dc        0x4 c:/program files/gnu tools arm embedded/4.9 2015q1/bin/../lib/gcc/arm-none-eabi/4.9.3/armv7-m/crtbegin.o
                0x080058e0                PROVIDE (__fini_array_end, .)
                0x080058e0                _sidata = LOADADDR (.data)

.data           0x20000000      0x864 load address 0x080058e0
                0x20000000                . = ALIGN (0x4)
                0x20000000                _sdata = .
 *(.data)
 .data          0x20000000       0x14 ..\obj\system_stm32f10x.o
                0x20000000                SystemCoreClock
                0x20000004                AHBPrescTable
 .data          0x20000014       0x14 ..\obj\stm32f10x_rcc.o
 *(.data*)
 .data.impure_data
                0x20000028      0x428 c:/program files/gnu tools arm embedded/4.9 2015q1/bin/../lib/gcc/arm-none-eabi/4.9.3/../../../../arm-none-eabi/lib/armv7-m\libc.a(lib_a-impure.o)
 .data._impure_ptr
                0x20000450        0x4 c:/program files/gnu tools arm embedded/4.9 2015q1/bin/../lib/gcc/arm-none-eabi/4.9.3/../../../../arm-none-eabi/lib/armv7-m\libc.a(lib_a-impure.o)
                0x20000450                _impure_ptr
 .data.__malloc_av_
                0x20000454      0x408 c:/program files/gnu tools arm embedded/4.9 2015q1/bin/../lib/gcc/arm-none-eabi/4.9.3/../../../../arm-none-eabi/lib/armv7-m\libg.a(lib_a-mallocr.o)
                0x20000454                __malloc_av_
 .data.__malloc_trim_threshold
                0x2000085c        0x4 c:/program files/gnu tools arm embedded/4.9 2015q1/bin/../lib/gcc/arm-none-eabi/4.9.3/../../../../arm-none-eabi/lib/armv7-m\libg.a(lib_a-mallocr.o)
                0x2000085c                __malloc_trim_threshold
 .data.__malloc_sbrk_base
                0x20000860        0x4 c:/program files/gnu tools arm embedded/4.9 2015q1/bin/../lib/gcc/arm-none-eabi/4.9.3/../../../../arm-none-eabi/lib/armv7-m\libg.a(lib_a-mallocr.o)
                0x20000860                __malloc_sbrk_base
                0x20000864                . = ALIGN (0x4)
                0x20000864                _edata = .

.jcr            0x20000864        0x0 load address 0x08006144
 .jcr           0x20000864        0x0 c:/program files/gnu tools arm embedded/4.9 2015q1/bin/../lib/gcc/arm-none-eabi/4.9.3/armv7-m/crtbegin.o

.igot.plt       0x20000864        0x0 load address 0x08006144
 .igot.plt      0x00000000        0x0 c:/program files/gnu tools arm embedded/4.9 2015q1/bin/../lib/gcc/arm-none-eabi/4.9.3/armv7-m/crtbegin.o
                0x20000864                . = ALIGN (0x4)

.bss            0x20000868       0x88 load address 0x08006144
                0x20000868                _sbss = .
                0x20000868                __bss_start__ = _sbss
 *(.bss)
 .bss           0x20000868       0x1c c:/program files/gnu tools arm embedded/4.9 2015q1/bin/../lib/gcc/arm-none-eabi/4.9.3/armv7-m/crtbegin.o
 .bss           0x20000884        0x8 ..\obj\syscalls.o
                0x20000884                __env
 .bss           0x2000088c        0x6 ..\obj\main.o
                0x2000088c                timeRecord2
                0x2000088e                timeRecord1
                0x20000890                timeRecord3
 *(.bss*)
 *fill*         0x20000892        0x2 
 .bss.__malloc_max_total_mem
                0x20000894        0x4 c:/program files/gnu tools arm embedded/4.9 2015q1/bin/../lib/gcc/arm-none-eabi/4.9.3/../../../../arm-none-eabi/lib/armv7-m\libg.a(lib_a-mallocr.o)
                0x20000894                __malloc_max_total_mem
 .bss.__malloc_max_sbrked_mem
                0x20000898        0x4 c:/program files/gnu tools arm embedded/4.9 2015q1/bin/../lib/gcc/arm-none-eabi/4.9.3/../../../../arm-none-eabi/lib/armv7-m\libg.a(lib_a-mallocr.o)
                0x20000898                __malloc_max_sbrked_mem
 .bss.__malloc_top_pad
                0x2000089c        0x4 c:/program files/gnu tools arm embedded/4.9 2015q1/bin/../lib/gcc/arm-none-eabi/4.9.3/../../../../arm-none-eabi/lib/armv7-m\libg.a(lib_a-mallocr.o)
                0x2000089c                __malloc_top_pad
 .bss.__malloc_current_mallinfo
                0x200008a0       0x28 c:/program files/gnu tools arm embedded/4.9 2015q1/bin/../lib/gcc/arm-none-eabi/4.9.3/../../../../arm-none-eabi/lib/armv7-m\libg.a(lib_a-mallocr.o)
                0x200008a0                __malloc_current_mallinfo
 *(COMMON)
 COMMON         0x200008c8        0x4 ..\obj\DMA.o
                0x200008c8                motorRoot
 COMMON         0x200008cc        0x4 ..\obj\RelativeTimeLinkList.o
                0x200008cc                root
 COMMON         0x200008d0        0x8 ..\obj\Timer.o
                0x200008d0                tickRecord1
                0x200008d4                tickRecord2
 COMMON         0x200008d8       0x12 ..\obj\main.o
                0x200008d8                freeRunningCounter
                0x200008e0                txBuffer
                0x200008e4                motorDriveBuffer
                0x200008e8                timeInterval
 *fill*         0x200008ea        0x2 
 COMMON         0x200008ec        0x4 c:/program files/gnu tools arm embedded/4.9 2015q1/bin/../lib/gcc/arm-none-eabi/4.9.3/../../../../arm-none-eabi/lib/armv7-m\libg.a(lib_a-reent.o)
                0x200008ec                errno
                0x200008f0                . = ALIGN (0x4)
                0x200008f0                _ebss = .
                0x200008f0                __bss_end__ = _ebss

._user_heap_stack
                0x200008f0      0x600 load address 0x08006144
                0x200008f0                . = ALIGN (0x4)
                0x200008f0                PROVIDE (end, .)
                0x200008f0                PROVIDE (_end, .)
                0x20000af0                . = (. + _Min_Heap_Size)
 *fill*         0x200008f0      0x200 
                0x20000ef0                . = (. + _Min_Stack_Size)
 *fill*         0x20000af0      0x400 
                0x20000ef0                . = ALIGN (0x4)

/DISCARD/
 libc.a(*)
 libm.a(*)
 libgcc.a(*)

.ARM.attributes
                0x00000000       0x29
 *(.ARM.attributes)
 .ARM.attributes
                0x00000000       0x1d c:/program files/gnu tools arm embedded/4.9 2015q1/bin/../lib/gcc/arm-none-eabi/4.9.3/armv7-m/crti.o
 .ARM.attributes
                0x0000001d       0x2d c:/program files/gnu tools arm embedded/4.9 2015q1/bin/../lib/gcc/arm-none-eabi/4.9.3/armv7-m/crtbegin.o
 .ARM.attributes
                0x0000004a       0x33 ..\obj\stm32f10x_dma.o
 .ARM.attributes
                0x0000007d       0x33 ..\obj\DMA.o
 .ARM.attributes
                0x000000b0       0x33 ..\obj\GPIO_setting.o
 .ARM.attributes
                0x000000e3       0x33 ..\obj\Timer_setting.o
 .ARM.attributes
                0x00000116       0x33 ..\obj\syscalls.o
 .ARM.attributes
                0x00000149       0x33 ..\obj\system_stm32f10x.o
 .ARM.attributes
                0x0000017c       0x33 ..\obj\RelativeTimeLinkList.o
 .ARM.attributes
                0x000001af       0x33 ..\obj\DMA_setting.o
 .ARM.attributes
                0x000001e2       0x33 ..\obj\Timer.o
 .ARM.attributes
                0x00000215       0x21 ..\obj\startup_stm32f103xb.o
 .ARM.attributes
                0x00000236       0x33 ..\obj\stm32f10x_tim.o
 .ARM.attributes
                0x00000269       0x33 ..\obj\stm32f10x_gpio.o
 .ARM.attributes
                0x0000029c       0x33 ..\obj\SPI_setting.o
 .ARM.attributes
                0x000002cf       0x33 ..\obj\stm32f10x_rcc.o
 .ARM.attributes
                0x00000302       0x33 ..\obj\Linklist.o
 .ARM.attributes
                0x00000335       0x33 ..\obj\Motor.o
 .ARM.attributes
                0x00000368       0x33 ..\obj\stm32f10x_spi.o
 .ARM.attributes
                0x0000039b       0x33 ..\obj\main.o
 .ARM.attributes
                0x000003ce       0x2d c:/program files/gnu tools arm embedded/4.9 2015q1/bin/../lib/gcc/arm-none-eabi/4.9.3/../../../../arm-none-eabi/lib/armv7-m\libg.a(lib_a-errno.o)
 .ARM.attributes
                0x000003fb       0x2d c:/program files/gnu tools arm embedded/4.9 2015q1/bin/../lib/gcc/arm-none-eabi/4.9.3/../../../../arm-none-eabi/lib/armv7-m\libg.a(lib_a-malloc.o)
 .ARM.attributes
                0x00000428       0x2d c:/program files/gnu tools arm embedded/4.9 2015q1/bin/../lib/gcc/arm-none-eabi/4.9.3/../../../../arm-none-eabi/lib/armv7-m\libg.a(lib_a-mallocr.o)
 .ARM.attributes
                0x00000455       0x2d c:/program files/gnu tools arm embedded/4.9 2015q1/bin/../lib/gcc/arm-none-eabi/4.9.3/../../../../arm-none-eabi/lib/armv7-m\libg.a(lib_a-mlock.o)
 .ARM.attributes
                0x00000482       0x2d c:/program files/gnu tools arm embedded/4.9 2015q1/bin/../lib/gcc/arm-none-eabi/4.9.3/../../../../arm-none-eabi/lib/armv7-m\libg.a(lib_a-sbrkr.o)
 .ARM.attributes
                0x000004af       0x2d c:/program files/gnu tools arm embedded/4.9 2015q1/bin/../lib/gcc/arm-none-eabi/4.9.3/../../../../arm-none-eabi/lib/armv7-m\libg.a(lib_a-freer.o)
 .ARM.attributes
                0x000004dc       0x2d c:/program files/gnu tools arm embedded/4.9 2015q1/bin/../lib/gcc/arm-none-eabi/4.9.3/../../../../arm-none-eabi/lib/armv7-m\libg.a(lib_a-reent.o)
 .ARM.attributes
                0x00000509       0x1d c:/program files/gnu tools arm embedded/4.9 2015q1/bin/../lib/gcc/arm-none-eabi/4.9.3/armv7-m/crtn.o
LOAD ..\obj\stm32f10x_dma.o
LOAD ..\obj\DMA.o
LOAD ..\obj\GPIO_setting.o
LOAD ..\obj\Timer_setting.o
LOAD ..\obj\syscalls.o
LOAD ..\obj\system_stm32f10x.o
LOAD ..\obj\stepperMotor.o
LOAD ..\obj\RelativeTimeLinkList.o
LOAD ..\obj\DMA_setting.o
LOAD ..\obj\Timer.o
LOAD ..\obj\startup_stm32f103xb.o
LOAD ..\obj\stm32f10x_tim.o
LOAD ..\obj\stm32f10x_gpio.o
LOAD ..\obj\SPI_setting.o
LOAD ..\obj\stm32f10x_rcc.o
LOAD ..\obj\projectStruct.o
LOAD ..\obj\Linklist.o
LOAD ..\obj\Motor.o
LOAD ..\obj\stm32f10x_spi.o
LOAD ..\obj\misc.o
LOAD ..\obj\main.o
LOAD ..\obj\Config.o
START GROUP
LOAD c:/program files/gnu tools arm embedded/4.9 2015q1/bin/../lib/gcc/arm-none-eabi/4.9.3/armv7-m\libgcc.a
LOAD c:/program files/gnu tools arm embedded/4.9 2015q1/bin/../lib/gcc/arm-none-eabi/4.9.3/../../../../arm-none-eabi/lib/armv7-m\libg.a
LOAD c:/program files/gnu tools arm embedded/4.9 2015q1/bin/../lib/gcc/arm-none-eabi/4.9.3/../../../../arm-none-eabi/lib/armv7-m\libc.a
END GROUP
LOAD c:/program files/gnu tools arm embedded/4.9 2015q1/bin/../lib/gcc/arm-none-eabi/4.9.3/armv7-m/crtend.o
LOAD c:/program files/gnu tools arm embedded/4.9 2015q1/bin/../lib/gcc/arm-none-eabi/4.9.3/armv7-m/crtn.o
OUTPUT(PCB Laser Etcher.elf elf32-littlearm)

.debug_info     0x00000000     0x762c
 .debug_info    0x00000000      0x473 ..\obj\stm32f10x_dma.o
 .debug_info    0x00000473      0x1d5 ..\obj\DMA.o
 .debug_info    0x00000648      0x23d ..\obj\GPIO_setting.o
 .debug_info    0x00000885      0x444 ..\obj\Timer_setting.o
 .debug_info    0x00000cc9      0x65c ..\obj\syscalls.o
 .debug_info    0x00001325      0x479 ..\obj\system_stm32f10x.o
 .debug_info    0x0000179e      0x4e3 ..\obj\RelativeTimeLinkList.o
 .debug_info    0x00001c81      0x2bb ..\obj\DMA_setting.o
 .debug_info    0x00001f3c      0x511 ..\obj\Timer.o
 .debug_info    0x0000244d       0xba ..\obj\startup_stm32f103xb.o
 .debug_info    0x00002507     0x1c58 ..\obj\stm32f10x_tim.o
 .debug_info    0x0000415f      0x6e7 ..\obj\stm32f10x_gpio.o
 .debug_info    0x00004846      0x301 ..\obj\SPI_setting.o
 .debug_info    0x00004b47      0x88d ..\obj\stm32f10x_rcc.o
 .debug_info    0x000053d4      0x259 ..\obj\Linklist.o
 .debug_info    0x0000562d      0x8f9 ..\obj\Motor.o
 .debug_info    0x00005f26      0x8f3 ..\obj\stm32f10x_spi.o
 .debug_info    0x00006819      0xe13 ..\obj\main.o

.debug_abbrev   0x00000000     0x1854
 .debug_abbrev  0x00000000      0x155 ..\obj\stm32f10x_dma.o
 .debug_abbrev  0x00000155       0xc7 ..\obj\DMA.o
 .debug_abbrev  0x0000021c      0x107 ..\obj\GPIO_setting.o
 .debug_abbrev  0x00000323      0x12e ..\obj\Timer_setting.o
 .debug_abbrev  0x00000451      0x171 ..\obj\syscalls.o
 .debug_abbrev  0x000005c2      0x14c ..\obj\system_stm32f10x.o
 .debug_abbrev  0x0000070e      0x13c ..\obj\RelativeTimeLinkList.o
 .debug_abbrev  0x0000084a      0x118 ..\obj\DMA_setting.o
 .debug_abbrev  0x00000962      0x183 ..\obj\Timer.o
 .debug_abbrev  0x00000ae5       0x12 ..\obj\startup_stm32f103xb.o
 .debug_abbrev  0x00000af7      0x1b0 ..\obj\stm32f10x_tim.o
 .debug_abbrev  0x00000ca7      0x1c8 ..\obj\stm32f10x_gpio.o
 .debug_abbrev  0x00000e6f      0x112 ..\obj\SPI_setting.o
 .debug_abbrev  0x00000f81      0x1ba ..\obj\stm32f10x_rcc.o
 .debug_abbrev  0x0000113b      0x10a ..\obj\Linklist.o
 .debug_abbrev  0x00001245      0x248 ..\obj\Motor.o
 .debug_abbrev  0x0000148d      0x17e ..\obj\stm32f10x_spi.o
 .debug_abbrev  0x0000160b      0x249 ..\obj\main.o

.debug_aranges  0x00000000      0x248
 .debug_aranges
                0x00000000       0x20 ..\obj\stm32f10x_dma.o
 .debug_aranges
                0x00000020       0x20 ..\obj\DMA.o
 .debug_aranges
                0x00000040       0x20 ..\obj\GPIO_setting.o
 .debug_aranges
                0x00000060       0x20 ..\obj\Timer_setting.o
 .debug_aranges
                0x00000080       0x20 ..\obj\syscalls.o
 .debug_aranges
                0x000000a0       0x20 ..\obj\system_stm32f10x.o
 .debug_aranges
                0x000000c0       0x20 ..\obj\RelativeTimeLinkList.o
 .debug_aranges
                0x000000e0       0x20 ..\obj\DMA_setting.o
 .debug_aranges
                0x00000100       0x20 ..\obj\Timer.o
 .debug_aranges
                0x00000120       0x28 ..\obj\startup_stm32f103xb.o
 .debug_aranges
                0x00000148       0x20 ..\obj\stm32f10x_tim.o
 .debug_aranges
                0x00000168       0x20 ..\obj\stm32f10x_gpio.o
 .debug_aranges
                0x00000188       0x20 ..\obj\SPI_setting.o
 .debug_aranges
                0x000001a8       0x20 ..\obj\stm32f10x_rcc.o
 .debug_aranges
                0x000001c8       0x20 ..\obj\Linklist.o
 .debug_aranges
                0x000001e8       0x20 ..\obj\Motor.o
 .debug_aranges
                0x00000208       0x20 ..\obj\stm32f10x_spi.o
 .debug_aranges
                0x00000228       0x20 ..\obj\main.o

.debug_line     0x00000000     0x2ba7
 .debug_line    0x00000000      0x2b3 ..\obj\stm32f10x_dma.o
 .debug_line    0x000002b3      0x174 ..\obj\DMA.o
 .debug_line    0x00000427      0x214 ..\obj\GPIO_setting.o
 .debug_line    0x0000063b      0x220 ..\obj\Timer_setting.o
 .debug_line    0x0000085b      0x15c ..\obj\syscalls.o
 .debug_line    0x000009b7      0x1fa ..\obj\system_stm32f10x.o
 .debug_line    0x00000bb1      0x20b ..\obj\RelativeTimeLinkList.o
 .debug_line    0x00000dbc      0x225 ..\obj\DMA_setting.o
 .debug_line    0x00000fe1      0x22b ..\obj\Timer.o
 .debug_line    0x0000120c       0xac ..\obj\startup_stm32f103xb.o
 .debug_line    0x000012b8      0x673 ..\obj\stm32f10x_tim.o
 .debug_line    0x0000192b      0x306 ..\obj\stm32f10x_gpio.o
 .debug_line    0x00001c31      0x22b ..\obj\SPI_setting.o
 .debug_line    0x00001e5c      0x361 ..\obj\stm32f10x_rcc.o
 .debug_line    0x000021bd      0x161 ..\obj\Linklist.o
 .debug_line    0x0000231e      0x28f ..\obj\Motor.o
 .debug_line    0x000025ad      0x32b ..\obj\stm32f10x_spi.o
 .debug_line    0x000028d8      0x2cf ..\obj\main.o

.debug_str      0x00000000     0x2bf6
 .debug_str     0x00000000      0x34f ..\obj\stm32f10x_dma.o
                                0x3c2 (size before relaxing)
 .debug_str     0x0000034f      0x11a ..\obj\DMA.o
                                0x261 (size before relaxing)
 .debug_str     0x00000469      0x170 ..\obj\GPIO_setting.o
                                0x2b8 (size before relaxing)
 .debug_str     0x000005d9      0x207 ..\obj\Timer_setting.o
                                0x37d (size before relaxing)
 .debug_str     0x000007e0      0x230 ..\obj\syscalls.o
                                0x39e (size before relaxing)
 .debug_str     0x00000a10      0x177 ..\obj\system_stm32f10x.o
                                0x2ee (size before relaxing)
 .debug_str     0x00000b87      0x1a2 ..\obj\RelativeTimeLinkList.o
                                0x3b5 (size before relaxing)
 .debug_str     0x00000d29       0xdd ..\obj\DMA_setting.o
                                0x2f1 (size before relaxing)
 .debug_str     0x00000e06       0xd2 ..\obj\Timer.o
                                0x422 (size before relaxing)
 .debug_str     0x00000ed8      0xa75 ..\obj\stm32f10x_tim.o
                                0xde8 (size before relaxing)
 .debug_str     0x0000194d      0x26a ..\obj\stm32f10x_gpio.o
                                0x524 (size before relaxing)
 .debug_str     0x00001bb7      0x110 ..\obj\SPI_setting.o
                                0x2e4 (size before relaxing)
 .debug_str     0x00001cc7      0x3fe ..\obj\stm32f10x_rcc.o
                                0x625 (size before relaxing)
 .debug_str     0x000020c5       0xa9 ..\obj\Linklist.o
                                0x29e (size before relaxing)
 .debug_str     0x0000216e      0x25e ..\obj\Motor.o
                                0x5bc (size before relaxing)
 .debug_str     0x000023cc      0x2e3 ..\obj\stm32f10x_spi.o
                                0x608 (size before relaxing)
 .debug_str     0x000026af      0x547 ..\obj\main.o
                                0xb10 (size before relaxing)

.comment        0x00000000       0x70
 .comment       0x00000000       0x70 ..\obj\stm32f10x_dma.o
                                 0x71 (size before relaxing)
 .comment       0x00000000       0x71 ..\obj\DMA.o
 .comment       0x00000000       0x71 ..\obj\GPIO_setting.o
 .comment       0x00000000       0x71 ..\obj\Timer_setting.o
 .comment       0x00000000       0x71 ..\obj\syscalls.o
 .comment       0x00000000       0x71 ..\obj\system_stm32f10x.o
 .comment       0x00000000       0x71 ..\obj\RelativeTimeLinkList.o
 .comment       0x00000000       0x71 ..\obj\DMA_setting.o
 .comment       0x00000000       0x71 ..\obj\Timer.o
 .comment       0x00000000       0x71 ..\obj\stm32f10x_tim.o
 .comment       0x00000000       0x71 ..\obj\stm32f10x_gpio.o
 .comment       0x00000000       0x71 ..\obj\SPI_setting.o
 .comment       0x00000000       0x71 ..\obj\stm32f10x_rcc.o
 .comment       0x00000000       0x71 ..\obj\Linklist.o
 .comment       0x00000000       0x71 ..\obj\Motor.o
 .comment       0x00000000       0x71 ..\obj\stm32f10x_spi.o
 .comment       0x00000000       0x71 ..\obj\main.o

.debug_frame    0x00000000     0x2a68
 .debug_frame   0x00000000      0x1c8 ..\obj\stm32f10x_dma.o
 .debug_frame   0x000001c8       0x34 ..\obj\DMA.o
 .debug_frame   0x000001fc       0x34 ..\obj\GPIO_setting.o
 .debug_frame   0x00000230       0xac ..\obj\Timer_setting.o
 .debug_frame   0x000002dc      0x2d4 ..\obj\syscalls.o
 .debug_frame   0x000005b0       0x98 ..\obj\system_stm32f10x.o
 .debug_frame   0x00000648      0x1bc ..\obj\RelativeTimeLinkList.o
 .debug_frame   0x00000804       0xac ..\obj\DMA_setting.o
 .debug_frame   0x000008b0       0xc8 ..\obj\Timer.o
 .debug_frame   0x00000978      0xe2c ..\obj\stm32f10x_tim.o
 .debug_frame   0x000017a4      0x2d0 ..\obj\stm32f10x_gpio.o
 .debug_frame   0x00001a74       0x5c ..\obj\SPI_setting.o
 .debug_frame   0x00001ad0      0x4f4 ..\obj\stm32f10x_rcc.o
 .debug_frame   0x00001fc4       0xcc ..\obj\Linklist.o
 .debug_frame   0x00002090      0x308 ..\obj\Motor.o
 .debug_frame   0x00002398      0x3a0 ..\obj\stm32f10x_spi.o
 .debug_frame   0x00002738      0x164 ..\obj\main.o
 .debug_frame   0x0000289c       0x20 c:/program files/gnu tools arm embedded/4.9 2015q1/bin/../lib/gcc/arm-none-eabi/4.9.3/../../../../arm-none-eabi/lib/armv7-m\libg.a(lib_a-errno.o)
 .debug_frame   0x000028bc       0x30 c:/program files/gnu tools arm embedded/4.9 2015q1/bin/../lib/gcc/arm-none-eabi/4.9.3/../../../../arm-none-eabi/lib/armv7-m\libg.a(lib_a-malloc.o)
 .debug_frame   0x000028ec       0x54 c:/program files/gnu tools arm embedded/4.9 2015q1/bin/../lib/gcc/arm-none-eabi/4.9.3/../../../../arm-none-eabi/lib/armv7-m\libg.a(lib_a-mallocr.o)
 .debug_frame   0x00002940       0x30 c:/program files/gnu tools arm embedded/4.9 2015q1/bin/../lib/gcc/arm-none-eabi/4.9.3/../../../../arm-none-eabi/lib/armv7-m\libg.a(lib_a-mlock.o)
 .debug_frame   0x00002970       0x2c c:/program files/gnu tools arm embedded/4.9 2015q1/bin/../lib/gcc/arm-none-eabi/4.9.3/../../../../arm-none-eabi/lib/armv7-m\libg.a(lib_a-sbrkr.o)
 .debug_frame   0x0000299c       0x74 c:/program files/gnu tools arm embedded/4.9 2015q1/bin/../lib/gcc/arm-none-eabi/4.9.3/../../../../arm-none-eabi/lib/armv7-m\libg.a(lib_a-freer.o)
 .debug_frame   0x00002a10       0x58 c:/program files/gnu tools arm embedded/4.9 2015q1/bin/../lib/gcc/arm-none-eabi/4.9.3/../../../../arm-none-eabi/lib/armv7-m\libg.a(lib_a-reent.o)

.debug_ranges   0x00000000       0x20
 .debug_ranges  0x00000000       0x20 ..\obj\startup_stm32f103xb.o
